CLDS:>>>>>>>>> Running inst-std-graphic-xtra-flameshot-fixD13-qt6-svg-plugins.sh ...
Reading package lists...
Building dependency tree...
Reading state information...
The following additional packages will be installed:
  libb2-1 libdouble-conversion3 libmd4c0 libopengl0 libpcre2-16-0
  libqt6core6t64 libqt6dbus6 libqt6gui6 libqt6svg6 libts0t64 libxcb-cursor0
  libxcb-icccm4 libxcb-image0 libxcb-keysyms1 libxcb-render-util0
  libxcb-xinput0 libxcb-xkb1 libxkbcommon-x11-0
Recommended packages:
  qt6-translations-l10n qt6-gtk-platformtheme qt6-qpa-plugins qt6-wayland
The following NEW packages will be installed:
  libb2-1 libdouble-conversion3 libmd4c0 libopengl0 libpcre2-16-0
  libqt6core6t64 libqt6dbus6 libqt6gui6 libqt6svg6 libts0t64 libxcb-cursor0
  libxcb-icccm4 libxcb-image0 libxcb-keysyms1 libxcb-render-util0
  libxcb-xinput0 libxcb-xkb1 libxkbcommon-x11-0 qt6-svg-plugins
0 upgraded, 19 newly installed, 0 to remove and 2 not upgraded.
Inst libb2-1 (0.98.1-1.1+b2 master_trixie-main trixie:trixie [amd64])
Inst libdouble-conversion3 (3.3.1-1 master_trixie-main trixie:trixie [amd64])
Inst libmd4c0 (0.5.2-2+b1 master_trixie-main trixie:trixie [amd64])
Inst libpcre2-16-0 (10.46-1~deb13u1 master_trixie-main trixie:trixie [amd64])
Inst libqt6core6t64 (6.8.2+dfsg-9+deb13u2 master_trixie-main trixie:trixie [amd64])
Inst libqt6dbus6 (6.8.2+dfsg-9+deb13u2 master_trixie-main trixie:trixie [amd64])
Inst libopengl0 (1.7.0-1+b2 master_trixie-main trixie:trixie [amd64])
Inst libts0t64 (1.22-1.1+b1 master_trixie-main trixie:trixie [amd64])
Inst libxcb-image0 (0.4.0-2+b2 master_trixie-main trixie:trixie [amd64])
Inst libxcb-render-util0 (0.3.10-1 master_trixie-main trixie:trixie [amd64])
Inst libxcb-cursor0 (0.1.5-1 master_trixie-main trixie:trixie [amd64])
Inst libxcb-icccm4 (0.4.2-1 master_trixie-main trixie:trixie [amd64])
Inst libxcb-keysyms1 (0.4.1-1 master_trixie-main trixie:trixie [amd64])
Inst libxcb-xinput0 (1.17.0-2+b1 master_trixie-main trixie:trixie [amd64])
Inst libxcb-xkb1 (1.17.0-2+b1 master_trixie-main trixie:trixie [amd64])
Inst libxkbcommon-x11-0 (1.7.0-2 master_trixie-main trixie:trixie [amd64])
Inst libqt6gui6 (6.8.2+dfsg-9+deb13u2 master_trixie-main trixie:trixie [amd64])
Inst libqt6svg6 (6.8.2-3 master_trixie-main trixie:trixie [amd64])
Inst qt6-svg-plugins (6.8.2-3 master_trixie-main trixie:trixie [amd64])
Conf libb2-1 (0.98.1-1.1+b2 master_trixie-main trixie:trixie [amd64])
Conf libdouble-conversion3 (3.3.1-1 master_trixie-main trixie:trixie [amd64])
Conf libmd4c0 (0.5.2-2+b1 master_trixie-main trixie:trixie [amd64])
Conf libpcre2-16-0 (10.46-1~deb13u1 master_trixie-main trixie:trixie [amd64])
Conf libqt6core6t64 (6.8.2+dfsg-9+deb13u2 master_trixie-main trixie:trixie [amd64])
Conf libqt6dbus6 (6.8.2+dfsg-9+deb13u2 master_trixie-main trixie:trixie [amd64])
Conf libopengl0 (1.7.0-1+b2 master_trixie-main trixie:trixie [amd64])
Conf libts0t64 (1.22-1.1+b1 master_trixie-main trixie:trixie [amd64])
Conf libxcb-image0 (0.4.0-2+b2 master_trixie-main trixie:trixie [amd64])
Conf libxcb-render-util0 (0.3.10-1 master_trixie-main trixie:trixie [amd64])
Conf libxcb-cursor0 (0.1.5-1 master_trixie-main trixie:trixie [amd64])
Conf libxcb-icccm4 (0.4.2-1 master_trixie-main trixie:trixie [amd64])
Conf libxcb-keysyms1 (0.4.1-1 master_trixie-main trixie:trixie [amd64])
Conf libxcb-xinput0 (1.17.0-2+b1 master_trixie-main trixie:trixie [amd64])
Conf libxcb-xkb1 (1.17.0-2+b1 master_trixie-main trixie:trixie [amd64])
Conf libxkbcommon-x11-0 (1.7.0-2 master_trixie-main trixie:trixie [amd64])
Conf libqt6gui6 (6.8.2+dfsg-9+deb13u2 master_trixie-main trixie:trixie [amd64])
Conf libqt6svg6 (6.8.2-3 master_trixie-main trixie:trixie [amd64])
Conf qt6-svg-plugins (6.8.2-3 master_trixie-main trixie:trixie [amd64])
Reading package lists...
Building dependency tree...
Reading state information...
The following additional packages will be installed:
  libb2-1 libdouble-conversion3 libduktape207 libpcre2-16-0 libproxy1v5
  libqt6core6t64 libqt6dbus6 libqt6network6
Recommended packages:
  qt6-translations-l10n
The following NEW packages will be installed:
  libb2-1 libdouble-conversion3 libduktape207 libkdsingleapplication-qt6-1.0
  libpcre2-16-0 libproxy1v5 libqt6core6t64 libqt6dbus6 libqt6network6
0 upgraded, 9 newly installed, 0 to remove and 2 not upgraded.
Inst libb2-1 (0.98.1-1.1+b2 master_trixie-main trixie:trixie [amd64])
Inst libdouble-conversion3 (3.3.1-1 master_trixie-main trixie:trixie [amd64])
Inst libduktape207 (2.7.0-2+b2 master_trixie-main trixie:trixie [amd64])
Inst libpcre2-16-0 (10.46-1~deb13u1 master_trixie-main trixie:trixie [amd64])
Inst libqt6core6t64 (6.8.2+dfsg-9+deb13u2 master_trixie-main trixie:trixie [amd64])
Inst libproxy1v5 (0.5.9-1 master_trixie-main trixie:trixie [amd64])
Inst libqt6dbus6 (6.8.2+dfsg-9+deb13u2 master_trixie-main trixie:trixie [amd64])
Inst libqt6network6 (6.8.2+dfsg-9+deb13u2 master_trixie-main trixie:trixie [amd64])
Inst libkdsingleapplication-qt6-1.0 (1.2.0-1~bpo13+1 master_trixie-backports-main trixie-backports:trixie-backports [amd64])
Conf libb2-1 (0.98.1-1.1+b2 master_trixie-main trixie:trixie [amd64])
Conf libdouble-conversion3 (3.3.1-1 master_trixie-main trixie:trixie [amd64])
Conf libduktape207 (2.7.0-2+b2 master_trixie-main trixie:trixie [amd64])
Conf libpcre2-16-0 (10.46-1~deb13u1 master_trixie-main trixie:trixie [amd64])
Conf libqt6core6t64 (6.8.2+dfsg-9+deb13u2 master_trixie-main trixie:trixie [amd64])
Conf libproxy1v5 (0.5.9-1 master_trixie-main trixie:trixie [amd64])
Conf libqt6dbus6 (6.8.2+dfsg-9+deb13u2 master_trixie-main trixie:trixie [amd64])
Conf libqt6network6 (6.8.2+dfsg-9+deb13u2 master_trixie-main trixie:trixie [amd64])
Conf libkdsingleapplication-qt6-1.0 (1.2.0-1~bpo13+1 master_trixie-backports-main trixie-backports:trixie-backports [amd64])
Reading package lists...
Building dependency tree...
Reading state information...
The following additional packages will be installed:
  libb2-1 libdouble-conversion3 libkf6guiaddons-data libmd4c0 libopengl0
  libpcre2-16-0 libqt6core6t64 libqt6dbus6 libqt6gui6 libqt6waylandclient6
  libts0t64 libxcb-cursor0 libxcb-icccm4 libxcb-image0 libxcb-keysyms1
  libxcb-render-util0 libxcb-xinput0 libxcb-xkb1 libxkbcommon-x11-0
Recommended packages:
  libkf6guiaddons-bin qt6-translations-l10n qt6-gtk-platformtheme
  qt6-qpa-plugins qt6-svg-plugins qt6-wayland
The following NEW packages will be installed:
  libb2-1 libdouble-conversion3 libkf6guiaddons-data libkf6guiaddons6 libmd4c0
  libopengl0 libpcre2-16-0 libqt6core6t64 libqt6dbus6 libqt6gui6
  libqt6waylandclient6 libts0t64 libxcb-cursor0 libxcb-icccm4 libxcb-image0
  libxcb-keysyms1 libxcb-render-util0 libxcb-xinput0 libxcb-xkb1
  libxkbcommon-x11-0
0 upgraded, 20 newly installed, 0 to remove and 2 not upgraded.
Inst libb2-1 (0.98.1-1.1+b2 master_trixie-main trixie:trixie [amd64])
Inst libdouble-conversion3 (3.3.1-1 master_trixie-main trixie:trixie [amd64])
Inst libkf6guiaddons-data (6.13.0-1 master_trixie-main trixie:trixie [all])
Inst libpcre2-16-0 (10.46-1~deb13u1 master_trixie-main trixie:trixie [amd64])
Inst libqt6core6t64 (6.8.2+dfsg-9+deb13u2 master_trixie-main trixie:trixie [amd64])
Inst libqt6dbus6 (6.8.2+dfsg-9+deb13u2 master_trixie-main trixie:trixie [amd64])
Inst libmd4c0 (0.5.2-2+b1 master_trixie-main trixie:trixie [amd64])
Inst libopengl0 (1.7.0-1+b2 master_trixie-main trixie:trixie [amd64])
Inst libts0t64 (1.22-1.1+b1 master_trixie-main trixie:trixie [amd64])
Inst libxcb-image0 (0.4.0-2+b2 master_trixie-main trixie:trixie [amd64])
Inst libxcb-render-util0 (0.3.10-1 master_trixie-main trixie:trixie [amd64])
Inst libxcb-cursor0 (0.1.5-1 master_trixie-main trixie:trixie [amd64])
Inst libxcb-icccm4 (0.4.2-1 master_trixie-main trixie:trixie [amd64])
Inst libxcb-keysyms1 (0.4.1-1 master_trixie-main trixie:trixie [amd64])
Inst libxcb-xinput0 (1.17.0-2+b1 master_trixie-main trixie:trixie [amd64])
Inst libxcb-xkb1 (1.17.0-2+b1 master_trixie-main trixie:trixie [amd64])
Inst libxkbcommon-x11-0 (1.7.0-2 master_trixie-main trixie:trixie [amd64])
Inst libqt6gui6 (6.8.2+dfsg-9+deb13u2 master_trixie-main trixie:trixie [amd64])
Inst libqt6waylandclient6 (6.8.2-4 master_trixie-main trixie:trixie [amd64])
Inst libkf6guiaddons6 (6.13.0-1 master_trixie-main trixie:trixie [amd64])
Conf libb2-1 (0.98.1-1.1+b2 master_trixie-main trixie:trixie [amd64])
Conf libdouble-conversion3 (3.3.1-1 master_trixie-main trixie:trixie [amd64])
Conf libkf6guiaddons-data (6.13.0-1 master_trixie-main trixie:trixie [all])
Conf libpcre2-16-0 (10.46-1~deb13u1 master_trixie-main trixie:trixie [amd64])
Conf libqt6core6t64 (6.8.2+dfsg-9+deb13u2 master_trixie-main trixie:trixie [amd64])
Conf libqt6dbus6 (6.8.2+dfsg-9+deb13u2 master_trixie-main trixie:trixie [amd64])
Conf libmd4c0 (0.5.2-2+b1 master_trixie-main trixie:trixie [amd64])
Conf libopengl0 (1.7.0-1+b2 master_trixie-main trixie:trixie [amd64])
Conf libts0t64 (1.22-1.1+b1 master_trixie-main trixie:trixie [amd64])
Conf libxcb-image0 (0.4.0-2+b2 master_trixie-main trixie:trixie [amd64])
Conf libxcb-render-util0 (0.3.10-1 master_trixie-main trixie:trixie [amd64])
Conf libxcb-cursor0 (0.1.5-1 master_trixie-main trixie:trixie [amd64])
Conf libxcb-icccm4 (0.4.2-1 master_trixie-main trixie:trixie [amd64])
Conf libxcb-keysyms1 (0.4.1-1 master_trixie-main trixie:trixie [amd64])
Conf libxcb-xinput0 (1.17.0-2+b1 master_trixie-main trixie:trixie [amd64])
Conf libxcb-xkb1 (1.17.0-2+b1 master_trixie-main trixie:trixie [amd64])
Conf libxkbcommon-x11-0 (1.7.0-2 master_trixie-main trixie:trixie [amd64])
Conf libqt6gui6 (6.8.2+dfsg-9+deb13u2 master_trixie-main trixie:trixie [amd64])
Conf libqt6waylandclient6 (6.8.2-4 master_trixie-main trixie:trixie [amd64])
Conf libkf6guiaddons6 (6.13.0-1 master_trixie-main trixie:trixie [amd64])
Reading package lists...
Building dependency tree...
Reading state information...
The following additional packages will be installed:
  libb2-1 libdouble-conversion3 libmd4c0 libopengl0 libpcre2-16-0
  libqt6core6t64 libqt6dbus6 libqt6gui6 libqt6widgets6 libts0t64
  libxcb-cursor0 libxcb-icccm4 libxcb-image0 libxcb-keysyms1
  libxcb-render-util0 libxcb-xinput0 libxcb-xkb1 libxkbcommon-x11-0
Recommended packages:
  qt6-translations-l10n qt6-gtk-platformtheme qt6-qpa-plugins qt6-svg-plugins
  qt6-wayland
The following NEW packages will be installed:
  libb2-1 libdouble-conversion3 libmd4c0 libopengl0 libpcre2-16-0
  libqt-color-widgets2 libqt6core6t64 libqt6dbus6 libqt6gui6 libqt6widgets6
  libts0t64 libxcb-cursor0 libxcb-icccm4 libxcb-image0 libxcb-keysyms1
  libxcb-render-util0 libxcb-xinput0 libxcb-xkb1 libxkbcommon-x11-0
0 upgraded, 19 newly installed, 0 to remove and 2 not upgraded.
Inst libb2-1 (0.98.1-1.1+b2 master_trixie-main trixie:trixie [amd64])
Inst libdouble-conversion3 (3.3.1-1 master_trixie-main trixie:trixie [amd64])
Inst libmd4c0 (0.5.2-2+b1 master_trixie-main trixie:trixie [amd64])
Inst libpcre2-16-0 (10.46-1~deb13u1 master_trixie-main trixie:trixie [amd64])
Inst libqt6core6t64 (6.8.2+dfsg-9+deb13u2 master_trixie-main trixie:trixie [amd64])
Inst libopengl0 (1.7.0-1+b2 master_trixie-main trixie:trixie [amd64])
Inst libqt6dbus6 (6.8.2+dfsg-9+deb13u2 master_trixie-main trixie:trixie [amd64])
Inst libts0t64 (1.22-1.1+b1 master_trixie-main trixie:trixie [amd64])
Inst libxcb-image0 (0.4.0-2+b2 master_trixie-main trixie:trixie [amd64])
Inst libxcb-render-util0 (0.3.10-1 master_trixie-main trixie:trixie [amd64])
Inst libxcb-cursor0 (0.1.5-1 master_trixie-main trixie:trixie [amd64])
Inst libxcb-icccm4 (0.4.2-1 master_trixie-main trixie:trixie [amd64])
Inst libxcb-keysyms1 (0.4.1-1 master_trixie-main trixie:trixie [amd64])
Inst libxcb-xinput0 (1.17.0-2+b1 master_trixie-main trixie:trixie [amd64])
Inst libxcb-xkb1 (1.17.0-2+b1 master_trixie-main trixie:trixie [amd64])
Inst libxkbcommon-x11-0 (1.7.0-2 master_trixie-main trixie:trixie [amd64])
Inst libqt6gui6 (6.8.2+dfsg-9+deb13u2 master_trixie-main trixie:trixie [amd64])
Inst libqt6widgets6 (6.8.2+dfsg-9+deb13u2 master_trixie-main trixie:trixie [amd64])
Inst libqt-color-widgets2 (3.0.0-2~bpo13+1 master_trixie-backports-main trixie-backports:trixie-backports [amd64])
Conf libb2-1 (0.98.1-1.1+b2 master_trixie-main trixie:trixie [amd64])
Conf libdouble-conversion3 (3.3.1-1 master_trixie-main trixie:trixie [amd64])
Conf libmd4c0 (0.5.2-2+b1 master_trixie-main trixie:trixie [amd64])
Conf libpcre2-16-0 (10.46-1~deb13u1 master_trixie-main trixie:trixie [amd64])
Conf libqt6core6t64 (6.8.2+dfsg-9+deb13u2 master_trixie-main trixie:trixie [amd64])
Conf libopengl0 (1.7.0-1+b2 master_trixie-main trixie:trixie [amd64])
Conf libqt6dbus6 (6.8.2+dfsg-9+deb13u2 master_trixie-main trixie:trixie [amd64])
Conf libts0t64 (1.22-1.1+b1 master_trixie-main trixie:trixie [amd64])
Conf libxcb-image0 (0.4.0-2+b2 master_trixie-main trixie:trixie [amd64])
Conf libxcb-render-util0 (0.3.10-1 master_trixie-main trixie:trixie [amd64])
Conf libxcb-cursor0 (0.1.5-1 master_trixie-main trixie:trixie [amd64])
Conf libxcb-icccm4 (0.4.2-1 master_trixie-main trixie:trixie [amd64])
Conf libxcb-keysyms1 (0.4.1-1 master_trixie-main trixie:trixie [amd64])
Conf libxcb-xinput0 (1.17.0-2+b1 master_trixie-main trixie:trixie [amd64])
Conf libxcb-xkb1 (1.17.0-2+b1 master_trixie-main trixie:trixie [amd64])
Conf libxkbcommon-x11-0 (1.7.0-2 master_trixie-main trixie:trixie [amd64])
Conf libqt6gui6 (6.8.2+dfsg-9+deb13u2 master_trixie-main trixie:trixie [amd64])
Conf libqt6widgets6 (6.8.2+dfsg-9+deb13u2 master_trixie-main trixie:trixie [amd64])
Conf libqt-color-widgets2 (3.0.0-2~bpo13+1 master_trixie-backports-main trixie-backports:trixie-backports [amd64])
Reading package lists...
Building dependency tree...
Reading state information...
The following additional packages will be installed:
  libb2-1 libdouble-conversion3 libmd4c0 libopengl0 libpcre2-16-0
  libqt6core6t64 libqt6dbus6 libqt6gui6 libts0t64 libxcb-cursor0 libxcb-icccm4
  libxcb-image0 libxcb-keysyms1 libxcb-render-util0 libxcb-xinput0 libxcb-xkb1
  libxkbcommon-x11-0
Recommended packages:
  qt6-translations-l10n qt6-gtk-platformtheme qt6-qpa-plugins qt6-svg-plugins
  qt6-wayland
The following NEW packages will be installed:
  libb2-1 libdouble-conversion3 libmd4c0 libopengl0 libpcre2-16-0
  libqt6core6t64 libqt6dbus6 libqt6gui6 libqt6widgets6 libts0t64
  libxcb-cursor0 libxcb-icccm4 libxcb-image0 libxcb-keysyms1
  libxcb-render-util0 libxcb-xinput0 libxcb-xkb1 libxkbcommon-x11-0
0 upgraded, 18 newly installed, 0 to remove and 2 not upgraded.
Inst libb2-1 (0.98.1-1.1+b2 master_trixie-main trixie:trixie [amd64])
Inst libdouble-conversion3 (3.3.1-1 master_trixie-main trixie:trixie [amd64])
Inst libmd4c0 (0.5.2-2+b1 master_trixie-main trixie:trixie [amd64])
Inst libpcre2-16-0 (10.46-1~deb13u1 master_trixie-main trixie:trixie [amd64])
Inst libqt6core6t64 (6.8.2+dfsg-9+deb13u2 master_trixie-main trixie:trixie [amd64])
Inst libqt6dbus6 (6.8.2+dfsg-9+deb13u2 master_trixie-main trixie:trixie [amd64])
Inst libopengl0 (1.7.0-1+b2 master_trixie-main trixie:trixie [amd64])
Inst libts0t64 (1.22-1.1+b1 master_trixie-main trixie:trixie [amd64])
Inst libxcb-image0 (0.4.0-2+b2 master_trixie-main trixie:trixie [amd64])
Inst libxcb-render-util0 (0.3.10-1 master_trixie-main trixie:trixie [amd64])
Inst libxcb-cursor0 (0.1.5-1 master_trixie-main trixie:trixie [amd64])
Inst libxcb-icccm4 (0.4.2-1 master_trixie-main trixie:trixie [amd64])
Inst libxcb-keysyms1 (0.4.1-1 master_trixie-main trixie:trixie [amd64])
Inst libxcb-xinput0 (1.17.0-2+b1 master_trixie-main trixie:trixie [amd64])
Inst libxcb-xkb1 (1.17.0-2+b1 master_trixie-main trixie:trixie [amd64])
Inst libxkbcommon-x11-0 (1.7.0-2 master_trixie-main trixie:trixie [amd64])
Inst libqt6gui6 (6.8.2+dfsg-9+deb13u2 master_trixie-main trixie:trixie [amd64])
Inst libqt6widgets6 (6.8.2+dfsg-9+deb13u2 master_trixie-main trixie:trixie [amd64])
Conf libb2-1 (0.98.1-1.1+b2 master_trixie-main trixie:trixie [amd64])
Conf libdouble-conversion3 (3.3.1-1 master_trixie-main trixie:trixie [amd64])
Conf libmd4c0 (0.5.2-2+b1 master_trixie-main trixie:trixie [amd64])
Conf libpcre2-16-0 (10.46-1~deb13u1 master_trixie-main trixie:trixie [amd64])
Conf libqt6core6t64 (6.8.2+dfsg-9+deb13u2 master_trixie-main trixie:trixie [amd64])
Conf libqt6dbus6 (6.8.2+dfsg-9+deb13u2 master_trixie-main trixie:trixie [amd64])
Conf libopengl0 (1.7.0-1+b2 master_trixie-main trixie:trixie [amd64])
Conf libts0t64 (1.22-1.1+b1 master_trixie-main trixie:trixie [amd64])
Conf libxcb-image0 (0.4.0-2+b2 master_trixie-main trixie:trixie [amd64])
Conf libxcb-render-util0 (0.3.10-1 master_trixie-main trixie:trixie [amd64])
Conf libxcb-cursor0 (0.1.5-1 master_trixie-main trixie:trixie [amd64])
Conf libxcb-icccm4 (0.4.2-1 master_trixie-main trixie:trixie [amd64])
Conf libxcb-keysyms1 (0.4.1-1 master_trixie-main trixie:trixie [amd64])
Conf libxcb-xinput0 (1.17.0-2+b1 master_trixie-main trixie:trixie [amd64])
Conf libxcb-xkb1 (1.17.0-2+b1 master_trixie-main trixie:trixie [amd64])
Conf libxkbcommon-x11-0 (1.7.0-2 master_trixie-main trixie:trixie [amd64])
Conf libqt6gui6 (6.8.2+dfsg-9+deb13u2 master_trixie-main trixie:trixie [amd64])
Conf libqt6widgets6 (6.8.2+dfsg-9+deb13u2 master_trixie-main trixie:trixie [amd64])
Reading package lists...
Building dependency tree...
Reading state information...
The following additional packages will be installed:
  libb2-1 libdouble-conversion3 libduktape207 libpcre2-16-0 libproxy1v5
  libqt6core6t64 libqt6dbus6 libqt6network6
Recommended packages:
  qt6-translations-l10n
The following NEW packages will be installed:
  libb2-1 libdouble-conversion3 libduktape207 libkdsingleapplication-qt6-1.0
  libpcre2-16-0 libproxy1v5 libqt6core6t64 libqt6dbus6 libqt6network6
0 upgraded, 9 newly installed, 0 to remove and 2 not upgraded.
Inst libb2-1 (0.98.1-1.1+b2 master_trixie-main trixie:trixie [amd64])
Inst libdouble-conversion3 (3.3.1-1 master_trixie-main trixie:trixie [amd64])
Inst libduktape207 (2.7.0-2+b2 master_trixie-main trixie:trixie [amd64])
Inst libpcre2-16-0 (10.46-1~deb13u1 master_trixie-main trixie:trixie [amd64])
Inst libqt6core6t64 (6.8.2+dfsg-9+deb13u2 master_trixie-main trixie:trixie [amd64])
Inst libproxy1v5 (0.5.9-1 master_trixie-main trixie:trixie [amd64])
Inst libqt6dbus6 (6.8.2+dfsg-9+deb13u2 master_trixie-main trixie:trixie [amd64])
Inst libqt6network6 (6.8.2+dfsg-9+deb13u2 master_trixie-main trixie:trixie [amd64])
Inst libkdsingleapplication-qt6-1.0 (1.2.0-1~bpo13+1 master_trixie-backports-main trixie-backports:trixie-backports [amd64])
Conf libb2-1 (0.98.1-1.1+b2 master_trixie-main trixie:trixie [amd64])
Conf libdouble-conversion3 (3.3.1-1 master_trixie-main trixie:trixie [amd64])
Conf libduktape207 (2.7.0-2+b2 master_trixie-main trixie:trixie [amd64])
Conf libpcre2-16-0 (10.46-1~deb13u1 master_trixie-main trixie:trixie [amd64])
Conf libqt6core6t64 (6.8.2+dfsg-9+deb13u2 master_trixie-main trixie:trixie [amd64])
Conf libproxy1v5 (0.5.9-1 master_trixie-main trixie:trixie [amd64])
Conf libqt6dbus6 (6.8.2+dfsg-9+deb13u2 master_trixie-main trixie:trixie [amd64])
Conf libqt6network6 (6.8.2+dfsg-9+deb13u2 master_trixie-main trixie:trixie [amd64])
Conf libkdsingleapplication-qt6-1.0 (1.2.0-1~bpo13+1 master_trixie-backports-main trixie-backports:trixie-backports [amd64])
CLDS: * Install qt6-svg-plugins.
CLDS: * Disk size = 5808224K. Space Used = 40K. Runtime = 00:00:00:02.
