7zip
adduser
alsa-utils
amd64-microcode
apt
apt-transport-https
apt-utils
atmel-firmware
b43-fwcutter
base-files
base-passwd
bash
bluez-firmware
bsdutils
btrfs-progs
busybox
bzip2
coreutils
cpio
cron
cron-daemon-common
dash
dbus
dbus-bin
dbus-daemon
dbus-session-bus-common
dbus-system-bus-common
deb-multimedia-keyring
debconf
debconf-i18n
debconf-utils
debian-archive-keyring
debianutils
debootstrap
dhcpcd-base
dialog
diffutils
dirmngr
distro-info
distro-info-data
dmidecode
dmsetup
dosfstools
dpkg
dracut-install
e2fsprogs
exfat-fuse
fdisk
findutils
firmware-amd-graphics
firmware-atheros
firmware-bnx2
firmware-bnx2x
firmware-brcm80211
firmware-ipw2x00
firmware-ivtv
firmware-iwlwifi
firmware-libertas
firmware-linux
firmware-linux-free
firmware-linux-nonfree
firmware-misc-nonfree
firmware-qlogic
firmware-realtek
firmware-zd1211
fontconfig-config
fonts-dejavu-core
fonts-dejavu-mono
fuse3
gcc-14-base
gnupg
gnupg-l10n
gpg
gpg-agent
gpgconf
gpgsm
gpgv
grep
gzip
hfsprogs
hostname
ifupdown
init
init-system-helpers
initramfs-tools
initramfs-tools-bin
initramfs-tools-core
intel-microcode
iproute2
iputils-ping
isolinux
iucode-tool
jmtpfs
keyboard-configuration
klibc-utils
kmod
less
libacl1
libapparmor1
libapt-pkg7.0
libasound2-data
libasound2t64
libassuan9
libatomic1
libatopology2t64
libattr1
libaudit-common
libaudit1
libblkid1
libbluetooth3
libbpf1
libbrotli1
libbsd0
libburn4t64
libbz2-1.0
libc-bin
libc-l10n
libc6
libcap-ng0
libcap2
libcap2-bin
libcom-err2
libcrypt1
libcurl3t64-gnutls
libdb5.3t64
libdbus-1-3
libdebconfclient0
libdevmapper1.02.1
libdialog15
libdrm-amdgpu1
libdrm-common
libdrm-intel1
libdrm-nouveau2
libdrm-radeon1
libdrm2
libedit2
libegl-mesa0
libegl1
libelf1t64
libepoxy0
libevdev2
libexpat1
libext2fs2t64
libfdisk1
libffi8
libfftw3-single3
libfontconfig1
libfontenc1
libfreetype6
libfuse2t64
libfuse3-4
libgbm1
libgcc-s1
libgcrypt20
libgdbm-compat4t64
libgdbm6t64
libgl1
libgl1-mesa-dri
libglib2.0-0t64
libglvnd0
libglx-mesa0
libglx0
libgmp10
libgnutls30t64
libgomp1
libgpg-error0
libgssapi-krb5-2
libgudev-1.0-0
libhogweed6t64
libice6
libidn2-0
libinput-bin
libinput10
libisoburn1t64
libisofs6t64
libjansson4
libjte2
libk5crypto3
libkeyutils1
libklibc
libkmod2
libkrb5-3
libkrb5support0
libksba8
liblastlog2-2
libldap2
libllvm19
liblocale-gettext-perl
liblz4-1
liblzma5
liblzo2-2
libmagic-mgc
libmagic1t64
libmd0
libmm-glib0
libmnl0
libmount1
libmtdev1t64
libmtp-common
libmtp9t64
libncursesw6
libndp0
libnettle8t64
libnewt0.52
libnftables1
libnftnl11
libnghttp2-14
libnghttp3-9
libngtcp2-16
libngtcp2-crypto-gnutls8
libnl-3-200
libnl-genl-3-200
libnl-route-3-200
libnm0
libnpth0t64
libntfs-3g89t64
libp11-kit0
libpam-modules
libpam-modules-bin
libpam-runtime
libpam0g
libparted2t64
libpci3
libpciaccess0
libpcre2-8-0
libpcsclite1
libperl5.40
libpixman-1-0
libpng16-16t64
libpopt0
libproc2-0
libpsl5t64
libreadline8t64
libreiserfscore0t64
librtmp1
libsamplerate0
libsasl2-2
libsasl2-modules-db
libseccomp2
libselinux1
libsemanage-common
libsemanage2
libsensors-config
libsensors5
libsepol2
libslang2
libsm6
libsmartcols1
libsqlite3-0
libss2
libssh2-1t64
libssl3t64
libstdc++6
libsystemd-shared
libsystemd0
libtasn1-6
libteamdctl0
libtext-charwidth-perl
libtext-iconv-perl
libtext-wrapi18n-perl
libtinfo6
libtirpc-common
libtirpc3t64
libudev1
libunistring5
libunwind8
libusb-1.0-0
libuuid1
libvulkan1
libwacom-common
libwacom9
libwayland-client0
libx11-6
libx11-data
libx11-xcb1
libxatracker2
libxau6
libxaw7
libxcb-dri2-0
libxcb-dri3-0
libxcb-glx0
libxcb-present0
libxcb-randr0
libxcb-shape0
libxcb-shm0
libxcb-sync1
libxcb-util1
libxcb-xfixes0
libxcb1
libxcomposite1
libxcursor1
libxcvt0
libxdamage1
libxdmcp6
libxext6
libxfixes3
libxfont2
libxft2
libxi6
libxinerama1
libxkbfile1
libxml2
libxmu6
libxmuu1
libxpm4
libxrandr2
libxrender1
libxshmfence1
libxss1
libxt6t64
libxtables12
libxtst6
libxv1
libxvmc1
libxxf86dga1
libxxf86vm1
libxxhash0
libz3-4
libzstd1
linux-base
linux-image-6.17.8+deb13-amd64
linux-image-amd64
linux-sysctl-defaults
live-boot
live-boot-initramfs-tools
localepurge
locales
login
login.defs
logrotate
logsave
mawk
menu
mesa-libgallium
mount
nano
ncurses-base
ncurses-bin
net-tools
netbase
network-manager
nftables
ntfs-3g
numlockx
openssl-provider-legacy
p7zip-full
parted
passwd
pci.ids
pciutils
perl
perl-base
perl-modules-5.40
pinentry-curses
procps
rar
readline-common
rename
rsync
sed
sensible-utils
squashfs-tools
sqv
systemd
systemd-sysv
sysvinit-utils
tar
tzdata
ucf
udev
udevil
unrar
unzip
usr-is-merged
util-linux
vim-common
vim-tiny
wget
whiptail
wmctrl
wpasupplicant
x11-common
x11-utils
x11-xkb-utils
xauth
xinit
xkb-data
xorriso
xserver-common
xserver-xorg
xserver-xorg-core
xserver-xorg-input-all
xserver-xorg-input-libinput
xserver-xorg-video-all
xserver-xorg-video-amdgpu
xserver-xorg-video-ati
xserver-xorg-video-fbdev
xserver-xorg-video-intel
xserver-xorg-video-mga
xserver-xorg-video-nouveau
xserver-xorg-video-qxl
xserver-xorg-video-radeon
xserver-xorg-video-vesa
xserver-xorg-video-vmware
zip
zlib1g
zpaq
