Desired=Unknown/Install/Remove/Purge/Hold
| Status=Not/Inst/Conf-files/Unpacked/halF-conf/Half-inst/trig-aWait/Trig-pend
|/ Err?=(none)/Reinst-required (Status,Err: uppercase=bad)
||/ Name                           Version                               Architecture Description
+++-==============================-=====================================-============-===========================================================================
ii  7zip                           25.01+dfsg-1~deb13u1                  amd64        7-Zip file archiver with a high compression ratio
ii  adduser                        3.152                                 all          add and remove users and groups
ii  alsa-utils                     1.2.14-1                              amd64        Utilities for configuring and using ALSA
ii  amd64-microcode                3.20250311.1                          amd64        Platform firmware and microcode for AMD CPUs and SoCs
ii  apt                            3.0.3                                 amd64        commandline package manager
ii  apt-transport-https            3.0.3                                 all          transitional package for https support
ii  apt-utils                      3.0.3                                 amd64        package management related utility programs
ii  atmel-firmware                 1.3-7.1                               all          Firmware for Atmel at76c50x wireless networking chips.
ii  b43-fwcutter                   1:019-14                              amd64        utility for extracting Broadcom 43xx firmware
ii  base-files                     13.8+deb13u2                          amd64        Debian base system miscellaneous files
ii  base-passwd                    3.6.7                                 amd64        Debian base system master password and group files
ii  bash                           5.2.37-2+b5                           amd64        GNU Bourne Again SHell
ii  bluez-firmware                 1.2-13                                all          Firmware for Bluetooth devices
ii  bsdutils                       1:2.41-5                              amd64        basic utilities from 4.4BSD-Lite
ii  btrfs-progs                    6.14-1                                amd64        Checksumming Copy on Write Filesystem utilities
ii  busybox                        1:1.37.0-6+b3                         amd64        Tiny utilities for small and embedded systems
ii  bzip2                          1.0.8-6                               amd64        high-quality block-sorting file compressor - utilities
ii  coreutils                      9.7-3                                 amd64        GNU core utilities
ii  cpio                           2.15+dfsg-2                           amd64        GNU cpio -- a program to manage archives of files
ii  cron                           3.0pl1-197                            amd64        process scheduling daemon
ii  cron-daemon-common             3.0pl1-197                            all          process scheduling daemon's configuration files
ii  dash                           0.5.12-12                             amd64        POSIX-compliant shell
ii  dbus                           1.16.2-2                              amd64        simple interprocess messaging system (system message bus)
ii  dbus-bin                       1.16.2-2                              amd64        simple interprocess messaging system (command line utilities)
ii  dbus-daemon                    1.16.2-2                              amd64        simple interprocess messaging system (reference message bus)
ii  dbus-session-bus-common        1.16.2-2                              all          simple interprocess messaging system (session bus configuration)
ii  dbus-system-bus-common         1.16.2-2                              all          simple interprocess messaging system (system bus configuration)
ii  deb-multimedia-keyring         2016.8.1                              all          GnuPG archive key of the deb-multimedia repository
ii  debconf                        1.5.91                                all          Debian configuration management system
ii  debconf-i18n                   1.5.91                                all          full internationalization support for debconf
ii  debconf-utils                  1.5.91                                all          debconf utilities
ii  debian-archive-keyring         2025.1                                all          OpenPGP archive certificates of the Debian archive
ii  debianutils                    5.23.2                                amd64        Miscellaneous utilities specific to Debian
ii  debootstrap                    1.0.141                               all          Bootstrap a basic Debian system
ii  dhcpcd-base                    1:10.3.0-2~bpo13+1                    amd64        DHCPv4 and DHCPv6 dual-stack client (binaries and exit hooks)
ii  dialog                         1.3-20250116-1                        amd64        Displays user-friendly dialog boxes from shell scripts
ii  diffutils                      1:3.10-4                              amd64        File comparison utilities
ii  dirmngr                        2.4.7-21+b3                           amd64        GNU privacy guard - network certificate management service
ii  distro-info                    1.13                                  amd64        provides information about the distributions' releases
ii  distro-info-data               0.66+deb13u1                          all          information about the distributions' releases (data files)
ii  dmidecode                      3.6-2                                 amd64        SMBIOS/DMI table decoder
ii  dmsetup                        2:1.02.205-2                          amd64        Linux Kernel Device Mapper userspace library
ii  dosfstools                     4.2-1.2                               amd64        utilities for making and checking MS-DOS FAT filesystems
ii  dpkg                           1.22.21                               amd64        Debian package management system
ii  dracut-install                 106-6                                 amd64        dracut is an event driven initramfs infrastructure (dracut-install)
ii  e2fsprogs                      1.47.2-3+b3                           amd64        ext2/ext3/ext4 file system utilities
ii  exfat-fuse                     1.4.0-3+b1                            amd64        read and write exFAT driver for FUSE
ii  fdisk                          2.41-5                                amd64        collection of partitioning utilities
ii  findutils                      4.10.0-3                              amd64        utilities for finding files--find, xargs
ii  firmware-amd-graphics          20250410-2                            all          Binary firmware for AMD/ATI graphics and NPU chips
ii  firmware-atheros               20250410-2                            all          Binary firmware for Qualcomm Atheros wireless cards
ii  firmware-bnx2                  20250410-2                            all          Binary firmware for Broadcom NetXtremeII
ii  firmware-bnx2x                 20250410-2                            all          Binary firmware for Broadcom NetXtreme II 10Gb
ii  firmware-brcm80211             20250410-2                            all          Binary firmware for Broadcom/Cypress 802.11 wireless cards
ii  firmware-ipw2x00               20250410-2                            all          Binary firmware for Intel Pro Wireless 2100, 2200 and 2915
ii  firmware-ivtv                  20250410-2                            all          Binary firmware for iTVC15-family MPEG codecs (ivtv and pvrusb2 drivers)
ii  firmware-iwlwifi               20250410-2                            all          Binary firmware for Intel Wireless cards
ii  firmware-libertas              20250410-2                            all          Binary firmware for Marvell wireless cards
ii  firmware-linux                 20250410-2                            all          Binary firmware for various drivers in the Linux kernel (metapackage)
ii  firmware-linux-free            20241210-2                            all          Binary firmware for various drivers in the Linux kernel
ii  firmware-linux-nonfree         20250410-2                            all          Binary firmware for various drivers in the Linux kernel (metapackage)
ii  firmware-misc-nonfree          20250410-2                            all          Binary firmware for various drivers in the Linux kernel
ii  firmware-qlogic                20250410-2                            all          Binary firmware for QLogic HBAs
ii  firmware-realtek               20250410-2                            all          Binary firmware for Realtek network and audio chips
ii  firmware-zd1211                1:1.5-13                              all          binary firmware for the zd1211rw wireless driver
ii  fontconfig-config              2.15.0-2.3                            amd64        generic font configuration library - configuration
ii  fonts-dejavu-core              2.37-8                                all          Vera font family derivate with additional characters
ii  fonts-dejavu-mono              2.37-8                                all          Vera font family derivate with additional characters
ii  fuse3                          3.17.2-3                              amd64        Filesystem in Userspace (3.x version)
ii  gcc-14-base:amd64              14.2.0-19                             amd64        GCC, the GNU Compiler Collection (base package)
ii  gnupg                          2.4.7-21                              all          GNU privacy guard - a free PGP replacement
ii  gnupg-l10n                     2.4.7-21                              all          GNU privacy guard - localization files
ii  gpg                            2.4.7-21+b3                           amd64        GNU Privacy Guard -- minimalist public key operations
ii  gpg-agent                      2.4.7-21+b3                           amd64        GNU privacy guard - cryptographic agent
ii  gpgconf                        2.4.7-21+b3                           amd64        GNU privacy guard - core configuration utilities
ii  gpgsm                          2.4.7-21+b3                           amd64        GNU privacy guard - S/MIME version
ii  gpgv                           2.4.7-21+b3                           amd64        GNU privacy guard - signature verification tool
ii  grep                           3.11-4                                amd64        GNU grep, egrep and fgrep
ii  gzip                           1.13-1                                amd64        GNU compression utilities
ii  hfsprogs                       540.1.linux3-6                        amd64        mkfs and fsck for HFS and HFS+ file systems
ii  hostname                       3.25                                  amd64        utility to set/show the host name or domain name
ii  ifupdown                       0.8.44                                amd64        high level tools to configure network interfaces
ii  init                           1.69~deb13u1                          amd64        metapackage ensuring an init system is installed
ii  init-system-helpers            1.69~deb13u1                          all          helper tools for all init systems
ii  initramfs-tools                0.148.3                               all          generic modular initramfs generator (automation)
ii  initramfs-tools-bin            0.148.3                               amd64        generic modular initramfs generator (binary tools)
ii  initramfs-tools-core           0.148.3                               all          generic modular initramfs generator (core tools)
ii  intel-microcode                3.20250812.1~deb13u1                  amd64        Processor microcode firmware for Intel CPUs
ii  iproute2                       6.15.0-1                              amd64        networking and traffic control tools
ii  iputils-ping                   3:20240905-3                          amd64        Tools to test the reachability of network hosts
ii  isolinux                       3:6.04~git20190206.bf6db5b4+dfsg1-3.1 all          collection of bootloaders (ISO 9660 bootloader)
ii  iucode-tool                    2.3.1-3                               amd64        Intel processor microcode tool
ii  jmtpfs                         0.5-4+b1                              amd64        FUSE based filesystem for accessing MTP devices
ii  keyboard-configuration         1.242~deb13u1                         all          system-wide keyboard preferences
ii  klibc-utils                    2.0.14-1                              amd64        small utilities built with klibc for early boot
ii  kmod                           34.2-2                                amd64        tools for managing Linux kernel modules
ii  less                           668-1                                 amd64        pager program similar to more
ii  libacl1:amd64                  2.3.2-2+b1                            amd64        access control list - shared library
ii  libapparmor1:amd64             4.1.0-1                               amd64        changehat AppArmor library
ii  libapt-pkg7.0:amd64            3.0.3                                 amd64        package management runtime library
ii  libasound2-data                1.2.14-1                              all          Configuration files and profiles for ALSA drivers
ii  libasound2t64:amd64            1.2.14-1                              amd64        shared library for ALSA applications
ii  libassuan9:amd64               3.0.2-2                               amd64        IPC library for the GnuPG components
ii  libatomic1:amd64               14.2.0-19                             amd64        support library providing __atomic built-in functions
ii  libatopology2t64:amd64         1.2.14-1                              amd64        shared library for handling ALSA topology definitions
ii  libattr1:amd64                 1:2.5.2-3                             amd64        extended attribute handling - shared library
ii  libaudit-common                1:4.0.2-2                             all          Dynamic library for security auditing - common files
ii  libaudit1:amd64                1:4.0.2-2+b2                          amd64        Dynamic library for security auditing
ii  libblkid1:amd64                2.41-5                                amd64        block device ID library
ii  libbluetooth3:amd64            5.82-1.1                              amd64        Library to use the BlueZ Linux Bluetooth stack
ii  libbpf1:amd64                  1:1.5.0-3                             amd64        eBPF helper library (shared library)
ii  libbrotli1:amd64               1.1.0-2+b7                            amd64        library implementing brotli encoder and decoder (shared libraries)
ii  libbsd0:amd64                  0.12.2-2                              amd64        utility functions from BSD systems - shared library
ii  libburn4t64:amd64              1.5.6-1.1+b1                          amd64        library to provide CD/DVD/BD writing functions
ii  libbz2-1.0:amd64               1.0.8-6                               amd64        high-quality block-sorting file compressor library - runtime
ii  libc-bin                       2.41-12                               amd64        GNU C Library: Binaries
ii  libc-l10n                      2.41-12                               all          GNU C Library: localization files
ii  libc6:amd64                    2.41-12                               amd64        GNU C Library: Shared libraries
ii  libcap-ng0:amd64               0.8.5-4+b1                            amd64        alternate POSIX capabilities library
ii  libcap2:amd64                  1:2.75-10+b1                          amd64        POSIX 1003.1e capabilities (library)
ii  libcap2-bin                    1:2.75-10+b1                          amd64        POSIX 1003.1e capabilities (utilities)
ii  libcom-err2:amd64              1.47.2-3+b3                           amd64        common error description library
ii  libcrypt1:amd64                1:4.4.38-1                            amd64        libcrypt shared library
ii  libcurl3t64-gnutls:amd64       8.14.1-2+deb13u2                      amd64        easy-to-use client-side URL transfer library (GnuTLS flavour)
ii  libdb5.3t64:amd64              5.3.28+dfsg2-9                        amd64        Berkeley v5.3 Database Libraries [runtime]
ii  libdbus-1-3:amd64              1.16.2-2                              amd64        simple interprocess messaging system (library)
ii  libdebconfclient0:amd64        0.280                                 amd64        Debian Configuration Management System (C-implementation library)
ii  libdevmapper1.02.1:amd64       2:1.02.205-2                          amd64        Linux Kernel Device Mapper userspace library
ii  libdialog15:amd64              1.3-20250116-1                        amd64        Displays user-friendly dialog boxes -- shared library
ii  libdrm-amdgpu1:amd64           2.4.124-2                             amd64        Userspace interface to amdgpu-specific kernel DRM services -- runtime
ii  libdrm-common                  2.4.124-2                             all          Userspace interface to kernel DRM services -- common files
ii  libdrm-intel1:amd64            2.4.124-2                             amd64        Userspace interface to intel-specific kernel DRM services -- runtime
ii  libdrm-nouveau2:amd64          2.4.124-2                             amd64        Userspace interface to nouveau-specific kernel DRM services -- runtime
ii  libdrm-radeon1:amd64           2.4.124-2                             amd64        Userspace interface to radeon-specific kernel DRM services -- runtime
ii  libdrm2:amd64                  2.4.124-2                             amd64        Userspace interface to kernel DRM services -- runtime
ii  libedit2:amd64                 3.1-20250104-1                        amd64        BSD editline and history libraries
ii  libegl-mesa0:amd64             25.2.6-1~bpo13+1                      amd64        free implementation of the EGL API -- Mesa vendor library
ii  libegl1:amd64                  1.7.0-1+b2                            amd64        Vendor neutral GL dispatch library -- EGL support
ii  libelf1t64:amd64               0.193-3~bpo13+1                       amd64        library to read and write ELF files
ii  libepoxy0:amd64                1.5.10-2                              amd64        OpenGL function pointer management library
ii  libevdev2:amd64                1.13.4+dfsg-1                         amd64        wrapper library for evdev devices
ii  libexpat1:amd64                2.7.1-2                               amd64        XML parsing C library - runtime library
ii  libext2fs2t64:amd64            1.47.2-3+b3                           amd64        ext2/ext3/ext4 file system libraries
ii  libfdisk1:amd64                2.41-5                                amd64        fdisk partitioning library
ii  libffi8:amd64                  3.4.8-2                               amd64        Foreign Function Interface library runtime
ii  libfftw3-single3:amd64         3.3.10-2+b1                           amd64        Library for computing Fast Fourier Transforms - Single precision
ii  libfontconfig1:amd64           2.15.0-2.3                            amd64        generic font configuration library - runtime
ii  libfontenc1:amd64              1:1.1.8-1+b2                          amd64        X11 font encoding library
ii  libfreetype6:amd64             2.13.3+dfsg-1                         amd64        FreeType 2 font engine, shared library files
ii  libfuse2t64:amd64              2.9.9-9                               amd64        Filesystem in Userspace (library)
ii  libfuse3-4:amd64               3.17.2-3                              amd64        Filesystem in Userspace (library) (3.x version)
ii  libgbm1:amd64                  25.2.6-1~bpo13+1                      amd64        generic buffer management API -- runtime
ii  libgcc-s1:amd64                14.2.0-19                             amd64        GCC support library
ii  libgcrypt20:amd64              1.11.0-7                              amd64        LGPL Crypto library - runtime library
ii  libgdbm-compat4t64:amd64       1.24-2                                amd64        GNU dbm database routines (legacy support runtime version) 
ii  libgdbm6t64:amd64              1.24-2                                amd64        GNU dbm database routines (runtime version) 
ii  libgl1:amd64                   1.7.0-1+b2                            amd64        Vendor neutral GL dispatch library -- legacy GL support
ii  libgl1-mesa-dri:amd64          25.2.6-1~bpo13+1                      amd64        free implementation of the OpenGL API -- DRI modules
ii  libglib2.0-0t64:amd64          2.84.4-3~deb13u1                      amd64        GLib library of C routines
ii  libglvnd0:amd64                1.7.0-1+b2                            amd64        Vendor neutral GL dispatch library
ii  libglx-mesa0:amd64             25.2.6-1~bpo13+1                      amd64        free implementation of the OpenGL API -- GLX vendor library
ii  libglx0:amd64                  1.7.0-1+b2                            amd64        Vendor neutral GL dispatch library -- GLX support
ii  libgmp10:amd64                 2:6.3.0+dfsg-3                        amd64        Multiprecision arithmetic library
ii  libgnutls30t64:amd64           3.8.9-3                               amd64        GNU TLS library - main runtime library
ii  libgomp1:amd64                 14.2.0-19                             amd64        GCC OpenMP (GOMP) support library
ii  libgpg-error0:amd64            1.51-4                                amd64        GnuPG development runtime library
ii  libgssapi-krb5-2:amd64         1.21.3-5                              amd64        MIT Kerberos runtime libraries - krb5 GSS-API Mechanism
ii  libgudev-1.0-0:amd64           238-6                                 amd64        GObject-based wrapper library for libudev
ii  libhogweed6t64:amd64           3.10.1-1                              amd64        low level cryptographic library (public-key cryptos)
ii  libice6:amd64                  2:1.1.1-1                             amd64        X11 Inter-Client Exchange library
ii  libidn2-0:amd64                2.3.8-2                               amd64        Internationalized domain names (IDNA2008/TR46) library
ii  libinput-bin                   1.28.1-1                              amd64        input device management and event handling library - udev quirks
ii  libinput10:amd64               1.28.1-1                              amd64        input device management and event handling library - shared library
ii  libisoburn1t64:amd64           1.5.6-1.2+b1                          amd64        library to handle creation and inspection of ISO-9660 file systems
ii  libisofs6t64:amd64             1.5.6.pl01-1.1+b1                     amd64        library to create ISO 9660 images
ii  libjansson4:amd64              2.14-2+b3                             amd64        C library for encoding, decoding and manipulating JSON data
ii  libjte2:amd64                  1.22-4+b2                             amd64        Jigdo Template Export - runtime library
ii  libk5crypto3:amd64             1.21.3-5                              amd64        MIT Kerberos runtime libraries - Crypto Library
ii  libkeyutils1:amd64             1.6.3-6                               amd64        Linux Key Management Utilities (library)
ii  libklibc:amd64                 2.0.14-1                              amd64        minimal libc subset for use with initramfs
ii  libkmod2:amd64                 34.2-2                                amd64        libkmod shared library
ii  libkrb5-3:amd64                1.21.3-5                              amd64        MIT Kerberos runtime libraries
ii  libkrb5support0:amd64          1.21.3-5                              amd64        MIT Kerberos runtime libraries - Support library
ii  libksba8:amd64                 1.6.7-2+b1                            amd64        X.509 and CMS support library
ii  liblastlog2-2:amd64            2.41-5                                amd64        lastlog2 database shared library
ii  libldap2:amd64                 2.6.10+dfsg-1                         amd64        OpenLDAP libraries
ii  libllvm19:amd64                1:19.1.7-3+b1                         amd64        Modular compiler and toolchain technologies, runtime library
ii  liblocale-gettext-perl         1.07-7+b1                             amd64        module using libc functions for internationalization in Perl
ii  liblz4-1:amd64                 1.10.0-4                              amd64        Fast LZ compression algorithm library - runtime
ii  liblzma5:amd64                 5.8.1-1                               amd64        XZ-format compression library
ii  liblzo2-2:amd64                2.10-3+b1                             amd64        data compression library
ii  libmagic-mgc                   1:5.46-5                              amd64        File type determination library using "magic" numbers (compiled magic file)
ii  libmagic1t64:amd64             1:5.46-5                              amd64        Recognize the type of data in a file using "magic" numbers - library
ii  libmd0:amd64                   1.1.0-2+b1                            amd64        message digest functions from BSD systems - shared library
ii  libmm-glib0:amd64              1.24.0-1+deb13u1                      amd64        D-Bus service for managing modems - shared libraries
ii  libmnl0:amd64                  1.0.5-3                               amd64        minimalistic Netlink communication library
ii  libmount1:amd64                2.41-5                                amd64        device mounting library
ii  libmtdev1t64:amd64             1.1.7-1                               amd64        Multitouch Protocol Translation Library - shared library
ii  libmtp-common                  1.1.22-1                              all          Media Transfer Protocol (MTP) common files
ii  libmtp9t64:amd64               1.1.22-1                              amd64        Media Transfer Protocol (MTP) library
ii  libncursesw6:amd64             6.5+20250216-2                        amd64        shared libraries for terminal handling (wide character support)
ii  libndp0:amd64                  1.9-1+b1                              amd64        Library for Neighbor Discovery Protocol
ii  libnettle8t64:amd64            3.10.1-1                              amd64        low level cryptographic library (symmetric and one-way cryptos)
ii  libnewt0.52:amd64              0.52.25-1                             amd64        Not Erik's Windowing Toolkit - text mode windowing with slang
ii  libnftables1:amd64             1.1.3-1                               amd64        Netfilter nftables high level userspace API library
ii  libnftnl11:amd64               1.2.9-1                               amd64        Netfilter nftables userspace API library
ii  libnghttp2-14:amd64            1.64.0-1.1                            amd64        library implementing HTTP/2 protocol (shared library)
ii  libnghttp3-9:amd64             1.12.0-1~bpo13+1                      amd64        HTTP/3 mapping over QUIC and QPACK (library)
ii  libngtcp2-16:amd64             1.16.0-1~bpo13+2                      amd64        QUIC protocol library
ii  libngtcp2-crypto-gnutls8:amd64 1.16.0-1~bpo13+2                      amd64        crypto helper library for with GnuTLS backend
ii  libnl-3-200:amd64              3.7.0-2                               amd64        library for dealing with netlink sockets
ii  libnl-genl-3-200:amd64         3.7.0-2                               amd64        library for dealing with netlink sockets - generic netlink
ii  libnl-route-3-200:amd64        3.7.0-2                               amd64        library for dealing with netlink sockets - route interface
ii  libnm0:amd64                   1.52.1-1                              amd64        GObject-based client library for NetworkManager
ii  libnpth0t64:amd64              1.8-3                                 amd64        replacement for GNU Pth using system threads
ii  libntfs-3g89t64:amd64          1:2022.10.3-5                         amd64        read/write NTFS driver for FUSE (runtime library)
ii  libp11-kit0:amd64              0.25.5-3                              amd64        library for loading and coordinating access to PKCS#11 modules - runtime
ii  libpam-modules:amd64           1.7.0-5                               amd64        Pluggable Authentication Modules for PAM
ii  libpam-modules-bin             1.7.0-5                               amd64        Pluggable Authentication Modules for PAM - helper binaries
ii  libpam-runtime                 1.7.0-5                               all          Runtime support for the PAM library
ii  libpam0g:amd64                 1.7.0-5                               amd64        Pluggable Authentication Modules library
ii  libparted2t64:amd64            3.6-5                                 amd64        disk partition manipulator - shared library
ii  libpci3:amd64                  1:3.13.0-2                            amd64        PCI utilities (shared library)
ii  libpciaccess0:amd64            0.17-3+b3                             amd64        Generic PCI access library for X
ii  libpcre2-8-0:amd64             10.46-1~deb13u1                       amd64        New Perl Compatible Regular Expression Library- 8 bit runtime files
ii  libpcsclite1:amd64             2.3.3-1                               amd64        Middleware to access a smart card using PC/SC (library)
ii  libperl5.40:amd64              5.40.1-6                              amd64        shared Perl library
ii  libpixman-1-0:amd64            0.44.0-3                              amd64        pixel-manipulation library for X and cairo
ii  libpng16-16t64:amd64           1.6.48-1                              amd64        PNG library - runtime (version 1.6)
ii  libpopt0:amd64                 1.19+dfsg-2                           amd64        lib for parsing cmdline parameters
ii  libproc2-0:amd64               2:4.0.4-9                             amd64        library for accessing process information from /proc
ii  libpsl5t64:amd64               0.21.2-1.1+b1                         amd64        Library for Public Suffix List (shared libraries)
ii  libreadline8t64:amd64          8.2-6                                 amd64        GNU readline and history libraries, run-time libraries
ii  libreiserfscore0t64            1:3.6.27-9                            amd64        ReiserFS core library
ii  librtmp1:amd64                 2.4+20151223.gitfa8646d.1-2+b5        amd64        toolkit for RTMP streams (shared library)
ii  libsamplerate0:amd64           0.2.2-4+b2                            amd64        Audio sample rate conversion library
ii  libsasl2-2:amd64               2.1.28+dfsg1-9                        amd64        Cyrus SASL - authentication abstraction library
ii  libsasl2-modules-db:amd64      2.1.28+dfsg1-9                        amd64        Cyrus SASL - pluggable authentication modules (DB)
ii  libseccomp2:amd64              2.6.0-2                               amd64        high level interface to Linux seccomp filter
ii  libselinux1:amd64              3.8.1-1                               amd64        SELinux runtime shared libraries
ii  libsemanage-common             3.8.1-1                               all          Common files for SELinux policy management libraries
ii  libsemanage2:amd64             3.8.1-1                               amd64        SELinux policy management library
ii  libsensors-config              1:3.6.2-2                             all          lm-sensors configuration files
ii  libsensors5:amd64              1:3.6.2-2                             amd64        library to read temperature/voltage/fan sensors
ii  libsepol2:amd64                3.8.1-1                               amd64        SELinux library for manipulating binary security policies
ii  libslang2:amd64                2.3.3-5+b2                            amd64        S-Lang programming library - runtime version
ii  libsm6:amd64                   2:1.2.6-1                             amd64        X11 Session Management library
ii  libsmartcols1:amd64            2.41-5                                amd64        smart column output alignment library
ii  libsqlite3-0:amd64             3.46.1-7                              amd64        SQLite 3 shared library
ii  libss2:amd64                   1.47.2-3+b3                           amd64        command-line interface parsing library
ii  libssh2-1t64:amd64             1.11.1-1                              amd64        SSH2 client-side library
ii  libssl3t64:amd64               3.5.4-1~deb13u1                       amd64        Secure Sockets Layer toolkit - shared libraries
ii  libstdc++6:amd64               14.2.0-19                             amd64        GNU Standard C++ Library v3
ii  libsystemd-shared:amd64        257.9-1~deb13u1                       amd64        systemd shared private library
ii  libsystemd0:amd64              257.9-1~deb13u1                       amd64        systemd utility library
ii  libtasn1-6:amd64               4.20.0-2                              amd64        Manage ASN.1 structures (runtime)
ii  libteamdctl0:amd64             1.31-1+b2                             amd64        library for communication with `teamd` process
ii  libtext-charwidth-perl:amd64   0.04-11+b4                            amd64        get display widths of characters on the terminal
ii  libtext-iconv-perl:amd64       1.7-8+b4                              amd64        module to convert between character sets in Perl
ii  libtext-wrapi18n-perl          0.06-10                               all          internationalized substitute of Text::Wrap
ii  libtinfo6:amd64                6.5+20250216-2                        amd64        shared low-level terminfo library for terminal handling
ii  libtirpc-common                1.3.6+ds-1                            all          transport-independent RPC library - common files
ii  libtirpc3t64:amd64             1.3.6+ds-1                            amd64        transport-independent RPC library
ii  libudev1:amd64                 257.9-1~deb13u1                       amd64        libudev shared library
ii  libunistring5:amd64            1.3-2                                 amd64        Unicode string library for C
ii  libunwind8:amd64               1.8.1-0.1                             amd64        library to determine the call-chain of a program - runtime
ii  libusb-1.0-0:amd64             2:1.0.28-1                            amd64        userspace USB programming library
ii  libuuid1:amd64                 2.41-5                                amd64        Universally Unique ID library
ii  libvulkan1:amd64               1.4.309.0-1                           amd64        Vulkan loader library
ii  libwacom-common                2.14.0-1                              all          Wacom model feature query library (common files)
ii  libwacom9:amd64                2.14.0-1                              amd64        Wacom model feature query library
ii  libwayland-client0:amd64       1.23.1-3                              amd64        wayland compositor infrastructure - client library
ii  libx11-6:amd64                 2:1.8.12-1                            amd64        X11 client-side library
ii  libx11-data                    2:1.8.12-1                            all          X11 client-side library
ii  libx11-xcb1:amd64              2:1.8.12-1                            amd64        Xlib/XCB interface library
ii  libxatracker2:amd64            25.0.7-2                              amd64        X acceleration library -- runtime
ii  libxau6:amd64                  1:1.0.11-1                            amd64        X11 authorisation library
ii  libxaw7:amd64                  2:1.0.16-1                            amd64        X11 Athena Widget library
ii  libxcb-dri2-0:amd64            1.17.0-2+b1                           amd64        X C Binding, dri2 extension
ii  libxcb-dri3-0:amd64            1.17.0-2+b1                           amd64        X C Binding, dri3 extension
ii  libxcb-glx0:amd64              1.17.0-2+b1                           amd64        X C Binding, glx extension
ii  libxcb-present0:amd64          1.17.0-2+b1                           amd64        X C Binding, present extension
ii  libxcb-randr0:amd64            1.17.0-2+b1                           amd64        X C Binding, randr extension
ii  libxcb-shape0:amd64            1.17.0-2+b1                           amd64        X C Binding, shape extension
ii  libxcb-shm0:amd64              1.17.0-2+b1                           amd64        X C Binding, shm extension
ii  libxcb-sync1:amd64             1.17.0-2+b1                           amd64        X C Binding, sync extension
ii  libxcb-util1:amd64             0.4.1-1                               amd64        utility libraries for X C Binding -- atom, aux and event
ii  libxcb-xfixes0:amd64           1.17.0-2+b1                           amd64        X C Binding, xfixes extension
ii  libxcb1:amd64                  1.17.0-2+b1                           amd64        X C Binding
ii  libxcomposite1:amd64           1:0.4.6-1                             amd64        X11 Composite extension library
ii  libxcursor1:amd64              1:1.2.3-1                             amd64        X cursor management library
ii  libxcvt0:amd64                 0.1.3-1                               amd64        VESA CVT standard timing modelines generator -- shared library
ii  libxdamage1:amd64              1:1.1.6-1+b2                          amd64        X11 damaged region extension library
ii  libxdmcp6:amd64                1:1.1.5-1                             amd64        X11 Display Manager Control Protocol library
ii  libxext6:amd64                 2:1.3.4-1+b3                          amd64        X11 miscellaneous extension library
ii  libxfixes3:amd64               1:6.0.0-2+b4                          amd64        X11 miscellaneous 'fixes' extension library
ii  libxfont2:amd64                1:2.0.6-1+b3                          amd64        X11 font rasterisation library
ii  libxft2:amd64                  2.3.6-1+b4                            amd64        FreeType-based font drawing library for X
ii  libxi6:amd64                   2:1.8.2-1                             amd64        X11 Input extension library
ii  libxinerama1:amd64             2:1.1.4-3+b4                          amd64        X11 Xinerama extension library
ii  libxkbfile1:amd64              1:1.1.0-1+b4                          amd64        X11 keyboard file manipulation library
ii  libxml2:amd64                  2.12.7+dfsg+really2.9.14-2.1+deb13u2  amd64        GNOME XML library
ii  libxmu6:amd64                  2:1.1.3-3+b4                          amd64        X11 miscellaneous utility library
ii  libxmuu1:amd64                 2:1.1.3-3+b4                          amd64        X11 miscellaneous micro-utility library
ii  libxpm4:amd64                  1:3.5.17-1+b3                         amd64        X11 pixmap library
ii  libxrandr2:amd64               2:1.5.4-1+b3                          amd64        X11 RandR extension library
ii  libxrender1:amd64              1:0.9.12-1                            amd64        X Rendering Extension client library
ii  libxshmfence1:amd64            1.3.3-1                               amd64        X shared memory fences - shared library
ii  libxss1:amd64                  1:1.2.3-1+b3                          amd64        X11 Screen Saver extension library
ii  libxt6t64:amd64                1:1.2.1-1.2+b2                        amd64        X11 toolkit intrinsics library
ii  libxtables12:amd64             1.8.11-2                              amd64        netfilter xtables library
ii  libxtst6:amd64                 2:1.2.5-1                             amd64        X11 Testing -- Record extension library
ii  libxv1:amd64                   2:1.0.11-1.1+b3                       amd64        X11 Video extension library
ii  libxvmc1:amd64                 2:1.0.12-2+b3                         amd64        X11 Video extension library
ii  libxxf86dga1:amd64             2:1.1.5-1+b3                          amd64        X11 Direct Graphics Access extension library
ii  libxxf86vm1:amd64              1:1.1.4-1+b4                          amd64        X11 XFree86 video mode extension library
ii  libxxhash0:amd64               0.8.3-2                               amd64        shared library for xxhash
ii  libz3-4:amd64                  4.13.3-1                              amd64        theorem prover from Microsoft Research - runtime libraries
ii  libzstd1:amd64                 1.5.7+dfsg-1                          amd64        fast lossless compression algorithm
ii  linux-base                     4.12                                  all          Linux image base package
ii  linux-image-6.17.8+deb13-amd64 6.17.8-1~bpo13+1                      amd64        Linux 6.17.8 for 64-bit PCs (signed)
ii  linux-image-amd64              6.17.8-1~bpo13+1                      amd64        Linux for 64-bit PCs (meta-package)
ii  linux-sysctl-defaults          4.12                                  all          default sysctl configuration for Linux
ii  live-boot                      1:20250815~deb13u1                    all          Live System Boot Components
ii  live-boot-initramfs-tools      1:20250815~deb13u1                    all          Live System Boot Components (initramfs-tools backend)
ii  localepurge                    0.7.3.11                              all          reclaim disk space by removing unneeded localizations
ii  locales                        2.41-12                               all          GNU C Library: National Language (locale) data [support]
ii  login                          1:4.16.0-2+really2.41-5               amd64        system login tools
ii  login.defs                     1:4.17.4-2                            all          system user management configuration
ii  logrotate                      3.22.0-1                              amd64        Log rotation utility
ii  logsave                        1.47.2-3+b3                           amd64        save the output of a command in a log file
ii  mawk                           1.3.4.20250131-1                      amd64        Pattern scanning and text processing language
ii  menu                           2.1.51                                amd64        generates programs menu for all menu-aware applications
ii  mesa-libgallium:amd64          25.2.6-1~bpo13+1                      amd64        shared infrastructure for Mesa drivers
ii  mount                          2.41-5                                amd64        tools for mounting and manipulating filesystems
ii  nano                           8.4-1                                 amd64        small, friendly text editor inspired by Pico
ii  ncurses-base                   6.5+20250216-2                        all          basic terminal type definitions
ii  ncurses-bin                    6.5+20250216-2                        amd64        terminal-related programs and man pages
ii  net-tools                      2.10-1.3                              amd64        NET-3 networking toolkit
ii  netbase                        6.5                                   all          Basic TCP/IP networking system
ii  network-manager                1.52.1-1                              amd64        network management framework (daemon and userspace tools)
ii  nftables                       1.1.3-1                               amd64        Program to control packet filtering rules by Netfilter project
ii  ntfs-3g                        1:2022.10.3-5                         amd64        read/write NTFS driver for FUSE
ii  numlockx                       1.2-10                                amd64        enable NumLock in X11 sessions
ii  openssl-provider-legacy        3.5.4-1~deb13u1                       amd64        Secure Sockets Layer toolkit - cryptographic utility
ii  p7zip-full                     16.02+transitional.1                  all          transitional package
ii  parted                         3.6-5                                 amd64        disk partition manipulator
ii  passwd                         1:4.17.4-2                            amd64        change and administer password and group data
ii  pci.ids                        0.0~2025.06.09-1                      all          PCI ID Repository
ii  pciutils                       1:3.13.0-2                            amd64        PCI utilities
ii  perl                           5.40.1-6                              amd64        Larry Wall's Practical Extraction and Report Language
ii  perl-base                      5.40.1-6                              amd64        minimal Perl system
ii  perl-modules-5.40              5.40.1-6                              all          Core Perl modules
ii  pinentry-curses                1.3.1-2                               amd64        curses-based PIN or pass-phrase entry dialog for GnuPG
ii  procps                         2:4.0.4-9                             amd64        /proc file system utilities
ii  rar                            2:7.11-1                              amd64        Archiver for .rar files
ii  readline-common                8.2-6                                 all          GNU readline and history libraries, common files
ii  rename                         2.02-1                                all          Perl extension for renaming multiple files
ii  rsync                          3.4.1+ds1-5                           amd64        fast, versatile, remote (and local) file-copying tool
ii  sed                            4.9-2                                 amd64        GNU stream editor for filtering/transforming text
ii  sensible-utils                 0.0.25                                all          Utilities for sensible alternative selection
ii  squashfs-tools                 1:4.6.1-1                             amd64        Tool to create and append to squashfs filesystems
ii  sqv                            1.3.0-3                               amd64        OpenPGP signature verification program from Sequoia
ii  systemd                        257.9-1~deb13u1                       amd64        system and service manager
ii  systemd-sysv                   257.9-1~deb13u1                       amd64        system and service manager - SysV compatibility symlinks
ii  sysvinit-utils                 3.14-4                                amd64        System-V-like utilities
ii  tar                            1.35+dfsg-3.1                         amd64        GNU version of the tar archiving utility
ii  tzdata                         2025b-4+deb13u1                       all          time zone and daylight-saving time data
ii  ucf                            3.0052                                all          Update Configuration File(s): preserve user changes to config files
ii  udev                           257.9-1~deb13u1                       amd64        /dev/ and hotplug management daemon
ii  udevil                         0.4.4-4                               amd64        Alternative storage media interface
ii  unrar                          1:7.1.8-1                             amd64        Unarchiver for .rar files (non-free version)
ii  unzip                          6.0-29                                amd64        De-archiver for .zip files
ii  usr-is-merged                  39+nmu2                               all          Transitional package to assert a merged-/usr system
ii  util-linux                     2.41-5                                amd64        miscellaneous system utilities
ii  vim-common                     2:9.1.1230-2                          all          Vi IMproved - Common files
ii  vim-tiny                       2:9.1.1230-2                          amd64        Vi IMproved - enhanced vi editor - compact version
ii  wget                           1.25.0-2                              amd64        retrieves files from the web
ii  whiptail                       0.52.25-1                             amd64        Displays user-friendly dialog boxes from shell scripts
ii  wmctrl                         1.07+git20240228.1105759-1            amd64        control an EWMH/NetWM compatible X Window Manager
ii  wpasupplicant                  2:2.10-24                             amd64        client support for WPA and WPA2 (IEEE 802.11i)
ii  x11-common                     1:7.7+24+deb13u1                      all          X Window System (X.Org) infrastructure
ii  x11-utils                      7.7+7                                 amd64        X11 utilities
ii  x11-xkb-utils                  7.7+9                                 amd64        X11 XKB utilities
ii  xauth                          1:1.1.2-1.1                           amd64        X authentication utility
ii  xinit                          1.4.2-1                               amd64        X server initialisation tool
ii  xkb-data                       2.42-1                                all          X Keyboard Extension (XKB) configuration data
ii  xorriso                        1.5.6-1.2+b1                          amd64        command line ISO-9660 and Rock Ridge manipulation tool
ii  xserver-common                 2:21.1.16-1.3+deb13u1                 all          common files used by various X servers
ii  xserver-xorg                   1:7.7+24+deb13u1                      amd64        X.Org X server
ii  xserver-xorg-core              2:21.1.16-1.3+deb13u1                 amd64        Xorg X server - core server
ii  xserver-xorg-input-all         1:7.7+24+deb13u1                      amd64        X.Org X server -- input driver metapackage
ii  xserver-xorg-input-libinput    1.5.0-1                               amd64        X.Org X server -- libinput input driver
ii  xserver-xorg-video-all         1:7.7+24+deb13u1                      amd64        X.Org X server -- output driver metapackage
ii  xserver-xorg-video-amdgpu      23.0.0-1                              amd64        X.Org X server -- AMDGPU display driver
ii  xserver-xorg-video-ati         1:22.0.0-1                            amd64        X.Org X server -- AMD/ATI display driver wrapper
ii  xserver-xorg-video-fbdev       1:0.5.0-2                             amd64        X.Org X server -- fbdev display driver
ii  xserver-xorg-video-intel       2:2.99.917+git20210115-1              amd64        X.Org X server -- Intel i8xx, i9xx display driver
ii  xserver-xorg-video-mga         1:2.0.0-1+b1                          amd64        X.Org X server -- MGA display driver
ii  xserver-xorg-video-nouveau     1:1.0.18-1                            amd64        X.Org X server -- Nouveau display driver
ii  xserver-xorg-video-qxl         0.1.6-1.1                             amd64        X.Org X server -- QXL display driver
ii  xserver-xorg-video-radeon      1:22.0.0-1                            amd64        X.Org X server -- AMD/ATI Radeon display driver
ii  xserver-xorg-video-vesa        1:2.6.0-2                             amd64        X.Org X server -- VESA display driver
ii  xserver-xorg-video-vmware      1:13.4.0-1                            amd64        X.Org X server -- VMware display driver
ii  zip                            3.0-15                                amd64        Archiver for .zip files
ii  zlib1g:amd64                   1:1.3.dfsg+really1.3.1-1+b1           amd64        compression library - runtime
ii  zpaq                           7.15+repack-1                         amd64        maximum reference compressor for ZPAQ open standard
