inst-min-con-00-apt-custom-repository/inst-min-con-00-apt-custom-repository.sh
inst-min-con-00-linux-image/inst-min-con-00-linux-image.sh
inst-min-con-00-oldlibs-fix-usr-is-merged/inst-min-con-00-oldlibs-fix-usr-is-merged.sh
inst-min-con-01-apt-transport-https/inst-min-con-01-apt-transport-https.sh
inst-min-con-01-apt/inst-min-con-01-apt.sh
inst-min-con-01-debconf-utils/inst-min-con-01-debconf-utils.sh
inst-min-con-02-locale/inst-min-con-02-locale.sh
inst-min-con-02-localepurge/inst-min-con-02-localepurge.sh
inst-min-con-03-systemd-hooks/inst-min-con-03-systemd-hooks.sh
inst-min-con-04-block-services-start-postinstall/inst-min-con-04-block-services-start-postinstall.sh
inst-min-con-05-keyring-00-gnupg/inst-min-con-05-keyring-00-gnupg.sh
inst-min-con-05-keyring-google/inst-min-con-05-keyring-google.sh
inst-min-con-auto-log-root/inst-min-con-auto-log-root.sh
inst-min-con-cld-bashrc/inst-min-con-cld-bashrc.sh
inst-min-con-cld-dev-tools-debootstrap/inst-min-con-cld-dev-tools-debootstrap.sh
inst-min-con-cld-tools/inst-min-con-cld-tools.sh
inst-min-con-compressors/inst-min-con-compressors.sh
inst-min-con-dircolors/inst-min-con-dircolors.sh
inst-min-con-filesystem-btrfs-progs/inst-min-con-filesystem-btrfs-progs.sh
inst-min-con-filesystem-dosfstools/inst-min-con-filesystem-dosfstools.sh
inst-min-con-filesystem-exfat/inst-min-con-filesystem-exfat.sh
inst-min-con-filesystem-hfsprogs/inst-min-con-filesystem-hfsprogs.sh
inst-min-con-filesystem-ntfs-3g/inst-min-con-filesystem-ntfs-3g.sh
inst-min-con-firmware-cpu/inst-min-con-firmware-cpu.sh
inst-min-con-firmware-net-b43-installer/inst-min-con-firmware-net-b43-installer.sh
inst-min-con-firmware/inst-min-con-firmware.sh
inst-min-con-live-build-tools-isolinux/inst-min-con-live-build-tools-isolinux.sh
inst-min-con-live-build-tools-rsync/inst-min-con-live-build-tools-rsync.sh
inst-min-con-live-build-tools-squashfs-tools/inst-min-con-live-build-tools-squashfs-tools.sh
inst-min-con-live-build-tools-xorriso/inst-min-con-live-build-tools-xorriso.sh
inst-min-con-mtp-jmtpfs/inst-min-con-mtp-jmtpfs.sh
inst-min-con-net-tools/inst-min-con-net-tools.sh
inst-min-con-network-network-manager/inst-min-con-network-network-manager.sh
inst-min-con-network-wpasupplicant/inst-min-con-network-wpasupplicant.sh
inst-min-con-numlock/inst-min-con-numlock.sh
inst-min-con-pciutils/inst-min-con-pciutils.sh
inst-min-con-rename/inst-min-con-rename.sh
inst-min-con-snd-alsa/inst-min-con-snd-alsa.sh
inst-min-con-udevil/inst-min-con-udevil.sh
inst-min-con-users-poweruser/inst-min-con-users-poweruser.sh
inst-min-con-xtra-ansible/inst-min-con-xtra-ansible.sh
inst-min-con-xtra-apache2/inst-min-con-xtra-apache2.sh
inst-min-con-xtra-bat/inst-min-con-xtra-bat.sh
inst-min-con-xtra-bsdextrautils/inst-min-con-xtra-bsdextrautils.sh
inst-min-con-xtra-buffer-pv/inst-min-con-xtra-buffer-pv.sh
inst-min-con-xtra-buffer/inst-min-con-xtra-buffer.sh
inst-min-con-xtra-cld-dev-tools-aptly/inst-min-con-xtra-cld-dev-tools-aptly.sh
inst-min-con-xtra-curl/inst-min-con-xtra-curl.sh
inst-min-con-xtra-default-jre-headless/inst-min-con-xtra-default-jre-headless.sh
inst-min-con-xtra-dev-tool-cmake/inst-min-con-xtra-dev-tool-cmake.sh
inst-min-con-xtra-dev-tool-tree/inst-min-con-xtra-dev-tool-tree.sh
inst-min-con-xtra-encoding-libtext-iconv-perl/inst-min-con-xtra-encoding-libtext-iconv-perl.sh
inst-min-con-xtra-findimagedupes/inst-min-con-xtra-findimagedupes.sh
inst-min-con-xtra-fuse/inst-min-con-xtra-fuse.sh
inst-min-con-xtra-fzf/inst-min-con-xtra-fzf.sh
inst-min-con-xtra-gcp-google-cloud-cli/inst-min-con-xtra-gcp-google-cloud-cli.sh
inst-min-con-xtra-gcp-google-cloud-sdk-openssh-client/inst-min-con-xtra-gcp-google-cloud-sdk-openssh-client.sh
inst-min-con-xtra-gnuplot-nox/inst-min-con-xtra-gnuplot-nox.sh
inst-min-con-xtra-hd-hdparm/inst-min-con-xtra-hd-hdparm.sh
inst-min-con-xtra-hd-smartmontools/inst-min-con-xtra-hd-smartmontools.sh
inst-min-con-xtra-iso-iat/inst-min-con-xtra-iso-iat.sh
inst-min-con-xtra-locate/inst-min-con-xtra-locate.sh
inst-min-con-xtra-mariadb-server/inst-min-con-xtra-mariadb-server.sh
inst-min-con-xtra-nfs-common/inst-min-con-xtra-nfs-common.sh
inst-min-con-xtra-nfs-kernel-server/inst-min-con-xtra-nfs-kernel-server.sh
inst-min-con-xtra-nginx/inst-min-con-xtra-nginx.sh
inst-min-con-xtra-nmap/inst-min-con-xtra-nmap.sh
inst-min-con-xtra-openssh-server/inst-min-con-xtra-openssh-server.sh
inst-min-con-xtra-pdf-poppler-utils/inst-min-con-xtra-pdf-poppler-utils.sh
inst-min-con-xtra-php-fpm/inst-min-con-xtra-php-fpm.sh
inst-min-con-xtra-php/inst-min-con-xtra-php.sh
inst-min-con-xtra-py-python-is-python3/inst-min-con-xtra-py-python-is-python3.sh
inst-min-con-xtra-py-python3-dev/inst-min-con-xtra-py-python3-dev.sh
inst-min-con-xtra-py-python3-pip/inst-min-con-xtra-py-python3-pip.sh
inst-min-con-xtra-rescue-testdisk/inst-min-con-xtra-rescue-testdisk.sh
inst-min-con-xtra-smb-cifs-utils/inst-min-con-xtra-smb-cifs-utils.sh
inst-min-con-xtra-smb-samba/inst-min-con-xtra-smb-samba.sh
inst-min-con-xtra-smb-smbclient/inst-min-con-xtra-smb-smbclient.sh
inst-min-con-xtra-sqlite3/inst-min-con-xtra-sqlite3.sh
inst-min-con-xtra-sudo/inst-min-con-xtra-sudo.sh
inst-min-con-xtra-tmux/inst-min-con-xtra-tmux.sh
inst-min-con-xtra-vm-hyperv-daemons/inst-min-con-xtra-vm-hyperv-daemons.sh
inst-min-con-xtra-vm-xrdp/inst-min-con-xtra-vm-xrdp.sh
inst-min-con-xtra-vsftpd/inst-min-con-xtra-vsftpd.sh
inst-min-con-xtra-xclip/inst-min-con-xtra-xclip.sh
inst-min-con-xtra-xsltproc/inst-min-con-xtra-xsltproc.sh
inst-min-con-xtra-yt-dlp-curl-cffi/inst-min-con-xtra-yt-dlp-curl-cffi.sh
inst-min-con-xtra-yt-dlp-ejs/inst-min-con-xtra-yt-dlp-ejs.sh
inst-min-win-00-wm-jwm-fixD13-libatk-bridge2.0-0t64/inst-min-win-00-wm-jwm-fixD13-libatk-bridge2.0-0t64.sh
inst-min-win-00-xorg-0-drivers-fix-libegl-mesa0/inst-min-win-00-xorg-0-drivers-fix-libegl-mesa0.sh
inst-min-win-00-xorg-drivers/inst-min-win-00-xorg-drivers.sh
inst-min-win-00-xorg/inst-min-win-00-xorg.sh
inst-min-win-01-basic-font/inst-min-win-01-basic-font.sh
inst-min-win-01-wm-jwm-debian-menu/inst-min-win-01-wm-jwm-debian-menu.sh
inst-min-win-01-wm-jwm/inst-min-win-01-wm-jwm.sh
inst-min-win-01-wm-terminal-xfce/inst-min-win-01-wm-terminal-xfce.sh
inst-min-win-cld-win-split/inst-min-win-cld-win-split.sh
inst-min-win-jwm-help-manuals-text/inst-min-win-jwm-help-manuals-text.sh
inst-min-win-jwm-keyboard-move-mouse/inst-min-win-jwm-keyboard-move-mouse.sh
inst-min-win-jwm-keys-alsa/inst-min-win-jwm-keys-alsa.sh
inst-min-win-systray-volumeicon-alsa/inst-min-win-systray-volumeicon-alsa.sh
inst-min-win-xtra-default-jre/inst-min-win-xtra-default-jre.sh
inst-min-win-xtra-fonts-asian/inst-min-win-xtra-fonts-asian.sh
inst-min-win-xtra-xdotool/inst-min-win-xtra-xdotool.sh
inst-std-00-jwm-menu/inst-std-00-jwm-menu.sh
inst-std-accessories-feh/inst-std-accessories-feh.sh
inst-std-accessories-gpicview/inst-std-accessories-gpicview.sh
inst-std-accessories-prtscr-gnome-screenshot/inst-std-accessories-prtscr-gnome-screenshot.sh
inst-std-accessories-scite/inst-std-accessories-scite.sh
inst-std-accessories-thunar/inst-std-accessories-thunar.sh
inst-std-font-fonts-liberation/inst-std-font-fonts-liberation.sh
inst-std-graphic-xtra-flameshot-fixD13-qt6-svg-plugins/inst-std-graphic-xtra-flameshot-fixD13-qt6-svg-plugins.sh
inst-std-graphic-xtra-flameshot/inst-std-graphic-xtra-flameshot.sh
inst-std-help-manuals-html/inst-std-help-manuals-html.sh
inst-std-inet-firefox-esr/inst-std-inet-firefox-esr.sh
inst-std-inet-xtra-browser-plugin-downloadhelper-coapp/inst-std-inet-xtra-browser-plugin-downloadhelper-coapp.sh
inst-std-inet-xtra-google-chrome-fix-libu2f-udev/inst-std-inet-xtra-google-chrome-fix-libu2f-udev.sh
inst-std-inet-xtra-google-chrome-fonts-noto-color-emoji/inst-std-inet-xtra-google-chrome-fonts-noto-color-emoji.sh
inst-std-inet-xtra-google-chrome/inst-std-inet-xtra-google-chrome.sh
inst-std-inet-xtra-ms-edge/inst-std-inet-xtra-ms-edge.sh
inst-std-inet-xtra-transmission-gtk/inst-std-inet-xtra-transmission-gtk.sh
inst-std-multimedia-mpv-fix2/inst-std-multimedia-mpv-fix2.sh
inst-std-multimedia-mpv/inst-std-multimedia-mpv.sh
inst-std-multimedia-xtra-ffmpeg/inst-std-multimedia-xtra-ffmpeg.sh
inst-std-multimedia-xtra-slop/inst-std-multimedia-xtra-slop.sh
inst-std-multimedia-xtra-sr-gromit-mpx/inst-std-multimedia-xtra-sr-gromit-mpx.sh
inst-std-multimedia-xtra-sr-simplescreenrecorder/inst-std-multimedia-xtra-sr-simplescreenrecorder.sh
inst-std-system-alsamixer/inst-std-system-alsamixer.sh
inst-std-system-conky-ncal/inst-std-system-conky-ncal.sh
inst-std-system-conky/inst-std-system-conky.sh
inst-std-system-gnome-disk-utility/inst-std-system-gnome-disk-utility.sh
inst-std-system-keyboard/inst-std-system-keyboard.sh
inst-std-system-monitor-switcher-lxrandr/inst-std-system-monitor-switcher-lxrandr.sh
inst-std-system-time-zone/inst-std-system-time-zone.sh
inst-std-system-xtra-gsimplecal/inst-std-system-xtra-gsimplecal.sh
inst-std-system-xtra-hardinfo/inst-std-system-xtra-hardinfo.sh
inst-std-system-xtra-tz-montreal/inst-std-system-xtra-tz-montreal.sh
inst-std-xtra-blender/inst-std-xtra-blender.sh
inst-std-xtra-opw-php-curl/inst-std-xtra-opw-php-curl.sh
inst-std-xtra-opw-php-gd/inst-std-xtra-opw-php-gd.sh
inst-std-xtra-opw-php-mbstring/inst-std-xtra-opw-php-mbstring.sh
inst-std-xtra-opw-php-mysql/inst-std-xtra-opw-php-mysql.sh
inst-std-xtra-opw-php-xml/inst-std-xtra-opw-php-xml.sh
inst-std-xtra-opw-php-zip/inst-std-xtra-opw-php-zip.sh
inst-xtra-compressor-pngcrush/inst-xtra-compressor-pngcrush.sh
inst-xtra-compressor-pngquant/inst-xtra-compressor-pngquant.sh
inst-xtra-docker-ce/inst-xtra-docker-ce.sh
inst-xtra-games-openttd/inst-xtra-games-openttd.sh
inst-xtra-git-lfs/inst-xtra-git-lfs.sh
inst-xtra-git/inst-xtra-git.sh
inst-xtra-graphviz/inst-xtra-graphviz.sh
inst-xtra-open-terminals-on-startup/inst-xtra-open-terminals-on-startup.sh
inst-xtra-remmina/inst-xtra-remmina.sh
inst-xtra-vboxguest-additions-doc/inst-xtra-vboxguest-additions-doc.sh
inst-xtra-vboxguest-additions-iso-fix-dctrl-tools/inst-xtra-vboxguest-additions-iso-fix-dctrl-tools.sh
inst-xtra-vboxguest-additions-iso-fixD13-gcc-14-for-host/inst-xtra-vboxguest-additions-iso-fixD13-gcc-14-for-host.sh
inst-xtra-vboxguest-additions-iso/inst-xtra-vboxguest-additions-iso.sh
inst-xtra-vmware-tools/inst-xtra-vmware-tools.sh
inst-xtra-web-dev-nodejs/inst-xtra-web-dev-nodejs.sh
inst-xtra-web-dev-npm-pm2/inst-xtra-web-dev-npm-pm2.sh
inst-xtra-web-dev-npm-pnpm/inst-xtra-web-dev-npm-pnpm.sh
inst-xtra-web-dev-npm/inst-xtra-web-dev-npm.sh
inst-xtra-web-dev-php-sqlite3/inst-xtra-web-dev-php-sqlite3.sh
inst-xtra-zfs-clean/inst-xtra-zfs-clean.sh
inst-xtra-zfs-dkms-fix-file/inst-xtra-zfs-dkms-fix-file.sh
inst-xtra-zfs-dkms-fix-pahole/inst-xtra-zfs-dkms-fix-pahole.sh
inst-xtra-zfs-dkms/inst-xtra-zfs-dkms.sh
inst-zclean-00-security-updates/inst-zclean-00-security-updates.sh
inst-zclean-01-apt-get-00-clean-up/inst-zclean-01-apt-get-00-clean-up.sh
inst-zclean-01-apt-get-01-source-list/inst-zclean-01-apt-get-01-source-list.sh
inst-zclean-01-pip-purge/inst-zclean-01-pip-purge.sh
inst-zclean-02-remove-block-services/inst-zclean-02-remove-block-services.sh
inst-zclean-03-default-filemanager/inst-zclean-03-default-filemanager.sh
inst-zclean-04-chmod-script/inst-zclean-04-chmod-script.sh
inst-zclean-98-zerosizing/inst-zclean-98-zerosizing.sh
inst-zclean-99-end-cleanup/inst-zclean-99-end-cleanup.sh
