CLDS:>>>>>>>>> Running inst-std-multimedia-mpv.sh ...
Reading package lists...
Building dependency tree...
Reading state information...
You might want to run 'apt --fix-broken install' to correct these.
The following packages have unmet dependencies:
 microsoft-edge-stable : Depends: libatk-bridge2.0-0 (>= 2.5.3)
                         Depends: libatk1.0-0 (>= 2.11.90)
                         Depends: libatspi2.0-0 (>= 2.9.90)
                         Depends: libgtk-3-0 (>= 3.9.10) or
                                  libgtk-4-1 but it is not going to be installed
                         Depends: xdg-utils (>= 1.0.2) but it is not going to be installed
E: Unmet dependencies. Try 'apt --fix-broken install' with no packages (or specify a solution).
E: The following information from --solver 3.0 may provide additional context:
   Unmet dependencies. Try 'apt --fix-broken install' with no packages (or specify a solution).
Reading package lists...
Building dependency tree...
Reading state information...
You might want to run 'apt --fix-broken install' to correct these.
The following packages have unmet dependencies:
 libtesseract5 : Depends: libleptonica6 (>= 1.75.3) but it is not going to be installed
 microsoft-edge-stable : Depends: libatk-bridge2.0-0 (>= 2.5.3)
                         Depends: libatk1.0-0 (>= 2.11.90)
                         Depends: libatspi2.0-0 (>= 2.9.90)
                         Depends: libgtk-3-0 (>= 3.9.10) or
                                  libgtk-4-1 but it is not going to be installed
                         Depends: xdg-utils (>= 1.0.2) but it is not going to be installed
E: Unmet dependencies. Try 'apt --fix-broken install' with no packages (or specify a solution).
E: The following information from --solver 3.0 may provide additional context:
   Unmet dependencies. Try 'apt --fix-broken install' with no packages (or specify a solution).
Reading package lists...
Building dependency tree...
Reading state information...
You might want to run 'apt --fix-broken install' to correct these.
The following packages have unmet dependencies:
 microsoft-edge-stable : Depends: libatk-bridge2.0-0 (>= 2.5.3)
                         Depends: libatk1.0-0 (>= 2.11.90)
                         Depends: libatspi2.0-0 (>= 2.9.90)
                         Depends: libgtk-3-0 (>= 3.9.10) or
                                  libgtk-4-1 but it is not going to be installed
                         Depends: xdg-utils (>= 1.0.2) but it is not going to be installed
 mpv : Depends: libass9 (>= 2:0.17.4) but it is not going to be installed
       Depends: libavcodec61 (>= 10:7.1.2) but it is not going to be installed
       Depends: libavdevice61 (>= 10:7.1.2) but it is not going to be installed
       Depends: libavfilter10 (>= 10:7.1.2) but it is not going to be installed
       Depends: libavformat61 (>= 10:7.1.2) but it is not going to be installed
       Depends: libavutil59 (>= 10:7.1.2) but it is not going to be installed
       Depends: libbluray2 (>= 2:1.3.4) but it is not going to be installed
       Depends: libcaca0 (>= 0.99.beta20) but it is not going to be installed
       Depends: libcdio-cdda2 (>= 10.2+2.0.2)
       Depends: libcdio-paranoia2 (>= 10.2+2.0.2)
       Depends: libcdio19t64 (>= 1:2.2.0) but it is not going to be installed
       Depends: libdisplay-info2 (>= 0.2.0) but it is not going to be installed
       Depends: libdvdnav4 (>= 4.1.3) but it is not going to be installed
       Depends: libjack-jackd2-0 (>= 1.9.10+20150825) but it is not going to be installed or
                libjack-0.125
       Depends: liblua5.2-0 (>= 5.2.4) but it is not going to be installed
       Depends: libmujs3 (>= 1.2.0) but it is not going to be installed
       Depends: libpipewire-0.3-0t64 (>= 1.0.4) but it is not going to be installed
       Depends: libplacebo351 (>= 2:7.351.0) but it is not going to be installed
       Depends: librubberband3 (>= 1:4.0.0) but it is not going to be installed
       Depends: libsixel1 (>= 1.10.5) but it is not going to be installed
       Depends: libswresample5 (>= 10:7.1.2) but it is not going to be installed
       Depends: libswscale8 (>= 10:7.1.2) but it is not going to be installed
       Depends: libuchardet0 (>= 0.0.1) but it is not going to be installed
       Depends: libva-drm2 (>= 1.1.0) but it is not going to be installed
       Depends: libva-wayland2 (>= 1.3.0) but it is not going to be installed
       Depends: libva-x11-2 (>= 1.0.3) but it is not going to be installed
       Depends: libva2 (>= 2.2.0) but it is not going to be installed
       Depends: libvdpau1 (>= 0.2) but it is not going to be installed
       Depends: libxpresent1 (>= 1.0.1) but it is not going to be installed
       Depends: libzimg2 (>= 1:3.0.5) but it is not going to be installed
       Depends: vapoursynth (>= 72) but it is not going to be installed
E: Unmet dependencies. Try 'apt --fix-broken install' with no packages (or specify a solution).
E: The following information from --solver 3.0 may provide additional context:
   Unmet dependencies. Try 'apt --fix-broken install' with no packages (or specify a solution).
'./cld/bashrc.d/bashrc-alias-mpv.sh' -> '/usr/local/cld/bashrc.d/bashrc-alias-mpv.sh'
'./cld/doc/mpv-help.txt' -> '/usr/local/cld/doc/mpv-help.txt'
'./cld/home' -> '/usr/local/cld/home'
'./cld/home/.config' -> '/usr/local/cld/home/.config'
'./cld/home/.config/mpv' -> '/usr/local/cld/home/.config/mpv'
'./cld/home/.config/mpv/input.conf' -> '/usr/local/cld/home/.config/mpv/input.conf'
'./cld/home/.config/mpv/mpv.conf' -> '/usr/local/cld/home/.config/mpv/mpv.conf'
/root/scripts/repository/inst-std-multimedia-mpv/inst-std-multimedia-mpv.sh: line 21: mpv: command not found
CLDS: * Install Media Player: .
CLDS: * Add multiple aliases for MPV.
CLDS: * Add useful mpv keybindings settings.
CLDS: * Disk size = 6603564K. Space Used = 40K. Runtime = 00:00:00:01.
