CLDS:>>>>>>>>> Running inst-min-con-00-apt-custom-repository.sh ...
'trusted.gpg' -> '/etc/apt/trusted.gpg'
Get:1 http://localhost/aptly-repo/master_bookworm-main bookworm InRelease [4352 B]
Get:2 http://localhost/aptly-repo/master_aptly-main squeeze InRelease [4342 B]
Get:3 http://localhost/aptly-repo/master_bookworm-contrib bookworm InRelease [4433 B]
Get:4 http://localhost/aptly-repo/master_bookworm-non-free-firmware bookworm InRelease [4703 B]
Get:5 http://localhost/aptly-repo/master_bookworm-non-free bookworm InRelease [4460 B]
Get:6 http://localhost/aptly-repo/master_deb-multimedia-main bookworm InRelease [4364 B]
Get:7 http://localhost/aptly-repo/master_deb-multimedia-non-free bookworm InRelease [2904 B]
Get:8 http://localhost/aptly-repo/master_docker-stable bookworm InRelease [4402 B]
Get:9 http://localhost/aptly-repo/master_google-cloud-main cloud-sdk InRelease [4364 B]
Get:10 http://localhost/aptly-repo/master_google-main stable InRelease [4340 B]
Get:11 http://localhost/aptly-repo/master_qgis-main bookworm InRelease [4344 B]
Get:12 http://localhost/aptly-repo/master_virtualbox-contrib bookworm InRelease [4437 B]
Get:13 http://localhost/aptly-repo/master_bookworm-main bookworm/main amd64 Packages [415 kB]
Get:14 http://localhost/aptly-repo/master_aptly-main squeeze/main amd64 Packages [3891 B]
Get:15 http://localhost/aptly-repo/master_bookworm-contrib bookworm/contrib amd64 Packages [3537 B]
Get:16 http://localhost/aptly-repo/master_bookworm-non-free-firmware bookworm/non-free-firmware amd64 Packages [5335 B]
Get:17 http://localhost/aptly-repo/master_bookworm-non-free bookworm/non-free amd64 Packages [1479 B]
Get:18 http://localhost/aptly-repo/master_deb-multimedia-main bookworm/main amd64 Packages [12.4 kB]
Get:19 http://localhost/aptly-repo/master_docker-stable bookworm/stable amd64 Packages [35.5 kB]
Get:20 http://localhost/aptly-repo/master_google-cloud-main cloud-sdk/main amd64 Packages [16.6 kB]
Get:21 http://localhost/aptly-repo/master_google-main stable/main amd64 Packages [934 B]
Get:22 http://localhost/aptly-repo/master_qgis-main bookworm/main amd64 Packages [68.6 kB]
Get:23 http://localhost/aptly-repo/master_virtualbox-contrib bookworm/contrib amd64 Packages [1181 B]
Fetched 616 kB in 1s (564 kB/s)
Reading package lists...
W: http://localhost/aptly-repo/master_bookworm-main/dists/bookworm/InRelease: Key is stored in legacy trusted.gpg keyring (/etc/apt/trusted.gpg), see the DEPRECATION section in apt-key(8) for details.
W: http://localhost/aptly-repo/master_aptly-main/dists/squeeze/InRelease: Key is stored in legacy trusted.gpg keyring (/etc/apt/trusted.gpg), see the DEPRECATION section in apt-key(8) for details.
W: http://localhost/aptly-repo/master_bookworm-contrib/dists/bookworm/InRelease: Key is stored in legacy trusted.gpg keyring (/etc/apt/trusted.gpg), see the DEPRECATION section in apt-key(8) for details.
W: http://localhost/aptly-repo/master_bookworm-non-free-firmware/dists/bookworm/InRelease: Key is stored in legacy trusted.gpg keyring (/etc/apt/trusted.gpg), see the DEPRECATION section in apt-key(8) for details.
W: http://localhost/aptly-repo/master_bookworm-non-free/dists/bookworm/InRelease: Key is stored in legacy trusted.gpg keyring (/etc/apt/trusted.gpg), see the DEPRECATION section in apt-key(8) for details.
W: http://localhost/aptly-repo/master_deb-multimedia-main/dists/bookworm/InRelease: Key is stored in legacy trusted.gpg keyring (/etc/apt/trusted.gpg), see the DEPRECATION section in apt-key(8) for details.
W: http://localhost/aptly-repo/master_deb-multimedia-non-free/dists/bookworm/InRelease: Key is stored in legacy trusted.gpg keyring (/etc/apt/trusted.gpg), see the DEPRECATION section in apt-key(8) for details.
W: http://localhost/aptly-repo/master_docker-stable/dists/bookworm/InRelease: Key is stored in legacy trusted.gpg keyring (/etc/apt/trusted.gpg), see the DEPRECATION section in apt-key(8) for details.
W: http://localhost/aptly-repo/master_google-cloud-main/dists/cloud-sdk/InRelease: Key is stored in legacy trusted.gpg keyring (/etc/apt/trusted.gpg), see the DEPRECATION section in apt-key(8) for details.
W: http://localhost/aptly-repo/master_google-main/dists/stable/InRelease: Key is stored in legacy trusted.gpg keyring (/etc/apt/trusted.gpg), see the DEPRECATION section in apt-key(8) for details.
W: http://localhost/aptly-repo/master_qgis-main/dists/bookworm/InRelease: Key is stored in legacy trusted.gpg keyring (/etc/apt/trusted.gpg), see the DEPRECATION section in apt-key(8) for details.
W: http://localhost/aptly-repo/master_virtualbox-contrib/dists/bookworm/InRelease: Key is stored in legacy trusted.gpg keyring (/etc/apt/trusted.gpg), see the DEPRECATION section in apt-key(8) for details.
CLDS: * Disk size = 616368K. Space Used = 7380K. Runtime = 00:00:00:01.
