CLDS:>>>>>>>>> Running inst-std-inet-xtra-ms-edge.sh ...
Selecting previously unselected package microsoft-edge-stable.
<<<<<<< HEAD
(Reading database ... 131840 files and directories currently installed.)
=======
(Reading database ... 131920 files and directories currently installed.)
>>>>>>> 76ce2de21d35440cb3334f78d724dfbf626c7aaa
Preparing to unpack microsoft-edge-stable_112.0.1722.48-1_amd64.deb ...
Unpacking microsoft-edge-stable (112.0.1722.48-1) ...
Setting up microsoft-edge-stable (112.0.1722.48-1) ...
update-alternatives: using /usr/bin/microsoft-edge-stable to provide /usr/bin/microsoft-edge (microsoft-edge) in auto mode
Processing triggers for desktop-file-utils (0.28-1) ...
Processing triggers for menu (2.1.51) ...
CLDS: * Install MS Edge using *.deb.
CLDS: * Change config to run MS Edge as root.
<<<<<<< HEAD
CLDS: * Disk size = 6974356K. Space Used = 492664K. Runtime = 00:00:00:05.
=======
CLDS: * Disk size = 7357996K. Space Used = 492664K. Runtime = 00:00:00:09.
>>>>>>> 76ce2de21d35440cb3334f78d724dfbf626c7aaa
