CLDS:>>>>>>>>> Running inst-xtra-docker-ce.sh ...
Reading package lists...
Building dependency tree...
Reading state information...
The following additional packages will be installed:
  libip4tc2 libip6tc2 libnetfilter-conntrack3 libnfnetlink0
Suggested packages:
  firewalld
The following NEW packages will be installed:
  iptables libip4tc2 libip6tc2 libnetfilter-conntrack3 libnfnetlink0
0 upgraded, 5 newly installed, 0 to remove and 2 not upgraded.
Inst libip4tc2 (1.8.11-2 master_trixie-main trixie:trixie [amd64])
Inst libip6tc2 (1.8.11-2 master_trixie-main trixie:trixie [amd64])
Inst libnfnetlink0 (1.0.2-3 master_trixie-main trixie:trixie [amd64])
Inst libnetfilter-conntrack3 (1.1.0-1 master_trixie-main trixie:trixie [amd64])
Inst iptables (1.8.11-2 master_trixie-main trixie:trixie [amd64])
Conf libip4tc2 (1.8.11-2 master_trixie-main trixie:trixie [amd64])
Conf libip6tc2 (1.8.11-2 master_trixie-main trixie:trixie [amd64])
Conf libnfnetlink0 (1.0.2-3 master_trixie-main trixie:trixie [amd64])
Conf libnetfilter-conntrack3 (1.1.0-1 master_trixie-main trixie:trixie [amd64])
Conf iptables (1.8.11-2 master_trixie-main trixie:trixie [amd64])
Hit:1 http://localhost/aptly-repo/master_trixie-main trixie InRelease
Hit:2 http://localhost/aptly-repo/master_aptly-main squeeze InRelease
Hit:3 http://localhost/aptly-repo/master_deb-multimedia-main trixie InRelease
Hit:4 http://localhost/aptly-repo/master_deb-multimedia-non-free trixie InRelease
Hit:5 http://localhost/aptly-repo/master_docker-stable trixie InRelease
Hit:6 http://localhost/aptly-repo/master_google-cloud-main cloud-sdk InRelease
Hit:7 http://localhost/aptly-repo/master_google-main stable InRelease
Hit:8 http://localhost/aptly-repo/master_trixie-backports-main trixie-backports InRelease
Hit:9 http://localhost/aptly-repo/master_trixie-contrib trixie InRelease
Hit:10 http://localhost/aptly-repo/master_trixie-non-free-firmware trixie InRelease
Hit:11 http://localhost/aptly-repo/master_trixie-non-free trixie InRelease
Hit:12 http://localhost/aptly-repo/master_virtualbox-contrib trixie InRelease
Get:13 https://packages.microsoft.com/repos/edge stable InRelease [3,590 B]
Err:13 https://packages.microsoft.com/repos/edge stable InRelease
  Sub-process /usr/bin/sqv returned an error code (1), error message is: Signing key on BC528686B50D79E339D3721CEB3E94ADBE1229CF is not bound:            No binding signature at time 2026-03-04T00:12:53Z   because: Policy rejected non-revocation signature (PositiveCertification) requiring second pre-image resistance   because: SHA1 is not considered secure since 2026-02-01T00:00:00Z
Get:14 https://dl.google.com/linux/chrome/deb stable InRelease [1,825 B]
Get:15 https://packages.cloud.google.com/apt cloud-sdk InRelease [1,620 B]
Get:16 https://packages.cloud.google.com/apt cloud-sdk/main amd64 Packages [4,544 kB]
Get:17 https://dl.google.com/linux/chrome/deb stable/main amd64 Packages [1,215 B]
Get:18 https://packages.cloud.google.com/apt cloud-sdk/main all Packages [1,952 kB]
Reading package lists...
W: Target Packages (main/binary-amd64/Packages) is configured multiple times in /etc/apt/sources.list:1 and /etc/apt/sources.list:10
W: Target Packages (main/binary-all/Packages) is configured multiple times in /etc/apt/sources.list:1 and /etc/apt/sources.list:10
W: Target Translations (main/i18n/Translation-en_US) is configured multiple times in /etc/apt/sources.list:1 and /etc/apt/sources.list:10
W: Target Translations (main/i18n/Translation-en) is configured multiple times in /etc/apt/sources.list:1 and /etc/apt/sources.list:10
W: OpenPGP signature verification failed: https://packages.microsoft.com/repos/edge stable InRelease: Sub-process /usr/bin/sqv returned an error code (1), error message is: Signing key on BC528686B50D79E339D3721CEB3E94ADBE1229CF is not bound:            No binding signature at time 2026-03-04T00:12:53Z   because: Policy rejected non-revocation signature (PositiveCertification) requiring second pre-image resistance   because: SHA1 is not considered secure since 2026-02-01T00:00:00Z
E: The repository 'https://packages.microsoft.com/repos/edge stable InRelease' is not signed.
W: Target Packages (main/binary-amd64/Packages) is configured multiple times in /etc/apt/sources.list:1 and /etc/apt/sources.list:10
W: Target Packages (main/binary-all/Packages) is configured multiple times in /etc/apt/sources.list:1 and /etc/apt/sources.list:10
W: Target Translations (main/i18n/Translation-en_US) is configured multiple times in /etc/apt/sources.list:1 and /etc/apt/sources.list:10
W: Target Translations (main/i18n/Translation-en) is configured multiple times in /etc/apt/sources.list:1 and /etc/apt/sources.list:10
CLDS: * Disk size = 8336940K. Space Used = 10196K. Runtime = 00:00:00:03.
