total 45M
-rw-r--r--   1 root root 8.5K Dec  9 12:21 a.txt
drwxr-xr-x   5 root root 4.0K Dec  9 08:44 binary/
drwxr-xr-x   4 root root 4.0K Sep 11 13:20 binary-0/
drwxr-xr-x   4 root root 4.0K Sep 19 11:28 bootloader/
-rwxr-xr-x   1 root root  955 Dec  9 09:04 build-cld.sh*
-rw-r--r--   1 root root 121K Dec  9 08:44 build-elapsed.txt
-rw-r--r--   1 root root  930 Nov 15  2022 CHANGELOG
-rwxr-xr-x   1 root root  179 Nov 15  2022 CHANGELOG.sh*
-rwxr-xr-x   1 root root 1.4K Feb 19  2024 chroot.sh*
-rwxr-xr-x   1 root root  462 Nov 15  2022 cld-chroot-log-backup.sh*
-rwxr-xr-x   1 root root 1.2K Nov 15  2022 cld-chroot.sh*
-rwxr-xr-x   1 root root 1.7K Dec  9 09:04 cld-debootstrap.sh*
-rwxr-xr-x   1 root root  724 Nov 15  2023 cld-done-line.sh*
-rwxr-xr-x   1 root root 1.8K Nov 15  2022 cld-logs-backup.sh*
-rwxr-xr-x   1 root root  398 Nov 15  2022 cld-logs-extract-package-sizes.sh*
-rwxr-xr-x   1 root root  634 Nov 15  2022 cld-manuals-create.sh*
-rwxr-xr-x   1 root root 4.7K Sep  9 13:38 cld-mkiso.0.sh*
-rwxr-xr-x   1 root root 4.9K Sep 10 10:09 cld-mkiso.1-UEFI.sh*
-rwxr-xr-x   1 root root 5.1K Sep 15 11:36 cld-mkiso.sh*
-rwxr-xr-x   1 root root  220 Sep  9 15:03 cld-mkiso.test.sh*
-rwxr-xr-x   1 root root  799 Nov 15  2022 cld-mount.sh*
-rwxr-xr-x   1 root root 1.5K Feb 19  2024 cld.sh*
-rwxr-xr-x   1 root root 1.9K Nov 15  2022 cld--shlog-pkg-installed-extract.sh*
-rwxr-xr-x   1 root root 2.2K Nov 15  2022 cld-shlog.sh*
-rwxr-xr-x   1 root root  252 Nov 15  2022 cld-tools-deploy.sh*
-rwxr-xr-x   1 root root  709 Nov 15  2022 cld-umount.sh*
-rw-r--r--   1 root root 3.6K Nov 15  2022 Developer.md
drwxr-xr-x   3 root root 4.0K Nov 15  2022 docs/
drwxr-xr-x   8 root root 4.0K Dec  9 12:31 .git/
-rwxr-xr-x   1 root root 1.1K Sep 17 11:49 git-common-commits.sh*
-rw-r--r--   1 root root  161 Nov 26  2024 .gitignore
-rw-r--r--   1 root root 735K Nov 15  2022 home-o.all.txt
-rw-r--r--   1 root root 6.3K Nov 15  2022 home-o.fast.csv
-rw-r--r--   1 root root 6.6K Nov 15  2022 home-o.latest.csv
-rw-r--r--   1 root root  11K Nov 15  2022 home-o.latest.txt
-rwxr-xr-x   1 root root  367 Nov 15  2022 home.sh*
-rwxr-xr-x   1 root root   79 Nov 15  2022 init-chmod-script.sh*
drwxr-xr-x 139 root root  20K Dec  8 13:53 install-log/
-rw-r--r--   1 root root 8.7M Jan 27  2023 install-size-history.data
-rw-r--r--   1 root root  23M Dec  9 08:44 install-size-history.txt
-rw-r--r--   1 root root 4.3M Nov 15  2022 install-size-history.txt.2017
-rw-r--r--   1 root root 7.4M Nov 15  2022 install-size-history.txt.2018
-rw-r--r--   1 root root  18K Nov 15  2022 LICENSE
drwxr-xr-x   3 root root  20K Dec  8 14:03 logs/
-rw-r--r--   1 root root   54 Nov 27 11:04 log-update-bookworm.log
-rw-r--r--   1 root root    0 Dec  9 12:47 log-update-.log
-rwxr-xr-x   1 root root 3.8K Apr 19  2023 _master.sh*
-rw-r--r--   1 root root    0 Dec  9 08:46 new-keys.txt
-rw-r--r--   1 root root  63K Nov 15  2022 pkg-graph.dot
-rw-r--r--   1 root root    3 Nov 15  2022 pkg-graph-end.txt
-rwxr-xr-x   1 root root 1.8K Nov 15  2022 pkg-graph.sh*
-rw-r--r--   1 root root  145 Nov 15  2022 pkg-graph-start.txt
-rw-r--r--   1 root root  685 Nov 15  2022 .project
-rwxr-xr-x   1 root root  730 Nov 15  2022 qcheck-command-not-found.sh*
-rwxr-xr-x   1 root root  638 Nov 15  2022 qcheck-error-in-log.sh*
-rwxr-xr-x   1 root root  910 Nov 15  2022 qcheck-file-dir-not-found.sh*
-rwxr-xr-x   1 root root  817 Nov 15  2022 qcheck-jwm-missing-icons.sh*
-rwxr-xr-x   1 root root  724 Nov 15  2022 qcheck-list-manual-packages.sh*
-rwxr-xr-x   1 root root  728 Aug  1  2024 qcheck-not-installable.sh*
-rwxr-xr-x   1 root root  896 Nov 15  2022 qcheck-permission-denied.sh*
-rwxr-xr-x   1 root root  957 Aug  1  2024 qcheck.sh*
-rwxr-xr-x   1 root root 1.1K Nov 15  2022 qcheck-show-removed-packages.sh*
-rwxr-xr-x   1 root root  570 Jan 11  2023 qcheck-temporary-fix-scripts.sh*
-rwxr-xr-x   1 root root  905 Nov 15  2022 qcheck-warning.sh*
-rw-r--r--   1 root root 2.6K Nov 29  2022 quick-build.txt
-rw-r--r--   1 root root 2.9K Nov 15  2022 README.md
-rwxr-xr-x   1 root root 1.9K Mar 11  2024 _readme.sh*
-rwxr-xr-x   1 root root 2.1K Feb 19  2024 _readme-upgrade-distro.sh*
lrwxrwxrwx   1 root root   18 Nov 15  2022 repo -> scripts/repository/
-rwxr-xr-x   1 root root  608 Nov 15  2022 sc-create-parsable-data.sh*
-rwxr-xr-x   1 root root   28 Nov 15  2022 sc-graph-exclude.list*
-rwxr-xr-x   1 root root 3.1K Nov 15  2022 sc-graph-gnuplot.pg*
-rw-r--r--   1 root root  45K Nov 15  2022 scgraph-results-all.png
-rw-r--r--   1 root root 133K Nov 15  2022 scgraph-results-home.png
-rw-r--r--   1 root root  91K Nov 15  2022 scgraph-results-min.png
-rw-r--r--   1 root root 100K Nov 15  2022 scgraph-results-na.png
-rw-r--r--   1 root root  91K Nov 15  2022 scgraph-results-std.png
-rw-r--r--   1 root root 172K Nov 15  2022 scgraph-results-work.png
-rwxr-xr-x   1 root root 1.8K Nov 15  2022 sc-graph.sh*
-rwxr-xr-x   1 root root  822 Nov 15  2022 sc-reformat-log.sh*
drwxr-xr-x   5 root root 4.0K Sep 15 11:36 scripts/
drwxr-xr-x 106 root root  12K May 13  2025 scripts-rejected/
-rwxr-xr-x   1 root root 1.4K Nov 15  2022 sc-separate-script-data.sh*
-rwxr-xr-x   1 root root  112 Nov 15  2022 sc.sh*
-rw-r--r--   1 root root 462K Dec  9 08:44 sizes.log
-rwxr-xr-x   1 root root  871 Nov 15  2022 sort-size.sh*
-rwxr-xr-x   1 root root  295 Nov 15  2022 tag-all.sh*
-rwxr-xr-x   1 root root 1018 Nov 15  2022 tag-git.sh*
-rwxr-xr-x   1 root root 1.1K Nov 15  2022 test-script-localrepo.sh*
-rw-r--r--   1 root root  762 Jan 11  2023 to-dl-big-files.txt
-rw-r--r--   1 root root  540 Nov 15  2022 todo.md
-rwxr-xr-x   1 root root  540 Nov 15  2022 update-scripts.sh*
-rwxr-xr-x   1 root root  361 Nov 15  2022 wine.sh*
