CLDS:>>>>>>>>> Running inst-min-con-xtra-macchanger.sh ...
info: Trying to set 'macchanger/automatically_run' [boolean] to 'true'
info: Loading answer for 'macchanger/automatically_run'
Reading package lists...
Building dependency tree...
Reading state information...
The following NEW packages will be installed:
  macchanger
0 upgraded, 1 newly installed, 0 to remove and 0 not upgraded.
1 not fully installed or removed.
Need to get 191 kB of archives.
After this operation, 656 kB of additional disk space will be used.
Get:1 http://localhost/aptly-repo/master_trixie-main trixie/main amd64 macchanger amd64 1.7.0-6 [191 kB]
dpkg-preconfigure: unable to re-open stdin: No such file or directory
Fetched 191 kB in 0s (2,226 kB/s)
E: Can not write log (Is /dev/pts mounted?) - posix_openpt (2: No such file or directory)
Selecting previously unselected package macchanger.
(Reading database ... 108269 files and directories currently installed.)
Preparing to unpack .../macchanger_1.7.0-6_amd64.deb ...
Unpacking macchanger (1.7.0-6) ...
Setting up google-cloud-cli (549.0.1-0) ...
Fatal Python error: _Py_HashRandomization_Init: failed to get random numbers to initialize Python
Python runtime state: preinitialized

dpkg: error processing package google-cloud-cli (--configure):
 installed google-cloud-cli package post-installation script subprocess returned error exit status 1
Setting up macchanger (1.7.0-6) ...
Processing triggers for libc-bin (2.41-12) ...
Errors were encountered while processing:
 google-cloud-cli
E: Sub-process /usr/bin/dpkg returned an error code (1)
CLDS: * Disk size = 3801952K. Space Used = 944K. Runtime = 00:00:00:01.
