CLDS:>>>>>>>>> Running inst-min-con-xtra-yt-dlp-curl-cffi.sh ...
Collecting yt-dlp[curl-cffi,default]
  Downloading yt_dlp-2025.12.8-py3-none-any.whl.metadata (180 kB)
Requirement already satisfied: curl-cffi!=0.6.*,!=0.7.*,!=0.8.*,!=0.9.*,<0.14,>=0.5.10 in /usr/local/lib/python3.13/dist-packages (from yt-dlp[curl-cffi,default]) (0.13.0)
Collecting brotli (from yt-dlp[curl-cffi,default])
  Downloading brotli-1.2.0-cp313-cp313-manylinux2014_x86_64.manylinux_2_17_x86_64.whl.metadata (6.1 kB)
Requirement already satisfied: certifi in /usr/local/lib/python3.13/dist-packages (from yt-dlp[curl-cffi,default]) (2026.1.4)
Collecting mutagen (from yt-dlp[curl-cffi,default])
  Downloading mutagen-1.47.0-py3-none-any.whl.metadata (1.7 kB)
Collecting pycryptodomex (from yt-dlp[curl-cffi,default])
  Downloading pycryptodomex-3.23.0-cp37-abi3-manylinux_2_17_x86_64.manylinux2014_x86_64.whl.metadata (3.4 kB)
<<<<<<< HEAD
Collecting requests<3,>=2.32.2 (from yt-dlp[curl-cffi,default])
  Downloading requests-2.32.5-py3-none-any.whl.metadata (4.9 kB)
Collecting urllib3<3,>=2.0.2 (from yt-dlp[curl-cffi,default])
  Downloading urllib3-2.6.3-py3-none-any.whl.metadata (6.9 kB)
Collecting websockets>=13.0 (from yt-dlp[curl-cffi,default])
  Downloading websockets-16.0-cp313-cp313-manylinux1_x86_64.manylinux_2_28_x86_64.manylinux_2_5_x86_64.whl.metadata (6.8 kB)
=======
Requirement already satisfied: requests<3,>=2.32.2 in /usr/local/lib/python3.13/dist-packages (from yt-dlp[curl-cffi,default]) (2.32.5)
Requirement already satisfied: urllib3<3,>=2.0.2 in /usr/local/lib/python3.13/dist-packages (from yt-dlp[curl-cffi,default]) (2.6.3)
Requirement already satisfied: websockets>=13.0 in /usr/local/lib/python3.13/dist-packages (from yt-dlp[curl-cffi,default]) (16.0)
>>>>>>> 76ce2de21d35440cb3334f78d724dfbf626c7aaa
Collecting yt-dlp-ejs==0.3.2 (from yt-dlp[curl-cffi,default])
  Downloading yt_dlp_ejs-0.3.2-py3-none-any.whl.metadata (3.0 kB)
Requirement already satisfied: cffi>=1.12.0 in /usr/local/lib/python3.13/dist-packages (from curl-cffi!=0.6.*,!=0.7.*,!=0.8.*,!=0.9.*,<0.14,>=0.5.10->yt-dlp[curl-cffi,default]) (2.0.0)
Requirement already satisfied: charset_normalizer<4,>=2 in /usr/local/lib/python3.13/dist-packages (from requests<3,>=2.32.2->yt-dlp[curl-cffi,default]) (3.4.4)
Requirement already satisfied: idna<4,>=2.5 in /usr/local/lib/python3.13/dist-packages (from requests<3,>=2.32.2->yt-dlp[curl-cffi,default]) (3.11)
Requirement already satisfied: pycparser in /usr/local/lib/python3.13/dist-packages (from cffi>=1.12.0->curl-cffi!=0.6.*,!=0.7.*,!=0.8.*,!=0.9.*,<0.14,>=0.5.10->yt-dlp[curl-cffi,default]) (2.23)
Downloading yt_dlp-2025.12.8-py3-none-any.whl (3.3 MB)
<<<<<<< HEAD
   ━━━━━━━━━━━━━━━━━━━━━━━━━━━━━━━━━━━━━━━━ 3.3/3.3 MB 1.8 MB/s eta 0:00:00
Downloading yt_dlp_ejs-0.3.2-py3-none-any.whl (53 kB)
Downloading curl_cffi-0.13.0-cp39-abi3-manylinux_2_17_x86_64.manylinux2014_x86_64.whl (8.3 MB)
   ━━━━━━━━━━━━━━━━━━━━━━━━━━━━━━━━━━━━━━━━ 8.3/8.3 MB 1.8 MB/s eta 0:00:00
Downloading requests-2.32.5-py3-none-any.whl (64 kB)
Downloading charset_normalizer-3.4.4-cp313-cp313-manylinux2014_x86_64.manylinux_2_17_x86_64.manylinux_2_28_x86_64.whl (153 kB)
Downloading idna-3.11-py3-none-any.whl (71 kB)
Downloading urllib3-2.6.3-py3-none-any.whl (131 kB)
Downloading certifi-2026.1.4-py3-none-any.whl (152 kB)
Downloading cffi-2.0.0-cp313-cp313-manylinux2014_x86_64.manylinux_2_17_x86_64.whl (219 kB)
Downloading websockets-16.0-cp313-cp313-manylinux1_x86_64.manylinux_2_28_x86_64.manylinux_2_5_x86_64.whl (184 kB)
Downloading brotli-1.2.0-cp313-cp313-manylinux2014_x86_64.manylinux_2_17_x86_64.whl (1.4 MB)
   ━━━━━━━━━━━━━━━━━━━━━━━━━━━━━━━━━━━━━━━━ 1.4/1.4 MB 1.8 MB/s eta 0:00:00
=======
   ━━━━━━━━━━━━━━━━━━━━━━━━━━━━━━━━━━━━━━━━ 3.3/3.3 MB 66.4 MB/s eta 0:00:00
Downloading yt_dlp_ejs-0.3.2-py3-none-any.whl (53 kB)
Downloading brotli-1.2.0-cp313-cp313-manylinux2014_x86_64.manylinux_2_17_x86_64.whl (1.4 MB)
   ━━━━━━━━━━━━━━━━━━━━━━━━━━━━━━━━━━━━━━━━ 1.4/1.4 MB 53.0 MB/s eta 0:00:00
>>>>>>> 76ce2de21d35440cb3334f78d724dfbf626c7aaa
Downloading mutagen-1.47.0-py3-none-any.whl (194 kB)
Downloading pycryptodomex-3.23.0-cp37-abi3-manylinux_2_17_x86_64.manylinux2014_x86_64.whl (2.3 MB)
<<<<<<< HEAD
   ━━━━━━━━━━━━━━━━━━━━━━━━━━━━━━━━━━━━━━━━ 2.3/2.3 MB 1.9 MB/s eta 0:00:00
Installing collected packages: brotli, yt-dlp-ejs, yt-dlp, websockets, urllib3, pycryptodomex, pycparser, mutagen, idna, charset_normalizer, certifi, requests, cffi, curl-cffi

Successfully installed brotli-1.2.0 certifi-2026.1.4 cffi-2.0.0 charset_normalizer-3.4.4 curl-cffi-0.13.0 idna-3.11 mutagen-1.47.0 pycparser-2.23 pycryptodomex-3.23.0 requests-2.32.5 urllib3-2.6.3 websockets-16.0 yt-dlp-2025.12.8 yt-dlp-ejs-0.3.2
=======
   ━━━━━━━━━━━━━━━━━━━━━━━━━━━━━━━━━━━━━━━━ 2.3/2.3 MB 58.2 MB/s eta 0:00:00
Installing collected packages: brotli, yt-dlp-ejs, yt-dlp, pycryptodomex, mutagen

Successfully installed brotli-1.2.0 mutagen-1.47.0 pycryptodomex-3.23.0 yt-dlp-2025.12.8 yt-dlp-ejs-0.3.2
>>>>>>> 76ce2de21d35440cb3334f78d724dfbf626c7aaa
WARNING: Running pip as the 'root' user can result in broken permissions and conflicting behaviour with the system package manager, possibly rendering your system unusable. It is recommended to use a virtual environment instead: https://pip.pypa.io/warnings/venv. Use the --root-user-action option if you know what you are doing and want to suppress this warning.
[info] Available impersonate targets
Client        OS           Source
------------------------------------
Safari-17.2   Ios-17.2     curl_cffi
Safari-18.0   Ios-18.0     curl_cffi
Safari-18.4   Ios-18.4     curl_cffi
Safari-26.0   Ios-26.0     curl_cffi
Chrome-99     Android-12   curl_cffi
Chrome-131    Android-14   curl_cffi
Tor-14.5      Macos-14     curl_cffi
Edge-99       Windows-10   curl_cffi
Edge-101      Windows-10   curl_cffi
Firefox-133   Macos-14     curl_cffi
Firefox-135   Macos-14     curl_cffi
Safari-15.3   Macos-14     curl_cffi
Safari-15.5   Macos-14     curl_cffi
Safari-17.0   Macos-14     curl_cffi
Safari-18.0   Macos-15     curl_cffi
Safari-18.4   Macos-15     curl_cffi
Safari-26.0   Macos-26     curl_cffi
Chrome-99     Windows-10   curl_cffi
Chrome-100    Windows-10   curl_cffi
Chrome-101    Windows-10   curl_cffi
Chrome-104    Windows-10   curl_cffi
Chrome-107    Windows-10   curl_cffi
Chrome-110    Windows-10   curl_cffi
Chrome-116    Windows-10   curl_cffi
Chrome-119    Macos-14     curl_cffi
Chrome-120    Macos-14     curl_cffi
Chrome-123    Macos-14     curl_cffi
Chrome-124    Macos-14     curl_cffi
Chrome-131    Macos-14     curl_cffi
Chrome-133    Macos-15     curl_cffi
Chrome-136    Macos-15     curl_cffi
2025.12.08
CLDS: * Install curl-cffi for yt-dlp to impersonate: yt-dlp --impersonate Chrome-124
<<<<<<< HEAD
CLDS: * Disk size = 4875816K. Space Used = 92920K. Runtime = 00:00:00:16.
=======
CLDS: * Disk size = 5259464K. Space Used = 51756K. Runtime = 00:00:00:04.
>>>>>>> 76ce2de21d35440cb3334f78d724dfbf626c7aaa
