CLDS:>>>>>>>>> Running inst-std-office-libreoffice-all.sh ...
Reading package lists...
Building dependency tree...
Reading state information...
The following additional packages will be installed:
  coinor-libcbc3.1 coinor-libcgl1 coinor-libclp1 coinor-libcoinmp0
  coinor-libcoinutils3v5 coinor-libosi1v5 fonts-opensymbol libabw-0.1-1
  libboost-iostreams1.83.0 libboost-locale1.83.0 libboost-thread1.83.0
  libbox2d2 libcdr-0.1-1 libclucene-contribs1t64 libclucene-core1t64
  libcmis-0.6-6t64 libe-book-0.1-1 libeot0 libepubgen-0.1-1 libetonyek-0.1-1
  libexttextcat-2.0-0 libexttextcat-data libfreehand-0.1-1 libharfbuzz-icu0
  libhunspell-1.7-0 libhyphen0 liblangtag-common liblangtag1 libmhash2
  libmspub-0.1-1 libmwaw-0.3-3 libmythes-1.2-0 libnumbertext-1.0-0
  libnumbertext-data libodfgen-0.1-1 liborcus-0.18-0 liborcus-parser-0.18-0
  libpagemaker-0.0-0 libqxp-0.0-0 librasqal3t64 librdf0t64 libreoffice-base
  libreoffice-base-core libreoffice-base-drivers libreoffice-calc
  libreoffice-common libreoffice-core libreoffice-draw libreoffice-impress
  libreoffice-math libreoffice-report-builder-bin libreoffice-style-colibre
  libreoffice-uiconfig-base libreoffice-uiconfig-calc
  libreoffice-uiconfig-common libreoffice-uiconfig-draw
  libreoffice-uiconfig-impress libreoffice-uiconfig-math
  libreoffice-uiconfig-writer libreoffice-writer librevenge-0.0-0
  libstaroffice-0.0-0 libuno-cppu3t64 libuno-cppuhelpergcc3-3t64
  libuno-purpenvhelpergcc3-3t64 libuno-sal3t64 libuno-salhelpergcc3-3t64
  libvisio-0.1-1 libwpd-0.10-10 libwpg-0.3-3 libwps-0.4-4 libxmlsec1t64
  libxmlsec1t64-nss libzmf-0.0-0 libzxcvbn0 python3-uno uno-libs-private ure
Suggested packages:
  rasqal-utils librdf-storage-mysql librdf-storage-postgresql
  librdf-storage-sqlite librdf-storage-virtuoso redland-utils cups-bsd
  ghostscript gpa hunspell-dictionary hyphen-hyphenation-patterns imagemagick
  | graphicsmagick-imagemagick-compat libreoffice-gnome | libreoffice-plasma
  libreoffice-grammarcheck libreoffice-help libreoffice-l10n
  libreoffice-librelogo myspell-dictionary mythes-thesaurus
  openclipart-libreoffice pstoedit unixodbc gstreamer1.0-plugins-ugly
  gstreamer1.0-libav libsane1 libofficebean-java libreoffice-report-builder
  python3-access2base libjtds-java libreoffice-sdbc-mysql | libmyodbc
  | libmariadb-java libreoffice-sdbc-postgresql | odbc-postgresql | libpg-java
  libsqliteodbc | tdsodbc | odbc-mdbtools python3-scriptforge bluez
  fonts-crosextra-caladea fonts-crosextra-carlito libreoffice-java-common
Recommended packages:
  hunspell-en-us | hunspell-dictionary | myspell-dictionary
  fonts-crosextra-caladea fonts-crosextra-carlito fonts-dejavu
  fonts-linuxlibertine fonts-noto-core fonts-noto-extra fonts-noto-mono
  fonts-noto-ui-core fonts-sil-gentium-basic libreoffice-nlpsolver
  libreoffice-report-builder libreoffice-script-provider-bsh
  libreoffice-script-provider-js libreoffice-script-provider-python
  libreoffice-sdbc-mysql libreoffice-sdbc-postgresql
  libreoffice-wiki-publisher libreoffice-java-common
  fonts-liberation-sans-narrow libreoffice-sdbc-hsqldb
  libreoffice-sdbc-firebird apparmor libpaper-utils gstreamer1.0-plugins-ugly
  gstreamer1.0-libav
The following NEW packages will be installed:
  coinor-libcbc3.1 coinor-libcgl1 coinor-libclp1 coinor-libcoinmp0
  coinor-libcoinutils3v5 coinor-libosi1v5 fonts-opensymbol libabw-0.1-1
  libboost-iostreams1.83.0 libboost-locale1.83.0 libboost-thread1.83.0
  libbox2d2 libcdr-0.1-1 libclucene-contribs1t64 libclucene-core1t64
  libcmis-0.6-6t64 libe-book-0.1-1 libeot0 libepubgen-0.1-1 libetonyek-0.1-1
  libexttextcat-2.0-0 libexttextcat-data libfreehand-0.1-1 libharfbuzz-icu0
  libhunspell-1.7-0 libhyphen0 liblangtag-common liblangtag1 libmhash2
  libmspub-0.1-1 libmwaw-0.3-3 libmythes-1.2-0 libnumbertext-1.0-0
  libnumbertext-data libodfgen-0.1-1 liborcus-0.18-0 liborcus-parser-0.18-0
  libpagemaker-0.0-0 libqxp-0.0-0 librasqal3t64 librdf0t64 libreoffice
  libreoffice-base libreoffice-base-core libreoffice-base-drivers
  libreoffice-calc libreoffice-common libreoffice-core libreoffice-draw
  libreoffice-impress libreoffice-math libreoffice-report-builder-bin
  libreoffice-style-colibre libreoffice-uiconfig-base
  libreoffice-uiconfig-calc libreoffice-uiconfig-common
  libreoffice-uiconfig-draw libreoffice-uiconfig-impress
  libreoffice-uiconfig-math libreoffice-uiconfig-writer libreoffice-writer
  librevenge-0.0-0 libstaroffice-0.0-0 libuno-cppu3t64
  libuno-cppuhelpergcc3-3t64 libuno-purpenvhelpergcc3-3t64 libuno-sal3t64
  libuno-salhelpergcc3-3t64 libvisio-0.1-1 libwpd-0.10-10 libwpg-0.3-3
  libwps-0.4-4 libxmlsec1t64 libxmlsec1t64-nss libzmf-0.0-0 libzxcvbn0
  python3-uno uno-libs-private ure
0 upgraded, 79 newly installed, 0 to remove and 0 not upgraded.
1 not fully installed or removed.
Need to get 107 MB of archives.
After this operation, 376 MB of additional disk space will be used.
Get:1 http://localhost/aptly-repo/master_trixie-main trixie/main amd64 libreoffice-style-colibre all 4:25.2.3-2+deb13u2 [7,330 kB]
Get:2 http://localhost/aptly-repo/master_trixie-main trixie/main amd64 libreoffice-uiconfig-common all 4:25.2.3-2+deb13u2 [385 kB]
Get:3 http://localhost/aptly-repo/master_trixie-main trixie/main amd64 libuno-sal3t64 amd64 4:25.2.3-2+deb13u2 [217 kB]
Get:4 http://localhost/aptly-repo/master_trixie-main trixie/main amd64 libuno-salhelpergcc3-3t64 amd64 4:25.2.3-2+deb13u2 [52.6 kB]
Get:5 http://localhost/aptly-repo/master_trixie-main trixie/main amd64 libuno-cppu3t64 amd64 4:25.2.3-2+deb13u2 [119 kB]
Get:6 http://localhost/aptly-repo/master_trixie-main trixie/main amd64 uno-libs-private amd64 4:25.2.3-2+deb13u2 [238 kB]
Get:7 http://localhost/aptly-repo/master_trixie-main trixie/main amd64 liblangtag-common all 0.6.7-1 [191 kB]
Get:8 http://localhost/aptly-repo/master_trixie-main trixie/main amd64 liblangtag1 amd64 0.6.7-1+b2 [51.2 kB]
Get:9 http://localhost/aptly-repo/master_trixie-main trixie/main amd64 libuno-cppuhelpergcc3-3t64 amd64 4:25.2.3-2+deb13u2 [319 kB]
Get:10 http://localhost/aptly-repo/master_trixie-main trixie/main amd64 libuno-purpenvhelpergcc3-3t64 amd64 4:25.2.3-2+deb13u2 [51.3 kB]
Get:11 http://localhost/aptly-repo/master_trixie-main trixie/main amd64 ure amd64 4:25.2.3-2+deb13u2 [1,254 kB]
Get:12 http://localhost/aptly-repo/master_trixie-main trixie/main amd64 libnumbertext-data all 1.0.11-4 [70.4 kB]
Get:13 http://localhost/aptly-repo/master_trixie-main trixie/main amd64 libreoffice-common all 4:25.2.3-2+deb13u2 [21.7 MB]
Get:14 http://localhost/aptly-repo/master_trixie-main trixie/main amd64 fonts-opensymbol all 4:102.12+LibO25.2.3-2+deb13u2 [128 kB]
Get:15 http://localhost/aptly-repo/master_trixie-main trixie/main amd64 libboost-thread1.83.0 amd64 1.83.0-4.2 [270 kB]
Get:16 http://localhost/aptly-repo/master_trixie-main trixie/main amd64 libboost-locale1.83.0 amd64 1.83.0-4.2 [473 kB]
Get:17 http://localhost/aptly-repo/master_trixie-main trixie/main amd64 libclucene-core1t64 amd64 2.3.3.4+dfsg-1.2+b1 [512 kB]
Get:18 http://localhost/aptly-repo/master_trixie-main trixie/main amd64 libclucene-contribs1t64 amd64 2.3.3.4+dfsg-1.2+b1 [84.4 kB]
Get:19 http://localhost/aptly-repo/master_trixie-main trixie/main amd64 libcmis-0.6-6t64 amd64 0.6.2-2.1+b1 [442 kB]
Get:20 http://localhost/aptly-repo/master_trixie-main trixie/main amd64 libeot0 amd64 0.01-5+b2 [27.2 kB]
Get:21 http://localhost/aptly-repo/master_trixie-main trixie/main amd64 libexttextcat-data all 3.4.7-1 [176 kB]
Get:22 http://localhost/aptly-repo/master_trixie-main trixie/main amd64 libexttextcat-2.0-0 amd64 3.4.7-1+b1 [14.3 kB]
Get:23 http://localhost/aptly-repo/master_trixie-main trixie/main amd64 libharfbuzz-icu0 amd64 10.2.0-1+b1 [15.6 kB]
Get:24 http://localhost/aptly-repo/master_trixie-main trixie/main amd64 libhunspell-1.7-0 amd64 1.7.2+really1.7.2-10+b4 [237 kB]
Get:25 http://localhost/aptly-repo/master_trixie-main trixie/main amd64 libhyphen0 amd64 2.8.8-7+b2 [30.7 kB]
Get:26 http://localhost/aptly-repo/master_trixie-main trixie/main amd64 libmythes-1.2-0 amd64 2:1.2.5-1+b2 [10.8 kB]
Get:27 http://localhost/aptly-repo/master_trixie-main trixie/main amd64 libnumbertext-1.0-0 amd64 1.0.11-4+b2 [109 kB]
Get:28 http://localhost/aptly-repo/master_trixie-main trixie/main amd64 libboost-iostreams1.83.0 amd64 1.83.0-4.2 [254 kB]
Get:29 http://localhost/aptly-repo/master_trixie-main trixie/main amd64 liborcus-parser-0.18-0 amd64 0.19.2-6+b1 [116 kB]
Get:30 http://localhost/aptly-repo/master_trixie-main trixie/main amd64 liborcus-0.18-0 amd64 0.19.2-6+b1 [432 kB]
Get:31 http://localhost/aptly-repo/master_trixie-main trixie/main amd64 libmhash2 amd64 0.9.9.9-10 [92.4 kB]
Get:32 http://localhost/aptly-repo/master_trixie-main trixie/main amd64 librasqal3t64 amd64 0.9.33-2.1+b2 [191 kB]
Get:33 http://localhost/aptly-repo/master_trixie-main trixie/main amd64 librdf0t64 amd64 1.0.17-4+b1 [107 kB]
Get:34 http://localhost/aptly-repo/master_trixie-main trixie/main amd64 librevenge-0.0-0 amd64 0.0.5-3+b2 [295 kB]
Get:35 http://localhost/aptly-repo/master_trixie-main trixie/main amd64 libxmlsec1t64 amd64 1.2.41-1+b1 [155 kB]
Get:36 http://localhost/aptly-repo/master_trixie-main trixie/main amd64 libxmlsec1t64-nss amd64 1.2.41-1+b1 [66.0 kB]
Get:37 http://localhost/aptly-repo/master_trixie-main trixie/main amd64 libzxcvbn0 amd64 2.5+dfsg-2+b2 [860 kB]
Get:38 http://localhost/aptly-repo/master_trixie-main trixie/main amd64 libreoffice-core amd64 4:25.2.3-2+deb13u2 [32.2 MB]
Get:39 http://localhost/aptly-repo/master_trixie-main trixie/main amd64 libreoffice-base-core amd64 4:25.2.3-2+deb13u2 [800 kB]
Get:40 http://localhost/aptly-repo/master_trixie-main trixie/main amd64 libreoffice-base-drivers amd64 4:25.2.3-2+deb13u2 [550 kB]
Get:41 http://localhost/aptly-repo/master_trixie-main trixie/main amd64 libreoffice-uiconfig-base all 4:25.2.3-2+deb13u2 [85.1 kB]
Get:42 http://localhost/aptly-repo/master_trixie-main trixie/main amd64 libreoffice-base amd64 4:25.2.3-2+deb13u2 [1,396 kB]
Get:43 http://localhost/aptly-repo/master_trixie-main trixie/main amd64 libreoffice-uiconfig-calc all 4:25.2.3-2+deb13u2 [214 kB]
Get:44 http://localhost/aptly-repo/master_trixie-main trixie/main amd64 coinor-libcoinutils3v5 amd64 2.11.11+ds-5 [460 kB]
Get:45 http://localhost/aptly-repo/master_trixie-main trixie/main amd64 coinor-libosi1v5 amd64 0.108.10+ds-2 [293 kB]
Get:46 http://localhost/aptly-repo/master_trixie-main trixie/main amd64 coinor-libclp1 amd64 1.17.10+ds-1 [883 kB]
Get:47 http://localhost/aptly-repo/master_trixie-main trixie/main amd64 coinor-libcgl1 amd64 0.60.9+ds-1 [426 kB]
Get:48 http://localhost/aptly-repo/master_trixie-main trixie/main amd64 coinor-libcbc3.1 amd64 2.10.12+ds-1 [714 kB]
Get:49 http://localhost/aptly-repo/master_trixie-main trixie/main amd64 coinor-libcoinmp0 amd64 1.8.4+dfsg-2 [32.5 kB]
Get:50 http://localhost/aptly-repo/master_trixie-main trixie/main amd64 libetonyek-0.1-1 amd64 0.1.12-1 [840 kB]
Get:51 http://localhost/aptly-repo/master_trixie-main trixie/main amd64 libmwaw-0.3-3 amd64 0.3.22-1+b2 [2,840 kB]
Get:52 http://localhost/aptly-repo/master_trixie-main trixie/main amd64 libodfgen-0.1-1 amd64 0.1.8-2+b2 [313 kB]
Get:53 http://localhost/aptly-repo/master_trixie-main trixie/main amd64 libstaroffice-0.0-0 amd64 0.0.7-1+b2 [735 kB]
Get:54 http://localhost/aptly-repo/master_trixie-main trixie/main amd64 libwps-0.4-4 amd64 0.4.14-2+b2 [913 kB]
Get:55 http://localhost/aptly-repo/master_trixie-main trixie/main amd64 libreoffice-calc amd64 4:25.2.3-2+deb13u2 [8,213 kB]
Get:56 http://localhost/aptly-repo/master_trixie-main trixie/main amd64 libreoffice-uiconfig-draw all 4:25.2.3-2+deb13u2 [120 kB]
Get:57 http://localhost/aptly-repo/master_trixie-main trixie/main amd64 libreoffice-uiconfig-impress all 4:25.2.3-2+deb13u2 [178 kB]
Get:58 http://localhost/aptly-repo/master_trixie-main trixie/main amd64 libcdr-0.1-1 amd64 0.1.7-1+b3 [407 kB]
Get:59 http://localhost/aptly-repo/master_trixie-main trixie/main amd64 libfreehand-0.1-1 amd64 0.1.2-3 [267 kB]
Get:60 http://localhost/aptly-repo/master_trixie-main trixie/main amd64 libmspub-0.1-1 amd64 0.1.4-3+b5 [179 kB]
Get:61 http://localhost/aptly-repo/master_trixie-main trixie/main amd64 libpagemaker-0.0-0 amd64 0.0.4-1+b2 [81.9 kB]
Get:62 http://localhost/aptly-repo/master_trixie-main trixie/main amd64 libqxp-0.0-0 amd64 0.0.2-1+b4 [128 kB]
Get:63 http://localhost/aptly-repo/master_trixie-main trixie/main amd64 libvisio-0.1-1 amd64 0.1.7-1+b5 [315 kB]
Get:64 http://localhost/aptly-repo/master_trixie-main trixie/main amd64 libwpd-0.10-10 amd64 0.10.3-2+b2 [263 kB]
Get:65 http://localhost/aptly-repo/master_trixie-main trixie/main amd64 libwpg-0.3-3 amd64 0.3.4-3+b2 [81.3 kB]
Get:66 http://localhost/aptly-repo/master_trixie-main trixie/main amd64 libzmf-0.0-0 amd64 0.0.2-1+b9 [86.9 kB]
Get:67 http://localhost/aptly-repo/master_trixie-main trixie/main amd64 libreoffice-draw amd64 4:25.2.3-2+deb13u2 [2,996 kB]
Get:68 http://localhost/aptly-repo/master_trixie-main trixie/main amd64 libbox2d2 amd64 2.4.1-3+b3 [96.0 kB]
Get:69 http://localhost/aptly-repo/master_trixie-main trixie/main amd64 libreoffice-impress amd64 4:25.2.3-2+deb13u2 [746 kB]
Get:70 http://localhost/aptly-repo/master_trixie-main trixie/main amd64 libreoffice-uiconfig-math all 4:25.2.3-2+deb13u2 [58.1 kB]
Get:71 http://localhost/aptly-repo/master_trixie-main trixie/main amd64 libreoffice-math amd64 4:25.2.3-2+deb13u2 [530 kB]
Get:72 http://localhost/aptly-repo/master_trixie-main trixie/main amd64 libreoffice-uiconfig-writer all 4:25.2.3-2+deb13u2 [300 kB]
Get:73 http://localhost/aptly-repo/master_trixie-main trixie/main amd64 libabw-0.1-1 amd64 0.1.3-1+b2 [124 kB]
Get:74 http://localhost/aptly-repo/master_trixie-main trixie/main amd64 libe-book-0.1-1 amd64 0.1.3-2+b4 [205 kB]
Get:75 http://localhost/aptly-repo/master_trixie-main trixie/main amd64 libepubgen-0.1-1 amd64 0.1.1-1+b2 [156 kB]
Get:76 http://localhost/aptly-repo/master_trixie-main trixie/main amd64 libreoffice-writer amd64 4:25.2.3-2+deb13u2 [9,855 kB]
Get:77 http://localhost/aptly-repo/master_trixie-main trixie/main amd64 python3-uno amd64 4:25.2.3-2+deb13u2 [173 kB]
Get:78 http://localhost/aptly-repo/master_trixie-main trixie/main amd64 libreoffice-report-builder-bin amd64 4:25.2.3-2+deb13u2 [819 kB]
Get:79 http://localhost/aptly-repo/master_trixie-main trixie/main amd64 libreoffice amd64 4:25.2.3-2+deb13u2 [49.0 kB]
dpkg-preconfigure: unable to re-open stdin: No such file or directory
Fetched 107 MB in 1s (189 MB/s)
E: Can not write log (Is /dev/pts mounted?) - posix_openpt (2: No such file or directory)
Selecting previously unselected package libreoffice-style-colibre.
(Reading database ... 137599 files and directories currently installed.)
Preparing to unpack .../00-libreoffice-style-colibre_4%3a25.2.3-2+deb13u2_all.deb ...
Unpacking libreoffice-style-colibre (4:25.2.3-2+deb13u2) ...
Selecting previously unselected package libreoffice-uiconfig-common.
Preparing to unpack .../01-libreoffice-uiconfig-common_4%3a25.2.3-2+deb13u2_all.deb ...
Unpacking libreoffice-uiconfig-common (4:25.2.3-2+deb13u2) ...
Selecting previously unselected package libuno-sal3t64.
Preparing to unpack .../02-libuno-sal3t64_4%3a25.2.3-2+deb13u2_amd64.deb ...
Unpacking libuno-sal3t64 (4:25.2.3-2+deb13u2) ...
Selecting previously unselected package libuno-salhelpergcc3-3t64.
Preparing to unpack .../03-libuno-salhelpergcc3-3t64_4%3a25.2.3-2+deb13u2_amd64.deb ...
Unpacking libuno-salhelpergcc3-3t64 (4:25.2.3-2+deb13u2) ...
Selecting previously unselected package libuno-cppu3t64.
Preparing to unpack .../04-libuno-cppu3t64_4%3a25.2.3-2+deb13u2_amd64.deb ...
Unpacking libuno-cppu3t64 (4:25.2.3-2+deb13u2) ...
Selecting previously unselected package uno-libs-private.
Preparing to unpack .../05-uno-libs-private_4%3a25.2.3-2+deb13u2_amd64.deb ...
Unpacking uno-libs-private (4:25.2.3-2+deb13u2) ...
Selecting previously unselected package liblangtag-common.
Preparing to unpack .../06-liblangtag-common_0.6.7-1_all.deb ...
Unpacking liblangtag-common (0.6.7-1) ...
Selecting previously unselected package liblangtag1:amd64.
Preparing to unpack .../07-liblangtag1_0.6.7-1+b2_amd64.deb ...
Unpacking liblangtag1:amd64 (0.6.7-1+b2) ...
Selecting previously unselected package libuno-cppuhelpergcc3-3t64.
Preparing to unpack .../08-libuno-cppuhelpergcc3-3t64_4%3a25.2.3-2+deb13u2_amd64.deb ...
Unpacking libuno-cppuhelpergcc3-3t64 (4:25.2.3-2+deb13u2) ...
Selecting previously unselected package libuno-purpenvhelpergcc3-3t64.
Preparing to unpack .../09-libuno-purpenvhelpergcc3-3t64_4%3a25.2.3-2+deb13u2_amd64.deb ...
Unpacking libuno-purpenvhelpergcc3-3t64 (4:25.2.3-2+deb13u2) ...
Selecting previously unselected package ure.
Preparing to unpack .../10-ure_4%3a25.2.3-2+deb13u2_amd64.deb ...
Unpacking ure (4:25.2.3-2+deb13u2) ...
Selecting previously unselected package libnumbertext-data.
Preparing to unpack .../11-libnumbertext-data_1.0.11-4_all.deb ...
Unpacking libnumbertext-data (1.0.11-4) ...
Selecting previously unselected package libreoffice-common.
Preparing to unpack .../12-libreoffice-common_4%3a25.2.3-2+deb13u2_all.deb ...
Unpacking libreoffice-common (4:25.2.3-2+deb13u2) ...
Selecting previously unselected package fonts-opensymbol.
Preparing to unpack .../13-fonts-opensymbol_4%3a102.12+LibO25.2.3-2+deb13u2_all.deb ...
Unpacking fonts-opensymbol (4:102.12+LibO25.2.3-2+deb13u2) ...
Selecting previously unselected package libboost-thread1.83.0:amd64.
Preparing to unpack .../14-libboost-thread1.83.0_1.83.0-4.2_amd64.deb ...
Unpacking libboost-thread1.83.0:amd64 (1.83.0-4.2) ...
Selecting previously unselected package libboost-locale1.83.0:amd64.
Preparing to unpack .../15-libboost-locale1.83.0_1.83.0-4.2_amd64.deb ...
Unpacking libboost-locale1.83.0:amd64 (1.83.0-4.2) ...
Selecting previously unselected package libclucene-core1t64:amd64.
Preparing to unpack .../16-libclucene-core1t64_2.3.3.4+dfsg-1.2+b1_amd64.deb ...
Unpacking libclucene-core1t64:amd64 (2.3.3.4+dfsg-1.2+b1) ...
Selecting previously unselected package libclucene-contribs1t64:amd64.
Preparing to unpack .../17-libclucene-contribs1t64_2.3.3.4+dfsg-1.2+b1_amd64.deb ...
Unpacking libclucene-contribs1t64:amd64 (2.3.3.4+dfsg-1.2+b1) ...
Selecting previously unselected package libcmis-0.6-6t64.
Preparing to unpack .../18-libcmis-0.6-6t64_0.6.2-2.1+b1_amd64.deb ...
Unpacking libcmis-0.6-6t64 (0.6.2-2.1+b1) ...
Selecting previously unselected package libeot0:amd64.
Preparing to unpack .../19-libeot0_0.01-5+b2_amd64.deb ...
Unpacking libeot0:amd64 (0.01-5+b2) ...
Selecting previously unselected package libexttextcat-data.
Preparing to unpack .../20-libexttextcat-data_3.4.7-1_all.deb ...
Unpacking libexttextcat-data (3.4.7-1) ...
Selecting previously unselected package libexttextcat-2.0-0:amd64.
Preparing to unpack .../21-libexttextcat-2.0-0_3.4.7-1+b1_amd64.deb ...
Unpacking libexttextcat-2.0-0:amd64 (3.4.7-1+b1) ...
Selecting previously unselected package libharfbuzz-icu0:amd64.
Preparing to unpack .../22-libharfbuzz-icu0_10.2.0-1+b1_amd64.deb ...
Unpacking libharfbuzz-icu0:amd64 (10.2.0-1+b1) ...
Selecting previously unselected package libhunspell-1.7-0:amd64.
Preparing to unpack .../23-libhunspell-1.7-0_1.7.2+really1.7.2-10+b4_amd64.deb ...
Unpacking libhunspell-1.7-0:amd64 (1.7.2+really1.7.2-10+b4) ...
Selecting previously unselected package libhyphen0:amd64.
Preparing to unpack .../24-libhyphen0_2.8.8-7+b2_amd64.deb ...
Unpacking libhyphen0:amd64 (2.8.8-7+b2) ...
Selecting previously unselected package libmythes-1.2-0:amd64.
Preparing to unpack .../25-libmythes-1.2-0_2%3a1.2.5-1+b2_amd64.deb ...
Unpacking libmythes-1.2-0:amd64 (2:1.2.5-1+b2) ...
Selecting previously unselected package libnumbertext-1.0-0:amd64.
Preparing to unpack .../26-libnumbertext-1.0-0_1.0.11-4+b2_amd64.deb ...
Unpacking libnumbertext-1.0-0:amd64 (1.0.11-4+b2) ...
Selecting previously unselected package libboost-iostreams1.83.0:amd64.
Preparing to unpack .../27-libboost-iostreams1.83.0_1.83.0-4.2_amd64.deb ...
Unpacking libboost-iostreams1.83.0:amd64 (1.83.0-4.2) ...
Selecting previously unselected package liborcus-parser-0.18-0:amd64.
Preparing to unpack .../28-liborcus-parser-0.18-0_0.19.2-6+b1_amd64.deb ...
Unpacking liborcus-parser-0.18-0:amd64 (0.19.2-6+b1) ...
Selecting previously unselected package liborcus-0.18-0:amd64.
Preparing to unpack .../29-liborcus-0.18-0_0.19.2-6+b1_amd64.deb ...
Unpacking liborcus-0.18-0:amd64 (0.19.2-6+b1) ...
Selecting previously unselected package libmhash2:amd64.
Preparing to unpack .../30-libmhash2_0.9.9.9-10_amd64.deb ...
Unpacking libmhash2:amd64 (0.9.9.9-10) ...
Selecting previously unselected package librasqal3t64:amd64.
Preparing to unpack .../31-librasqal3t64_0.9.33-2.1+b2_amd64.deb ...
Unpacking librasqal3t64:amd64 (0.9.33-2.1+b2) ...
Selecting previously unselected package librdf0t64:amd64.
Preparing to unpack .../32-librdf0t64_1.0.17-4+b1_amd64.deb ...
Unpacking librdf0t64:amd64 (1.0.17-4+b1) ...
Selecting previously unselected package librevenge-0.0-0:amd64.
Preparing to unpack .../33-librevenge-0.0-0_0.0.5-3+b2_amd64.deb ...
Unpacking librevenge-0.0-0:amd64 (0.0.5-3+b2) ...
Selecting previously unselected package libxmlsec1t64:amd64.
Preparing to unpack .../34-libxmlsec1t64_1.2.41-1+b1_amd64.deb ...
Unpacking libxmlsec1t64:amd64 (1.2.41-1+b1) ...
Selecting previously unselected package libxmlsec1t64-nss:amd64.
Preparing to unpack .../35-libxmlsec1t64-nss_1.2.41-1+b1_amd64.deb ...
Unpacking libxmlsec1t64-nss:amd64 (1.2.41-1+b1) ...
Selecting previously unselected package libzxcvbn0:amd64.
Preparing to unpack .../36-libzxcvbn0_2.5+dfsg-2+b2_amd64.deb ...
Unpacking libzxcvbn0:amd64 (2.5+dfsg-2+b2) ...
Selecting previously unselected package libreoffice-core.
Preparing to unpack .../37-libreoffice-core_4%3a25.2.3-2+deb13u2_amd64.deb ...
Unpacking libreoffice-core (4:25.2.3-2+deb13u2) ...
Selecting previously unselected package libreoffice-base-core.
Preparing to unpack .../38-libreoffice-base-core_4%3a25.2.3-2+deb13u2_amd64.deb ...
Unpacking libreoffice-base-core (4:25.2.3-2+deb13u2) ...
Selecting previously unselected package libreoffice-base-drivers.
Preparing to unpack .../39-libreoffice-base-drivers_4%3a25.2.3-2+deb13u2_amd64.deb ...
Unpacking libreoffice-base-drivers (4:25.2.3-2+deb13u2) ...
Selecting previously unselected package libreoffice-uiconfig-base.
Preparing to unpack .../40-libreoffice-uiconfig-base_4%3a25.2.3-2+deb13u2_all.deb ...
Unpacking libreoffice-uiconfig-base (4:25.2.3-2+deb13u2) ...
Setting up libreoffice-style-colibre (4:25.2.3-2+deb13u2) ...
Setting up libreoffice-uiconfig-common (4:25.2.3-2+deb13u2) ...
Setting up libuno-sal3t64 (4:25.2.3-2+deb13u2) ...
Setting up libuno-salhelpergcc3-3t64 (4:25.2.3-2+deb13u2) ...
Setting up libuno-cppu3t64 (4:25.2.3-2+deb13u2) ...
Setting up uno-libs-private (4:25.2.3-2+deb13u2) ...
Setting up liblangtag-common (0.6.7-1) ...
Setting up liblangtag1:amd64 (0.6.7-1+b2) ...
Setting up libuno-cppuhelpergcc3-3t64 (4:25.2.3-2+deb13u2) ...
Setting up libuno-purpenvhelpergcc3-3t64 (4:25.2.3-2+deb13u2) ...
Setting up ure (4:25.2.3-2+deb13u2) ...
Setting up libnumbertext-data (1.0.11-4) ...
Setting up libreoffice-common (4:25.2.3-2+deb13u2) ...
Creating config file /etc/libreoffice/registry/main.xcd with new version
Selecting previously unselected package libreoffice-base.
(Reading database ... 140655 files and directories currently installed.)
Preparing to unpack .../00-libreoffice-base_4%3a25.2.3-2+deb13u2_amd64.deb ...
No diversion 'diversion of /usr/lib/libreoffice/share/basic/dialog.xlc to /usr/lib/libreoffice/share/basic/dialog.xlc.noaccess by libreoffice-base', none removed.
No diversion 'diversion of /usr/lib/libreoffice/share/basic/script.xlc to /usr/lib/libreoffice/share/basic/script.xlc.noaccess by libreoffice-base', none removed.
Unpacking libreoffice-base (4:25.2.3-2+deb13u2) ...
Selecting previously unselected package libreoffice-uiconfig-calc.
Preparing to unpack .../01-libreoffice-uiconfig-calc_4%3a25.2.3-2+deb13u2_all.deb ...
Unpacking libreoffice-uiconfig-calc (4:25.2.3-2+deb13u2) ...
Selecting previously unselected package coinor-libcoinutils3v5:amd64.
Preparing to unpack .../02-coinor-libcoinutils3v5_2.11.11+ds-5_amd64.deb ...
Unpacking coinor-libcoinutils3v5:amd64 (2.11.11+ds-5) ...
Selecting previously unselected package coinor-libosi1v5:amd64.
Preparing to unpack .../03-coinor-libosi1v5_0.108.10+ds-2_amd64.deb ...
Unpacking coinor-libosi1v5:amd64 (0.108.10+ds-2) ...
Selecting previously unselected package coinor-libclp1:amd64.
Preparing to unpack .../04-coinor-libclp1_1.17.10+ds-1_amd64.deb ...
Unpacking coinor-libclp1:amd64 (1.17.10+ds-1) ...
Selecting previously unselected package coinor-libcgl1:amd64.
Preparing to unpack .../05-coinor-libcgl1_0.60.9+ds-1_amd64.deb ...
Unpacking coinor-libcgl1:amd64 (0.60.9+ds-1) ...
Selecting previously unselected package coinor-libcbc3.1:amd64.
Preparing to unpack .../06-coinor-libcbc3.1_2.10.12+ds-1_amd64.deb ...
Unpacking coinor-libcbc3.1:amd64 (2.10.12+ds-1) ...
Selecting previously unselected package coinor-libcoinmp0:amd64.
Preparing to unpack .../07-coinor-libcoinmp0_1.8.4+dfsg-2_amd64.deb ...
Unpacking coinor-libcoinmp0:amd64 (1.8.4+dfsg-2) ...
Selecting previously unselected package libetonyek-0.1-1:amd64.
Preparing to unpack .../08-libetonyek-0.1-1_0.1.12-1_amd64.deb ...
Unpacking libetonyek-0.1-1:amd64 (0.1.12-1) ...
Selecting previously unselected package libmwaw-0.3-3:amd64.
Preparing to unpack .../09-libmwaw-0.3-3_0.3.22-1+b2_amd64.deb ...
Unpacking libmwaw-0.3-3:amd64 (0.3.22-1+b2) ...
Selecting previously unselected package libodfgen-0.1-1:amd64.
Preparing to unpack .../10-libodfgen-0.1-1_0.1.8-2+b2_amd64.deb ...
Unpacking libodfgen-0.1-1:amd64 (0.1.8-2+b2) ...
Selecting previously unselected package libstaroffice-0.0-0:amd64.
Preparing to unpack .../11-libstaroffice-0.0-0_0.0.7-1+b2_amd64.deb ...
Unpacking libstaroffice-0.0-0:amd64 (0.0.7-1+b2) ...
Selecting previously unselected package libwps-0.4-4:amd64.
Preparing to unpack .../12-libwps-0.4-4_0.4.14-2+b2_amd64.deb ...
Unpacking libwps-0.4-4:amd64 (0.4.14-2+b2) ...
Selecting previously unselected package libreoffice-calc.
Preparing to unpack .../13-libreoffice-calc_4%3a25.2.3-2+deb13u2_amd64.deb ...
Unpacking libreoffice-calc (4:25.2.3-2+deb13u2) ...
Selecting previously unselected package libreoffice-uiconfig-draw.
Preparing to unpack .../14-libreoffice-uiconfig-draw_4%3a25.2.3-2+deb13u2_all.deb ...
Unpacking libreoffice-uiconfig-draw (4:25.2.3-2+deb13u2) ...
Selecting previously unselected package libreoffice-uiconfig-impress.
Preparing to unpack .../15-libreoffice-uiconfig-impress_4%3a25.2.3-2+deb13u2_all.deb ...
Unpacking libreoffice-uiconfig-impress (4:25.2.3-2+deb13u2) ...
Selecting previously unselected package libcdr-0.1-1:amd64.
Preparing to unpack .../16-libcdr-0.1-1_0.1.7-1+b3_amd64.deb ...
Unpacking libcdr-0.1-1:amd64 (0.1.7-1+b3) ...
Selecting previously unselected package libfreehand-0.1-1.
Preparing to unpack .../17-libfreehand-0.1-1_0.1.2-3_amd64.deb ...
Unpacking libfreehand-0.1-1 (0.1.2-3) ...
Selecting previously unselected package libmspub-0.1-1:amd64.
Preparing to unpack .../18-libmspub-0.1-1_0.1.4-3+b5_amd64.deb ...
Unpacking libmspub-0.1-1:amd64 (0.1.4-3+b5) ...
Selecting previously unselected package libpagemaker-0.0-0:amd64.
Preparing to unpack .../19-libpagemaker-0.0-0_0.0.4-1+b2_amd64.deb ...
Unpacking libpagemaker-0.0-0:amd64 (0.0.4-1+b2) ...
Selecting previously unselected package libqxp-0.0-0.
Preparing to unpack .../20-libqxp-0.0-0_0.0.2-1+b4_amd64.deb ...
Unpacking libqxp-0.0-0 (0.0.2-1+b4) ...
Selecting previously unselected package libvisio-0.1-1:amd64.
Preparing to unpack .../21-libvisio-0.1-1_0.1.7-1+b5_amd64.deb ...
Unpacking libvisio-0.1-1:amd64 (0.1.7-1+b5) ...
Selecting previously unselected package libwpd-0.10-10:amd64.
Preparing to unpack .../22-libwpd-0.10-10_0.10.3-2+b2_amd64.deb ...
Unpacking libwpd-0.10-10:amd64 (0.10.3-2+b2) ...
Selecting previously unselected package libwpg-0.3-3:amd64.
Preparing to unpack .../23-libwpg-0.3-3_0.3.4-3+b2_amd64.deb ...
Unpacking libwpg-0.3-3:amd64 (0.3.4-3+b2) ...
Selecting previously unselected package libzmf-0.0-0:amd64.
Preparing to unpack .../24-libzmf-0.0-0_0.0.2-1+b9_amd64.deb ...
Unpacking libzmf-0.0-0:amd64 (0.0.2-1+b9) ...
Selecting previously unselected package libreoffice-draw.
Preparing to unpack .../25-libreoffice-draw_4%3a25.2.3-2+deb13u2_amd64.deb ...
Unpacking libreoffice-draw (4:25.2.3-2+deb13u2) ...
Selecting previously unselected package libbox2d2:amd64.
Preparing to unpack .../26-libbox2d2_2.4.1-3+b3_amd64.deb ...
Unpacking libbox2d2:amd64 (2.4.1-3+b3) ...
Selecting previously unselected package libreoffice-impress.
Preparing to unpack .../27-libreoffice-impress_4%3a25.2.3-2+deb13u2_amd64.deb ...
Unpacking libreoffice-impress (4:25.2.3-2+deb13u2) ...
Selecting previously unselected package libreoffice-uiconfig-math.
Preparing to unpack .../28-libreoffice-uiconfig-math_4%3a25.2.3-2+deb13u2_all.deb ...
Unpacking libreoffice-uiconfig-math (4:25.2.3-2+deb13u2) ...
Selecting previously unselected package libreoffice-math.
Preparing to unpack .../29-libreoffice-math_4%3a25.2.3-2+deb13u2_amd64.deb ...
Unpacking libreoffice-math (4:25.2.3-2+deb13u2) ...
Selecting previously unselected package libreoffice-uiconfig-writer.
Preparing to unpack .../30-libreoffice-uiconfig-writer_4%3a25.2.3-2+deb13u2_all.deb ...
Unpacking libreoffice-uiconfig-writer (4:25.2.3-2+deb13u2) ...
Selecting previously unselected package libabw-0.1-1:amd64.
Preparing to unpack .../31-libabw-0.1-1_0.1.3-1+b2_amd64.deb ...
Unpacking libabw-0.1-1:amd64 (0.1.3-1+b2) ...
Selecting previously unselected package libe-book-0.1-1:amd64.
Preparing to unpack .../32-libe-book-0.1-1_0.1.3-2+b4_amd64.deb ...
Unpacking libe-book-0.1-1:amd64 (0.1.3-2+b4) ...
Selecting previously unselected package libepubgen-0.1-1:amd64.
Preparing to unpack .../33-libepubgen-0.1-1_0.1.1-1+b2_amd64.deb ...
Unpacking libepubgen-0.1-1:amd64 (0.1.1-1+b2) ...
Selecting previously unselected package libreoffice-writer.
Preparing to unpack .../34-libreoffice-writer_4%3a25.2.3-2+deb13u2_amd64.deb ...
Unpacking libreoffice-writer (4:25.2.3-2+deb13u2) ...
Selecting previously unselected package python3-uno.
Preparing to unpack .../35-python3-uno_4%3a25.2.3-2+deb13u2_amd64.deb ...
Unpacking python3-uno (4:25.2.3-2+deb13u2) ...
Selecting previously unselected package libreoffice-report-builder-bin.
Preparing to unpack .../36-libreoffice-report-builder-bin_4%3a25.2.3-2+deb13u2_amd64.deb ...
Unpacking libreoffice-report-builder-bin (4:25.2.3-2+deb13u2) ...
Selecting previously unselected package libreoffice.
Preparing to unpack .../37-libreoffice_4%3a25.2.3-2+deb13u2_amd64.deb ...
Unpacking libreoffice (4:25.2.3-2+deb13u2) ...
Setting up libzxcvbn0:amd64 (2.5+dfsg-2+b2) ...
Setting up liborcus-parser-0.18-0:amd64 (0.19.2-6+b1) ...
Setting up libharfbuzz-icu0:amd64 (10.2.0-1+b1) ...
Setting up libhyphen0:amd64 (2.8.8-7+b2) ...
Setting up libclucene-core1t64:amd64 (2.3.3.4+dfsg-1.2+b1) ...
Setting up libreoffice-uiconfig-writer (4:25.2.3-2+deb13u2) ...
Setting up libclucene-contribs1t64:amd64 (2.3.3.4+dfsg-1.2+b1) ...
Setting up libboost-thread1.83.0:amd64 (1.83.0-4.2) ...
Setting up libeot0:amd64 (0.01-5+b2) ...
Setting up libxmlsec1t64:amd64 (1.2.41-1+b1) ...
Setting up libreoffice-uiconfig-calc (4:25.2.3-2+deb13u2) ...
Setting up librevenge-0.0-0:amd64 (0.0.5-3+b2) ...
Setting up libxmlsec1t64-nss:amd64 (1.2.41-1+b1) ...
Setting up coinor-libcoinutils3v5:amd64 (2.11.11+ds-5) ...
Setting up libreoffice-uiconfig-impress (4:25.2.3-2+deb13u2) ...
Setting up libcmis-0.6-6t64 (0.6.2-2.1+b1) ...
Setting up libboost-iostreams1.83.0:amd64 (1.83.0-4.2) ...
Setting up google-cloud-cli (549.0.1-0) ...
Fatal Python error: _Py_HashRandomization_Init: failed to get random numbers to initialize Python
Python runtime state: preinitialized

dpkg: error processing package google-cloud-cli (--configure):
 installed google-cloud-cli package post-installation script subprocess returned error exit status 1
Setting up libfreehand-0.1-1 (0.1.2-3) ...
Setting up liborcus-0.18-0:amd64 (0.19.2-6+b1) ...
Setting up coinor-libosi1v5:amd64 (0.108.10+ds-2) ...
Setting up libbox2d2:amd64 (2.4.1-3+b3) ...
Setting up libmhash2:amd64 (0.9.9.9-10) ...
Setting up libmythes-1.2-0:amd64 (2:1.2.5-1+b2) ...
Setting up libreoffice-uiconfig-base (4:25.2.3-2+deb13u2) ...
Setting up libexttextcat-data (3.4.7-1) ...
Setting up libabw-0.1-1:amd64 (0.1.3-1+b2) ...
Setting up libepubgen-0.1-1:amd64 (0.1.1-1+b2) ...
Setting up libhunspell-1.7-0:amd64 (1.7.2+really1.7.2-10+b4) ...
Setting up libwpd-0.10-10:amd64 (0.10.3-2+b2) ...
Setting up libreoffice-uiconfig-draw (4:25.2.3-2+deb13u2) ...
Setting up libnumbertext-1.0-0:amd64 (1.0.11-4+b2) ...
Setting up fonts-opensymbol (4:102.12+LibO25.2.3-2+deb13u2) ...
Setting up libodfgen-0.1-1:amd64 (0.1.8-2+b2) ...
Setting up libvisio-0.1-1:amd64 (0.1.7-1+b5) ...
Setting up libreoffice-uiconfig-math (4:25.2.3-2+deb13u2) ...
Setting up libstaroffice-0.0-0:amd64 (0.0.7-1+b2) ...
Setting up libwps-0.4-4:amd64 (0.4.14-2+b2) ...
Setting up libexttextcat-2.0-0:amd64 (3.4.7-1+b1) ...
Setting up libmspub-0.1-1:amd64 (0.1.4-3+b5) ...
Setting up libboost-locale1.83.0:amd64 (1.83.0-4.2) ...
Setting up libetonyek-0.1-1:amd64 (0.1.12-1) ...
Setting up libpagemaker-0.0-0:amd64 (0.0.4-1+b2) ...
Setting up libmwaw-0.3-3:amd64 (0.3.22-1+b2) ...
Setting up librasqal3t64:amd64 (0.9.33-2.1+b2) ...
Setting up libcdr-0.1-1:amd64 (0.1.7-1+b3) ...
Setting up libe-book-0.1-1:amd64 (0.1.3-2+b4) ...
Setting up librdf0t64:amd64 (1.0.17-4+b1) ...
Setting up libzmf-0.0-0:amd64 (0.0.2-1+b9) ...
Setting up libqxp-0.0-0 (0.0.2-1+b4) ...
Setting up coinor-libclp1:amd64 (1.17.10+ds-1) ...
Setting up libwpg-0.3-3:amd64 (0.3.4-3+b2) ...
Setting up coinor-libcgl1:amd64 (0.60.9+ds-1) ...
Setting up libreoffice-core (4:25.2.3-2+deb13u2) ...
Setting up libreoffice-math (4:25.2.3-2+deb13u2) ...
Setting up libreoffice-draw (4:25.2.3-2+deb13u2) ...
Setting up libreoffice-base-drivers (4:25.2.3-2+deb13u2) ...
Setting up coinor-libcbc3.1:amd64 (2.10.12+ds-1) ...
Setting up libreoffice-impress (4:25.2.3-2+deb13u2) ...
Setting up libreoffice-base-core (4:25.2.3-2+deb13u2) ...
Setting up python3-uno (4:25.2.3-2+deb13u2) ...
Setting up libreoffice-base (4:25.2.3-2+deb13u2) ...
Setting up libreoffice-writer (4:25.2.3-2+deb13u2) ...
Setting up libreoffice-report-builder-bin (4:25.2.3-2+deb13u2) ...
Setting up coinor-libcoinmp0:amd64 (1.8.4+dfsg-2) ...
Setting up libreoffice-calc (4:25.2.3-2+deb13u2) ...
Setting up libreoffice (4:25.2.3-2+deb13u2) ...
Processing triggers for desktop-file-utils (0.28-1) ...
Processing triggers for hicolor-icon-theme (0.18-2) ...
Processing triggers for libc-bin (2.41-12) ...
Processing triggers for libreoffice-common (4:25.2.3-2+deb13u2) ...
Processing triggers for shared-mime-info (2.4-5+b2) ...
Processing triggers for fontconfig (2.15.0-2.3) ...
Errors were encountered while processing:
 google-cloud-cli
E: Sub-process /usr/bin/dpkg returned an error code (1)
CLDS: * Disk size = 8010416K. Space Used = 486628K. Runtime = 00:00:00:09.
