CLDS:>>>>>>>>> Running inst-min-win-jwm-help-manuals-text.sh ...
<<<<<<< HEAD
'./cld/doc/001-User-manual.md' -> '/usr/local/cld/doc/001-User-manual.md'
'./cld/doc/100-Developer-manual.md' -> '/usr/local/cld/doc/100-Developer-manual.md'
'./cld/app/jwm/jwmrc/jwmrc-menus-help-manuals.xml' -> '/usr/local/cld/app/jwm/jwmrc/jwmrc-menus-help-manuals.xml'
'./cld/app/jwm/jwmrc/icons/contacts-E256.svg' -> '/usr/local/cld/app/jwm/jwmrc/icons/contacts-E256.svg'
=======
'./cld/app/jwm/jwmrc/jwmrc-menus-help-manuals.xml' -> '/usr/local/cld/app/jwm/jwmrc/jwmrc-menus-help-manuals.xml'
>>>>>>> e86c73ecab752097c6b71fd38c354e9f1db8d339
'./cld/app/jwm/jwmrc/icons/compose-E267.svg' -> '/usr/local/cld/app/jwm/jwmrc/icons/compose-E267.svg'
'./cld/app/jwm/jwmrc/icons/contacts-E256.svg' -> '/usr/local/cld/app/jwm/jwmrc/icons/contacts-E256.svg'
'./cld/doc/100-Developer-manual.md' -> '/usr/local/cld/doc/100-Developer-manual.md'
'./cld/doc/001-User-manual.md' -> '/usr/local/cld/doc/001-User-manual.md'
CLDS: * Add user & developer manuals(text) in Help menu.
<<<<<<< HEAD
CLDS: * Disk size = 5698212K. Space Used = 48K. Runtime = 00:00:00:02.
=======
<<<<<<< HEAD
CLDS: * Disk size = 5764364K. Space Used = 48K. Runtime = 00:00:00:01.
=======
CLDS: * Disk size = 5698044K. Space Used = 48K. Runtime = 00:00:00:01.
>>>>>>> e86c73ecab752097c6b71fd38c354e9f1db8d339
>>>>>>> 6b3875cd8db8f403c0c4deaf983fdb2f4efd948e
