CLDS:>>>>>>>>> Running inst-zclean-04-chmod-script.sh ...
<<<<<<< HEAD
chmod ./bashrc-alias.sh
chmod ./bashrc-alias-google-chrome.sh
chmod ./bashrc-alias-gpicview.sh
=======
chmod ./bashrc-java.sh
chmod ./bashrc-alias-google-chrome.sh
>>>>>>> b2d39e37abcd21b71949d917a66fcde6fcb00aca
chmod ./bashrc-fct-cdir.sh
chmod ./bashrc-alias-mpv.sh
chmod ./bashrc-cld.sh
chmod ./bashrc-dircolors.sh
chmod ./bashrc-fct-beep.sh
chmod ./bashrc-alias-locate.sh
chmod ./bashrc-fct-to.sh
chmod ./bashrc-fct-avgtime.sh
chmod ./bashrc-fct-extract.sh
chmod ./bashrc-java.sh
chmod ./bashrc-ps1.sh
chmod ./cld-help.sh
chmod ./cld-mkiso.sh
chmod ./cld-remaster.sh
chmod ./cld-dpkg-list.sh
chmod ./partition-swap-enable.sh
<<<<<<< HEAD
chmod ./cld-dd-usb.sh
chmod ./google-chrome-sandbox.sh
chmod ./cld-network-eth0.sh
chmod ./partition-automount.sh
=======
chmod ./cld-mkiso.sh
chmod ./cld-network-eth0.sh
chmod ./partition-automount.sh
chmod ./cld-dpkg-list.sh
chmod ./scite-open.sh
chmod ./cld-remaster.sh
chmod ./cld-lsmodules.sh
chmod ./cld-persistence.sh
chmod ./cld-help.sh
chmod ./cld-list-icons.sh
chmod ./cld-dd-usb.sh
>>>>>>> b2d39e37abcd21b71949d917a66fcde6fcb00aca
chmod ./cld-run-scripts.sh
chmod ./scite-open.sh
chmod ./cld-dirs-create.sh
<<<<<<< HEAD
chmod ./cld-list-icons.sh
chmod ./cld-persistence.sh
chmod ./cld-lsmodules.sh
=======
chmod ./cld-systemd-before-shutdown-halt-reboot.sh
chmod ./cld-systemd-after-boot.sh
chmod ./mount-all.sh
chmod ./devmon.sh
chmod ./jwmrc-startup-alsa.sh
chmod ./link-home-directory.sh
chmod ./bashrc.sh
chmod ./jwmrc-startup-configure-conky.sh
chmod ./open-terminals.sh
chmod ./jwmrc-startup-open-terminals.sh
chmod ./jwmrc-startup-conky.sh
chmod ./jwmrc-startup-volumeicon.sh
chmod ./jwmrc-startup-keyboard-move-mouse.sh
chmod ./jwm-bootstrap.sh
>>>>>>> b2d39e37abcd21b71949d917a66fcde6fcb00aca
chmod ./crop.sh
chmod ./cld-systemd-after-boot.sh
chmod ./link-home-directory.sh
chmod ./devmon.sh
chmod ./bashrc.sh
chmod ./mount-all.sh
chmod ./jwmrc-startup-alsa.sh
chmod ./cld-systemd-before-shutdown-halt-reboot.sh
chmod ./jwmrc-startup-keyboard-move-mouse.sh
chmod ./jwmrc-startup-open-terminals.sh
chmod ./jwmrc-startup-conky.sh
chmod ./jwmrc-startup-volumeicon.sh
chmod ./jwm-bootstrap.sh
chmod ./jwmrc-startup-configure-conky.sh
chmod ./open-terminals.sh
CLDS: * Make *.sh under /usr/local/cld/ executable.
<<<<<<< HEAD
CLDS: * Disk size = 7987484K. Space Used = 8K. Runtime = 00:00:00:01.
=======
<<<<<<< HEAD
CLDS: * Disk size = 8181304K. Space Used = 4K. Runtime = 00:00:00:02.
=======
CLDS: * Disk size = 8146072K. Space Used = 4K. Runtime = 00:00:00:02.
>>>>>>> b2d39e37abcd21b71949d917a66fcde6fcb00aca
>>>>>>> 08aa6273684395c51129565690b6eacbf2c55967
