CLDS:>>>>>>>>> Running inst-xtra-freecad.sh ...
Reading package lists...
Building dependency tree...
Reading state information...
The following additional packages will be installed:
  blt fonts-lyx fonts-osifont freecad-common freecad-python3 ibverbs-providers
  libaec0 libamd-comgr2 libamdhip64-5 libboost-filesystem1.83.0
  libboost-program-options1.83.0 libclang1-19 libcoin80t64
  libevent-pthreads-2.1-7t64 libfabric1 libfmt10 libfreecad-python3
  libfreeimage3 libgl2ps1.4 libhdf5-310 libhdf5-hl-310 libhdf5-openmpi-310
  libhsa-runtime64-1 libhsakmt1 libhwloc-plugins libhwloc15 libibmad5
  libibumad3 libibverbs1 libjs-jquery-ui libjxr0t64 libllvm17t64 libmedc11t64
  libmunge2 libnetcdf22 libocct-data-exchange-7.8 libocct-draw-7.8
  libocct-foundation-7.8 libocct-modeling-algorithms-7.8
  libocct-modeling-data-7.8 libocct-ocaf-7.8 libocct-visualization-7.8
  libondselsolver1 libopenmpi40 libpmix2t64 libproj25 libpsm2-2
  libpyside2-py3-5.15t64 libqhull-r8.0 libqt5concurrent5t64
  libqt5printsupport5t64 libqt5qml5 libqt5xml5t64 libraqm0 librdmacm1t64
  libshiboken2-py3-5.15t64 libsoqt520t64 libspnav0 libsz2 libtbb12
  libtbbbind-2-5 libtbbmalloc2 libtcl8.6 libtk8.6 libucx0 libvtk9.3
  libxerces-c3.2t64 libxnvctrl0 libyaml-cpp0.8 libze1 libzipios++0v5
  libzopfli1 occt-misc proj-data python-matplotlib-data python3-attr
  python3-brotli python3-contourpy python3-cycler python3-dateutil
  python3-decorator python3-fonttools python3-fs python3-kiwisolver
  python3-lxml python3-lz4 python3-matplotlib python3-mpmath python3-numpy
  python3-numpy-dev python3-pil python3-pil.imagetk python3-pivy
  python3-platformdirs python3-ply python3-pyside2.qtcore
  python3-pyside2.qtgui python3-pyside2.qtnetwork python3-pyside2.qtopengl
  python3-pyside2.qtsvg python3-pyside2.qtuitools python3-pyside2.qtwidgets
  python3-pyside2.qtxml python3-scipy python3-sympy python3-tk python3-ufolib2
  python3-unicodedata2 python3-zopfli python3.13-tk shiboken2 tk8.6-blt2.5
  unicode-data
Suggested packages:
  blt-demo povray libopenal0a libsimage-dev libhwloc-contrib-plugins
  libjs-jquery-ui-docs libmed-doc libmed-tools proj-bin qt5-qmltooling-plugins
  spacenavd tcl8.6 tk8.6 mpi-default-bin vtk9-doc vtk9-examples
  python-attr-doc python-cycler-doc python-lxml-doc cm-super-minimal dvipng
  fonts-staypuft ghostscript gir1.2-gtk-4.0 inkscape ipython3
  python-matplotlib-doc python3-cairocffi python3-gi-cairo python3-gobject
  python3-pyqt5 python3-sip python3-tornado texlive-extra-utils
  texlive-latex-extra python-mpmath-doc python3-gmpy2 gfortran
  python-numpy-doc python3-pytest python-pil-doc python-ply-doc
  python3-pkg-resources python-pyside2-doc python-scipy-doc
  texlive-fonts-extra python-sympy-doc tix python3-tk-dbg
Recommended packages:
  calculix-ccx python3-opencamlib python3-pyside2.qtwebchannel
  python3-pyside2.qtwebengine python3-pyside2.qtwebenginecore
  python3-pyside2.qtwebenginewidgets javascript-common python3-bs4
  python3-cssselect python3-html5lib python3-olefile g++ | c++-compiler
  python3-pooch isympy-common
The following NEW packages will be installed:
  blt fonts-lyx fonts-osifont freecad freecad-common freecad-python3
  ibverbs-providers libaec0 libamd-comgr2 libamdhip64-5
  libboost-filesystem1.83.0 libboost-program-options1.83.0 libclang1-19
  libcoin80t64 libevent-pthreads-2.1-7t64 libfabric1 libfmt10
  libfreecad-python3 libfreeimage3 libgl2ps1.4 libhdf5-310 libhdf5-hl-310
  libhdf5-openmpi-310 libhsa-runtime64-1 libhsakmt1 libhwloc-plugins
  libhwloc15 libibmad5 libibumad3 libibverbs1 libjs-jquery-ui libjxr0t64
  libllvm17t64 libmedc11t64 libmunge2 libnetcdf22 libocct-data-exchange-7.8
  libocct-draw-7.8 libocct-foundation-7.8 libocct-modeling-algorithms-7.8
  libocct-modeling-data-7.8 libocct-ocaf-7.8 libocct-visualization-7.8
  libondselsolver1 libopenmpi40 libpmix2t64 libproj25 libpsm2-2
  libpyside2-py3-5.15t64 libqhull-r8.0 libqt5concurrent5t64
  libqt5printsupport5t64 libqt5qml5 libqt5xml5t64 libraqm0 librdmacm1t64
  libshiboken2-py3-5.15t64 libsoqt520t64 libspnav0 libsz2 libtbb12
  libtbbbind-2-5 libtbbmalloc2 libtcl8.6 libtk8.6 libucx0 libvtk9.3
  libxerces-c3.2t64 libxnvctrl0 libyaml-cpp0.8 libze1 libzipios++0v5
  libzopfli1 occt-misc proj-data python-matplotlib-data python3-attr
  python3-brotli python3-contourpy python3-cycler python3-dateutil
  python3-decorator python3-fonttools python3-fs python3-kiwisolver
  python3-lxml python3-lz4 python3-matplotlib python3-mpmath python3-numpy
  python3-numpy-dev python3-pil python3-pil.imagetk python3-pivy
  python3-platformdirs python3-ply python3-pyside2.qtcore
  python3-pyside2.qtgui python3-pyside2.qtnetwork python3-pyside2.qtopengl
  python3-pyside2.qtsvg python3-pyside2.qtuitools python3-pyside2.qtwidgets
  python3-pyside2.qtxml python3-scipy python3-sympy python3-tk python3-ufolib2
  python3-unicodedata2 python3-zopfli python3.13-tk shiboken2 tk8.6-blt2.5
  unicode-data
0 upgraded, 114 newly installed, 0 to remove and 1 not upgraded.
1 not fully installed or removed.
Need to get 297 MB of archives.
After this operation, 1,267 MB of additional disk space will be used.
Get:1 http://localhost/aptly-repo/master_trixie-main trixie/main amd64 python3-numpy-dev amd64 1:2.2.4+ds-1 [139 kB]
Get:2 http://localhost/aptly-repo/master_trixie-main trixie/main amd64 python3-numpy amd64 1:2.2.4+ds-1 [5,096 kB]
Get:3 http://localhost/aptly-repo/master_trixie-main trixie/main amd64 libtcl8.6 amd64 8.6.16+dfsg-1 [1,042 kB]
Get:4 http://localhost/aptly-repo/master_trixie-main trixie/main amd64 libtk8.6 amd64 8.6.16-1 [793 kB]
Get:5 http://localhost/aptly-repo/master_trixie-main trixie/main amd64 tk8.6-blt2.5 amd64 2.5.3+dfsg-8 [591 kB]
Get:6 http://localhost/aptly-repo/master_trixie-main trixie/main amd64 blt amd64 2.5.3+dfsg-8 [5,984 B]
Get:7 http://localhost/aptly-repo/master_trixie-main trixie/main amd64 fonts-lyx all 2.4.3-1 [190 kB]
Get:8 http://localhost/aptly-repo/master_trixie-main trixie/main amd64 fonts-osifont all 0.1.20230322+ds-4 [119 kB]
Get:9 http://localhost/aptly-repo/master_trixie-main trixie/main amd64 freecad-common all 1.0.0+dfsg-8 [22.8 MB]
Get:10 http://localhost/aptly-repo/master_trixie-main trixie/main amd64 libjs-jquery-ui all 1.13.2+dfsg-1 [250 kB]
Get:11 http://localhost/aptly-repo/master_trixie-main trixie/main amd64 python-matplotlib-data all 3.10.1+dfsg1-4 [2,737 kB]
Get:12 http://localhost/aptly-repo/master_trixie-main trixie/main amd64 python3-dateutil all 2.9.0-4 [79.4 kB]
Get:13 http://localhost/aptly-repo/master_trixie-main trixie/main amd64 libraqm0 amd64 0.10.2-1 [13.9 kB]
Get:14 http://localhost/aptly-repo/master_trixie-main trixie/main amd64 python3-pil amd64 11.1.0-5+b1 [513 kB]
Get:15 http://localhost/aptly-repo/master_trixie-main trixie/main amd64 python3.13-tk amd64 3.13.5-2 [108 kB]
Get:16 http://localhost/aptly-repo/master_trixie-main trixie/main amd64 python3-tk amd64 3.13.5-1 [9,604 B]
Get:17 http://localhost/aptly-repo/master_trixie-main trixie/main amd64 python3-pil.imagetk amd64 11.1.0-5+b1 [81.6 kB]
Get:18 http://localhost/aptly-repo/master_trixie-main trixie/main amd64 python3-contourpy amd64 1.3.1-1+b1 [216 kB]
Get:19 http://localhost/aptly-repo/master_trixie-main trixie/main amd64 python3-cycler all 0.12.1-1 [9,496 B]
Get:20 http://localhost/aptly-repo/master_trixie-main trixie/main amd64 python3-brotli amd64 1.1.0-2+b7 [320 kB]
Get:21 http://localhost/aptly-repo/master_trixie-main trixie/main amd64 python3-platformdirs all 4.3.7-1 [16.6 kB]
Get:22 http://localhost/aptly-repo/master_trixie-main trixie/main amd64 python3-fs all 2.4.16-7 [95.2 kB]
Get:23 http://localhost/aptly-repo/master_trixie-main trixie/main amd64 python3-lxml amd64 5.4.0-1 [1,297 kB]
Get:24 http://localhost/aptly-repo/master_trixie-main trixie/main amd64 python3-lz4 amd64 4.4.0+dfsg-2 [25.3 kB]
Get:25 http://localhost/aptly-repo/master_trixie-main trixie/main amd64 python3-decorator all 5.2.1-2 [33.0 kB]
Get:26 http://localhost/aptly-repo/master_trixie-main trixie/main amd64 python3-scipy amd64 1.15.3-1 [16.3 MB]
Get:27 http://localhost/aptly-repo/master_trixie-main trixie/main amd64 python3-mpmath all 1.3.0-1 [419 kB]
Get:28 http://localhost/aptly-repo/master_trixie-main trixie/main amd64 python3-sympy all 1.13.3-5 [4,148 kB]
Get:29 http://localhost/aptly-repo/master_trixie-main trixie/main amd64 python3-attr all 25.3.0-1 [69.5 kB]
Get:30 http://localhost/aptly-repo/master_trixie-main trixie/main amd64 python3-ufolib2 all 0.17.1+dfsg1-1 [33.0 kB]
Get:31 http://localhost/aptly-repo/master_trixie-main trixie/main amd64 python3-unicodedata2 amd64 15.1.0+ds-1+b4 [299 kB]
Get:32 http://localhost/aptly-repo/master_trixie-main trixie/main amd64 libzopfli1 amd64 1.0.3-3 [106 kB]
Get:33 http://localhost/aptly-repo/master_trixie-main trixie/main amd64 python3-zopfli amd64 0.2.3.post1-1+b1 [10.5 kB]
Get:34 http://localhost/aptly-repo/master_trixie-main trixie/main amd64 unicode-data all 15.1.0-1 [8,547 kB]
Get:35 http://localhost/aptly-repo/master_trixie-main trixie/main amd64 python3-fonttools amd64 4.57.0-1 [1,438 kB]
Get:36 http://localhost/aptly-repo/master_trixie-main trixie/main amd64 python3-kiwisolver amd64 1.4.7-3+b1 [62.0 kB]
Get:37 http://localhost/aptly-repo/master_trixie-main trixie/main amd64 libqhull-r8.0 amd64 2020.2-6+b2 [248 kB]
Get:38 http://localhost/aptly-repo/master_trixie-main trixie/main amd64 python3-matplotlib amd64 3.10.1+dfsg1-4 [23.8 MB]
Get:39 http://localhost/aptly-repo/master_trixie-main trixie/main amd64 libcoin80t64 amd64 4.0.3+ds-2 [2,392 kB]
Get:40 http://localhost/aptly-repo/master_trixie-main trixie/main amd64 libsoqt520t64 amd64 1.6.3+ds1-2 [208 kB]
Get:41 http://localhost/aptly-repo/master_trixie-main trixie/main amd64 libqt5qml5 amd64 5.15.15+dfsg-3 [1,377 kB]
Get:42 http://localhost/aptly-repo/master_trixie-main trixie/main amd64 libshiboken2-py3-5.15t64 amd64 5.15.16-3.1 [197 kB]
Get:43 http://localhost/aptly-repo/master_trixie-main trixie/main amd64 libpyside2-py3-5.15t64 amd64 5.15.16-3.1 [84.0 kB]
Get:44 http://localhost/aptly-repo/master_trixie-main trixie/main amd64 python3-pyside2.qtcore amd64 5.15.16-3.1 [1,059 kB]
Get:45 http://localhost/aptly-repo/master_trixie-main trixie/main amd64 python3-pyside2.qtgui amd64 5.15.16-3.1 [1,125 kB]
Get:46 http://localhost/aptly-repo/master_trixie-main trixie/main amd64 python3-pyside2.qtwidgets amd64 5.15.16-3.1 [1,797 kB]
Get:47 http://localhost/aptly-repo/master_trixie-main trixie/main amd64 python3-pyside2.qtopengl amd64 5.15.16-3.1 [117 kB]
Get:48 http://localhost/aptly-repo/master_trixie-main trixie/main amd64 libclang1-19 amd64 1:19.1.7-3+b1 [7,623 kB]
Get:49 http://localhost/aptly-repo/master_trixie-main trixie/main amd64 shiboken2 amd64 5.15.16-3.1 [649 kB]
Get:50 http://localhost/aptly-repo/master_trixie-main trixie/main amd64 python3-pivy amd64 0.6.10-2 [3,702 kB]
Get:51 http://localhost/aptly-repo/master_trixie-main trixie/main amd64 python3-ply all 3.11-9 [62.9 kB]
Get:52 http://localhost/aptly-repo/master_trixie-main trixie/main amd64 python3-pyside2.qtnetwork amd64 5.15.16-3.1 [305 kB]
Get:53 http://localhost/aptly-repo/master_trixie-main trixie/main amd64 python3-pyside2.qtsvg amd64 5.15.16-3.1 [57.8 kB]
Get:54 http://localhost/aptly-repo/master_trixie-main trixie/main amd64 libqt5xml5t64 amd64 5.15.15+dfsg-6 [126 kB]
Get:55 http://localhost/aptly-repo/master_trixie-main trixie/main amd64 python3-pyside2.qtxml amd64 5.15.16-3.1 [128 kB]
Get:56 http://localhost/aptly-repo/master_trixie-main trixie/main amd64 python3-pyside2.qtuitools amd64 5.15.16-3.1 [164 kB]
Get:57 http://localhost/aptly-repo/master_trixie-main trixie/main amd64 libboost-filesystem1.83.0 amd64 1.83.0-4.2 [282 kB]
Get:58 http://localhost/aptly-repo/master_trixie-main trixie/main amd64 libboost-program-options1.83.0 amd64 1.83.0-4.2 [347 kB]
Get:59 http://localhost/aptly-repo/master_trixie-main trixie/main amd64 libfmt10 amd64 10.1.1+ds1-4 [127 kB]
Get:60 http://localhost/aptly-repo/master_trixie-main trixie/main amd64 libevent-pthreads-2.1-7t64 amd64 2.1.12-stable-10+b1 [54.3 kB]
Get:61 http://localhost/aptly-repo/master_trixie-main trixie/main amd64 libibverbs1 amd64 56.1-1 [62.4 kB]
Get:62 http://localhost/aptly-repo/master_trixie-main trixie/main amd64 ibverbs-providers amd64 56.1-1 [357 kB]
Get:63 http://localhost/aptly-repo/master_trixie-main trixie/main amd64 libpsm2-2 amd64 11.2.185-2.1 [181 kB]
Get:64 http://localhost/aptly-repo/master_trixie-main trixie/main amd64 librdmacm1t64 amd64 56.1-1 [70.4 kB]
Get:65 http://localhost/aptly-repo/master_trixie-main trixie/main amd64 libfabric1 amd64 2.1.0-1.1 [706 kB]
Get:66 http://localhost/aptly-repo/master_trixie-main trixie/main amd64 libhwloc15 amd64 2.12.0-4 [164 kB]
Get:67 http://localhost/aptly-repo/master_trixie-main trixie/main amd64 libmunge2 amd64 0.5.16-1 [19.7 kB]
Get:68 http://localhost/aptly-repo/master_trixie-main trixie/main amd64 libxnvctrl0 amd64 535.171.04-1+b2 [14.2 kB]
Get:69 http://localhost/aptly-repo/master_trixie-main trixie/main amd64 libze1 amd64 1.20.6-1 [473 kB]
Get:70 http://localhost/aptly-repo/master_trixie-main trixie/main amd64 libhwloc-plugins amd64 2.12.0-4 [23.5 kB]
Get:71 http://localhost/aptly-repo/master_trixie-main trixie/main amd64 libpmix2t64 amd64 5.0.7-1 [660 kB]
Get:72 http://localhost/aptly-repo/master_trixie-main trixie/main amd64 libllvm17t64 amd64 1:17.0.6-22+b2 [23.6 MB]
Get:73 http://localhost/aptly-repo/master_trixie-main trixie/main amd64 libamd-comgr2 amd64 6.0+git20231212.4510c28+dfsg-3+b2 [13.0 MB]
Get:74 http://localhost/aptly-repo/master_trixie-main trixie/main amd64 libhsakmt1 amd64 6.2.4+ds-1 [61.1 kB]
Get:75 http://localhost/aptly-repo/master_trixie-main trixie/main amd64 libhsa-runtime64-1 amd64 6.1.2-3 [535 kB]
Get:76 http://localhost/aptly-repo/master_trixie-main trixie/main amd64 libamdhip64-5 amd64 5.7.1-6+deb13u1 [8,924 kB]
Get:77 http://localhost/aptly-repo/master_trixie-main trixie/main amd64 libibumad3 amd64 56.1-1 [30.0 kB]
Get:78 http://localhost/aptly-repo/master_trixie-main trixie/main amd64 libibmad5 amd64 56.1-1 [44.5 kB]
Get:79 http://localhost/aptly-repo/master_trixie-main trixie/main amd64 libucx0 amd64 1.18.1+ds-2+b1 [1,196 kB]
Get:80 http://localhost/aptly-repo/master_trixie-main trixie/main amd64 libopenmpi40 amd64 5.0.7-1 [2,365 kB]
Get:81 http://localhost/aptly-repo/master_trixie-main trixie/main amd64 libaec0 amd64 1.1.3-1+b1 [23.8 kB]
Get:82 http://localhost/aptly-repo/master_trixie-main trixie/main amd64 libsz2 amd64 1.1.3-1+b1 [8,080 B]
Get:83 http://localhost/aptly-repo/master_trixie-main trixie/main amd64 libhdf5-openmpi-310 amd64 1.14.5+repack-3 [1,395 kB]
Get:84 http://localhost/aptly-repo/master_trixie-main trixie/main amd64 libmedc11t64 amd64 4.1.0+repack-9+b1 [414 kB]
Get:85 http://localhost/aptly-repo/master_trixie-main trixie/main amd64 libtbbbind-2-5 amd64 2022.1.0-1+deb13u1 [14.1 kB]
Get:86 http://localhost/aptly-repo/master_trixie-main trixie/main amd64 libtbbmalloc2 amd64 2022.1.0-1+deb13u1 [50.4 kB]
Get:87 http://localhost/aptly-repo/master_trixie-main trixie/main amd64 libtbb12 amd64 2022.1.0-1+deb13u1 [91.9 kB]
Get:88 http://localhost/aptly-repo/master_trixie-main trixie/main amd64 libocct-foundation-7.8 amd64 7.8.1+dfsg1-3 [1,477 kB]
Get:89 http://localhost/aptly-repo/master_trixie-main trixie/main amd64 libocct-modeling-data-7.8 amd64 7.8.1+dfsg1-3 [2,807 kB]
Get:90 http://localhost/aptly-repo/master_trixie-main trixie/main amd64 libocct-modeling-algorithms-7.8 amd64 7.8.1+dfsg1-3 [8,381 kB]
Get:91 http://localhost/aptly-repo/master_trixie-main trixie/main amd64 libjxr0t64 amd64 1.2~git20170615.f752187-5.3 [171 kB]
Get:92 http://localhost/aptly-repo/master_trixie-main trixie/main amd64 libfreeimage3 amd64 3.18.0+ds2-11 [310 kB]
Get:93 http://localhost/aptly-repo/master_trixie-main trixie/main amd64 libocct-draw-7.8 amd64 7.8.1+dfsg1-3 [2,540 kB]
Get:94 http://localhost/aptly-repo/master_trixie-main trixie/main amd64 occt-misc all 7.8.1+dfsg1-3 [10.4 MB]
Get:95 http://localhost/aptly-repo/master_trixie-main trixie/main amd64 libocct-visualization-7.8 amd64 7.8.1+dfsg1-3 [2,151 kB]
Get:96 http://localhost/aptly-repo/master_trixie-main trixie/main amd64 libocct-ocaf-7.8 amd64 7.8.1+dfsg1-3 [1,234 kB]
Get:97 http://localhost/aptly-repo/master_trixie-main trixie/main amd64 libocct-data-exchange-7.8 amd64 7.8.1+dfsg1-3 [4,700 kB]
Get:98 http://localhost/aptly-repo/master_trixie-main trixie/main amd64 libondselsolver1 amd64 0~2024.11.27-1+b1 [795 kB]
Get:99 http://localhost/aptly-repo/master_trixie-main trixie/main amd64 libqt5concurrent5t64 amd64 5.15.15+dfsg-6 [45.0 kB]
Get:100 http://localhost/aptly-repo/master_trixie-main trixie/main amd64 libqt5printsupport5t64 amd64 5.15.15+dfsg-6 [206 kB]
Get:101 http://localhost/aptly-repo/master_trixie-main trixie/main amd64 libspnav0 amd64 1.2-1 [14.1 kB]
Get:102 http://localhost/aptly-repo/master_trixie-main trixie/main amd64 libgl2ps1.4 amd64 1.4.2+dfsg1-2 [41.3 kB]
Get:103 http://localhost/aptly-repo/master_trixie-main trixie/main amd64 libhdf5-310 amd64 1.14.5+repack-3 [1,344 kB]
Get:104 http://localhost/aptly-repo/master_trixie-main trixie/main amd64 libhdf5-hl-310 amd64 1.14.5+repack-3 [69.3 kB]
Get:105 http://localhost/aptly-repo/master_trixie-main trixie/main amd64 libnetcdf22 amd64 1:4.9.3-1 [517 kB]
Get:106 http://localhost/aptly-repo/master_trixie-main trixie/main amd64 proj-data all 9.6.0-1 [6,303 kB]
Get:107 http://localhost/aptly-repo/master_trixie-main trixie/main amd64 libproj25 amd64 9.6.0-1 [1,453 kB]
Get:108 http://localhost/aptly-repo/master_trixie-main trixie/main amd64 libvtk9.3 amd64 9.3.0+dfsg1-4+b1 [23.2 MB]
Get:109 http://localhost/aptly-repo/master_trixie-main trixie/main amd64 libxerces-c3.2t64 amd64 3.2.4+debian-1.3+b2 [898 kB]
Get:110 http://localhost/aptly-repo/master_trixie-main trixie/main amd64 libyaml-cpp0.8 amd64 0.8.0+dfsg-7 [133 kB]
Get:111 http://localhost/aptly-repo/master_trixie-main trixie/main amd64 libzipios++0v5 amd64 0.1.7-2 [59.5 kB]
Get:112 http://localhost/aptly-repo/master_trixie-main trixie/main amd64 libfreecad-python3 amd64 1.0.0+dfsg-8 [59.3 MB]
Get:113 http://localhost/aptly-repo/master_trixie-main trixie/main amd64 freecad-python3 amd64 1.0.0+dfsg-8 [91.9 kB]
Get:114 http://localhost/aptly-repo/master_trixie-main trixie/main amd64 freecad all 1.0.0+dfsg-8 [28.1 kB]
dpkg-preconfigure: unable to re-open stdin: No such file or directory
Fetched 297 MB in 2s (196 MB/s)
E: Can not write log (Is /dev/pts mounted?) - posix_openpt (2: No such file or directory)
Selecting previously unselected package python3-numpy-dev:amd64.
(Reading database ... 143139 files and directories currently installed.)
Preparing to unpack .../000-python3-numpy-dev_1%3a2.2.4+ds-1_amd64.deb ...
Unpacking python3-numpy-dev:amd64 (1:2.2.4+ds-1) ...
Selecting previously unselected package python3-numpy.
Preparing to unpack .../001-python3-numpy_1%3a2.2.4+ds-1_amd64.deb ...
Unpacking python3-numpy (1:2.2.4+ds-1) ...
Selecting previously unselected package libtcl8.6:amd64.
Preparing to unpack .../002-libtcl8.6_8.6.16+dfsg-1_amd64.deb ...
Unpacking libtcl8.6:amd64 (8.6.16+dfsg-1) ...
Selecting previously unselected package libtk8.6:amd64.
Preparing to unpack .../003-libtk8.6_8.6.16-1_amd64.deb ...
Unpacking libtk8.6:amd64 (8.6.16-1) ...
Selecting previously unselected package tk8.6-blt2.5.
Preparing to unpack .../004-tk8.6-blt2.5_2.5.3+dfsg-8_amd64.deb ...
Unpacking tk8.6-blt2.5 (2.5.3+dfsg-8) ...
Selecting previously unselected package blt.
Preparing to unpack .../005-blt_2.5.3+dfsg-8_amd64.deb ...
Unpacking blt (2.5.3+dfsg-8) ...
Selecting previously unselected package fonts-lyx.
Preparing to unpack .../006-fonts-lyx_2.4.3-1_all.deb ...
Unpacking fonts-lyx (2.4.3-1) ...
Selecting previously unselected package fonts-osifont.
Preparing to unpack .../007-fonts-osifont_0.1.20230322+ds-4_all.deb ...
Unpacking fonts-osifont (0.1.20230322+ds-4) ...
Selecting previously unselected package freecad-common.
Preparing to unpack .../008-freecad-common_1.0.0+dfsg-8_all.deb ...
Unpacking freecad-common (1.0.0+dfsg-8) ...
Selecting previously unselected package libjs-jquery-ui.
Preparing to unpack .../009-libjs-jquery-ui_1.13.2+dfsg-1_all.deb ...
Unpacking libjs-jquery-ui (1.13.2+dfsg-1) ...
Selecting previously unselected package python-matplotlib-data.
Preparing to unpack .../010-python-matplotlib-data_3.10.1+dfsg1-4_all.deb ...
Unpacking python-matplotlib-data (3.10.1+dfsg1-4) ...
Selecting previously unselected package python3-dateutil.
Preparing to unpack .../011-python3-dateutil_2.9.0-4_all.deb ...
Unpacking python3-dateutil (2.9.0-4) ...
Selecting previously unselected package libraqm0:amd64.
Preparing to unpack .../012-libraqm0_0.10.2-1_amd64.deb ...
Unpacking libraqm0:amd64 (0.10.2-1) ...
Selecting previously unselected package python3-pil:amd64.
Preparing to unpack .../013-python3-pil_11.1.0-5+b1_amd64.deb ...
Unpacking python3-pil:amd64 (11.1.0-5+b1) ...
Selecting previously unselected package python3.13-tk.
Preparing to unpack .../014-python3.13-tk_3.13.5-2_amd64.deb ...
Unpacking python3.13-tk (3.13.5-2) ...
Selecting previously unselected package python3-tk:amd64.
Preparing to unpack .../015-python3-tk_3.13.5-1_amd64.deb ...
Unpacking python3-tk:amd64 (3.13.5-1) ...
Selecting previously unselected package python3-pil.imagetk:amd64.
Preparing to unpack .../016-python3-pil.imagetk_11.1.0-5+b1_amd64.deb ...
Unpacking python3-pil.imagetk:amd64 (11.1.0-5+b1) ...
Selecting previously unselected package python3-contourpy.
Preparing to unpack .../017-python3-contourpy_1.3.1-1+b1_amd64.deb ...
Unpacking python3-contourpy (1.3.1-1+b1) ...
Selecting previously unselected package python3-cycler.
Preparing to unpack .../018-python3-cycler_0.12.1-1_all.deb ...
Unpacking python3-cycler (0.12.1-1) ...
Selecting previously unselected package python3-brotli.
Preparing to unpack .../019-python3-brotli_1.1.0-2+b7_amd64.deb ...
Unpacking python3-brotli (1.1.0-2+b7) ...
Selecting previously unselected package python3-platformdirs.
Preparing to unpack .../020-python3-platformdirs_4.3.7-1_all.deb ...
Unpacking python3-platformdirs (4.3.7-1) ...
Selecting previously unselected package python3-fs.
Preparing to unpack .../021-python3-fs_2.4.16-7_all.deb ...
Unpacking python3-fs (2.4.16-7) ...
Selecting previously unselected package python3-lxml:amd64.
Preparing to unpack .../022-python3-lxml_5.4.0-1_amd64.deb ...
Unpacking python3-lxml:amd64 (5.4.0-1) ...
Selecting previously unselected package python3-lz4.
Preparing to unpack .../023-python3-lz4_4.4.0+dfsg-2_amd64.deb ...
Unpacking python3-lz4 (4.4.0+dfsg-2) ...
Selecting previously unselected package python3-decorator.
Preparing to unpack .../024-python3-decorator_5.2.1-2_all.deb ...
Unpacking python3-decorator (5.2.1-2) ...
Selecting previously unselected package python3-scipy.
Preparing to unpack .../025-python3-scipy_1.15.3-1_amd64.deb ...
Unpacking python3-scipy (1.15.3-1) ...
Selecting previously unselected package python3-mpmath.
Preparing to unpack .../026-python3-mpmath_1.3.0-1_all.deb ...
Unpacking python3-mpmath (1.3.0-1) ...
Selecting previously unselected package python3-sympy.
Preparing to unpack .../027-python3-sympy_1.13.3-5_all.deb ...
Unpacking python3-sympy (1.13.3-5) ...
Selecting previously unselected package python3-attr.
Preparing to unpack .../028-python3-attr_25.3.0-1_all.deb ...
Unpacking python3-attr (25.3.0-1) ...
Selecting previously unselected package python3-ufolib2.
Preparing to unpack .../029-python3-ufolib2_0.17.1+dfsg1-1_all.deb ...
Unpacking python3-ufolib2 (0.17.1+dfsg1-1) ...
Selecting previously unselected package python3-unicodedata2.
Preparing to unpack .../030-python3-unicodedata2_15.1.0+ds-1+b4_amd64.deb ...
Unpacking python3-unicodedata2 (15.1.0+ds-1+b4) ...
Selecting previously unselected package libzopfli1.
Preparing to unpack .../031-libzopfli1_1.0.3-3_amd64.deb ...
Unpacking libzopfli1 (1.0.3-3) ...
Selecting previously unselected package python3-zopfli.
Preparing to unpack .../032-python3-zopfli_0.2.3.post1-1+b1_amd64.deb ...
Unpacking python3-zopfli (0.2.3.post1-1+b1) ...
Selecting previously unselected package unicode-data.
Preparing to unpack .../033-unicode-data_15.1.0-1_all.deb ...
Unpacking unicode-data (15.1.0-1) ...
Selecting previously unselected package python3-fonttools.
Preparing to unpack .../034-python3-fonttools_4.57.0-1_amd64.deb ...
Unpacking python3-fonttools (4.57.0-1) ...
Selecting previously unselected package python3-kiwisolver.
Preparing to unpack .../035-python3-kiwisolver_1.4.7-3+b1_amd64.deb ...
Unpacking python3-kiwisolver (1.4.7-3+b1) ...
Selecting previously unselected package libqhull-r8.0:amd64.
Preparing to unpack .../036-libqhull-r8.0_2020.2-6+b2_amd64.deb ...
Unpacking libqhull-r8.0:amd64 (2020.2-6+b2) ...
Selecting previously unselected package python3-matplotlib.
Preparing to unpack .../037-python3-matplotlib_3.10.1+dfsg1-4_amd64.deb ...
Unpacking python3-matplotlib (3.10.1+dfsg1-4) ...
Selecting previously unselected package libcoin80t64:amd64.
Preparing to unpack .../038-libcoin80t64_4.0.3+ds-2_amd64.deb ...
Unpacking libcoin80t64:amd64 (4.0.3+ds-2) ...
Selecting previously unselected package libsoqt520t64:amd64.
Preparing to unpack .../039-libsoqt520t64_1.6.3+ds1-2_amd64.deb ...
Unpacking libsoqt520t64:amd64 (1.6.3+ds1-2) ...
Selecting previously unselected package libqt5qml5:amd64.
Preparing to unpack .../040-libqt5qml5_5.15.15+dfsg-3_amd64.deb ...
Unpacking libqt5qml5:amd64 (5.15.15+dfsg-3) ...
Selecting previously unselected package libshiboken2-py3-5.15t64.
Preparing to unpack .../041-libshiboken2-py3-5.15t64_5.15.16-3.1_amd64.deb ...
Unpacking libshiboken2-py3-5.15t64 (5.15.16-3.1) ...
Selecting previously unselected package libpyside2-py3-5.15t64.
Preparing to unpack .../042-libpyside2-py3-5.15t64_5.15.16-3.1_amd64.deb ...
Unpacking libpyside2-py3-5.15t64 (5.15.16-3.1) ...
Selecting previously unselected package python3-pyside2.qtcore.
Preparing to unpack .../043-python3-pyside2.qtcore_5.15.16-3.1_amd64.deb ...
Unpacking python3-pyside2.qtcore (5.15.16-3.1) ...
Selecting previously unselected package python3-pyside2.qtgui.
Preparing to unpack .../044-python3-pyside2.qtgui_5.15.16-3.1_amd64.deb ...
Unpacking python3-pyside2.qtgui (5.15.16-3.1) ...
Selecting previously unselected package python3-pyside2.qtwidgets.
Preparing to unpack .../045-python3-pyside2.qtwidgets_5.15.16-3.1_amd64.deb ...
Unpacking python3-pyside2.qtwidgets (5.15.16-3.1) ...
Selecting previously unselected package python3-pyside2.qtopengl.
Preparing to unpack .../046-python3-pyside2.qtopengl_5.15.16-3.1_amd64.deb ...
Unpacking python3-pyside2.qtopengl (5.15.16-3.1) ...
Selecting previously unselected package libclang1-19.
Preparing to unpack .../047-libclang1-19_1%3a19.1.7-3+b1_amd64.deb ...
Unpacking libclang1-19 (1:19.1.7-3+b1) ...
Selecting previously unselected package shiboken2.
Preparing to unpack .../048-shiboken2_5.15.16-3.1_amd64.deb ...
Unpacking shiboken2 (5.15.16-3.1) ...
Selecting previously unselected package python3-pivy.
Preparing to unpack .../049-python3-pivy_0.6.10-2_amd64.deb ...
Unpacking python3-pivy (0.6.10-2) ...
Selecting previously unselected package python3-ply.
Preparing to unpack .../050-python3-ply_3.11-9_all.deb ...
Unpacking python3-ply (3.11-9) ...
Selecting previously unselected package python3-pyside2.qtnetwork.
Preparing to unpack .../051-python3-pyside2.qtnetwork_5.15.16-3.1_amd64.deb ...
Unpacking python3-pyside2.qtnetwork (5.15.16-3.1) ...
Selecting previously unselected package python3-pyside2.qtsvg.
Preparing to unpack .../052-python3-pyside2.qtsvg_5.15.16-3.1_amd64.deb ...
Unpacking python3-pyside2.qtsvg (5.15.16-3.1) ...
Selecting previously unselected package libqt5xml5t64:amd64.
Preparing to unpack .../053-libqt5xml5t64_5.15.15+dfsg-6_amd64.deb ...
Unpacking libqt5xml5t64:amd64 (5.15.15+dfsg-6) ...
Selecting previously unselected package python3-pyside2.qtxml.
Preparing to unpack .../054-python3-pyside2.qtxml_5.15.16-3.1_amd64.deb ...
Unpacking python3-pyside2.qtxml (5.15.16-3.1) ...
Selecting previously unselected package python3-pyside2.qtuitools.
Preparing to unpack .../055-python3-pyside2.qtuitools_5.15.16-3.1_amd64.deb ...
Unpacking python3-pyside2.qtuitools (5.15.16-3.1) ...
Selecting previously unselected package libboost-filesystem1.83.0:amd64.
Preparing to unpack .../056-libboost-filesystem1.83.0_1.83.0-4.2_amd64.deb ...
Unpacking libboost-filesystem1.83.0:amd64 (1.83.0-4.2) ...
Selecting previously unselected package libboost-program-options1.83.0:amd64.
Preparing to unpack .../057-libboost-program-options1.83.0_1.83.0-4.2_amd64.deb ...
Unpacking libboost-program-options1.83.0:amd64 (1.83.0-4.2) ...
Selecting previously unselected package libfmt10:amd64.
Preparing to unpack .../058-libfmt10_10.1.1+ds1-4_amd64.deb ...
Unpacking libfmt10:amd64 (10.1.1+ds1-4) ...
Selecting previously unselected package libevent-pthreads-2.1-7t64:amd64.
Preparing to unpack .../059-libevent-pthreads-2.1-7t64_2.1.12-stable-10+b1_amd64.deb ...
Unpacking libevent-pthreads-2.1-7t64:amd64 (2.1.12-stable-10+b1) ...
Selecting previously unselected package libibverbs1:amd64.
Preparing to unpack .../060-libibverbs1_56.1-1_amd64.deb ...
Unpacking libibverbs1:amd64 (56.1-1) ...
Selecting previously unselected package ibverbs-providers:amd64.
Preparing to unpack .../061-ibverbs-providers_56.1-1_amd64.deb ...
Unpacking ibverbs-providers:amd64 (56.1-1) ...
Selecting previously unselected package libpsm2-2.
Preparing to unpack .../062-libpsm2-2_11.2.185-2.1_amd64.deb ...
Unpacking libpsm2-2 (11.2.185-2.1) ...
Selecting previously unselected package librdmacm1t64:amd64.
Preparing to unpack .../063-librdmacm1t64_56.1-1_amd64.deb ...
Unpacking librdmacm1t64:amd64 (56.1-1) ...
Selecting previously unselected package libfabric1:amd64.
Preparing to unpack .../064-libfabric1_2.1.0-1.1_amd64.deb ...
Unpacking libfabric1:amd64 (2.1.0-1.1) ...
Selecting previously unselected package libhwloc15:amd64.
Preparing to unpack .../065-libhwloc15_2.12.0-4_amd64.deb ...
Unpacking libhwloc15:amd64 (2.12.0-4) ...
Selecting previously unselected package libmunge2:amd64.
Preparing to unpack .../066-libmunge2_0.5.16-1_amd64.deb ...
Unpacking libmunge2:amd64 (0.5.16-1) ...
Selecting previously unselected package libxnvctrl0:amd64.
Preparing to unpack .../067-libxnvctrl0_535.171.04-1+b2_amd64.deb ...
Unpacking libxnvctrl0:amd64 (535.171.04-1+b2) ...
Selecting previously unselected package libze1:amd64.
Preparing to unpack .../068-libze1_1.20.6-1_amd64.deb ...
Unpacking libze1:amd64 (1.20.6-1) ...
Selecting previously unselected package libhwloc-plugins:amd64.
Preparing to unpack .../069-libhwloc-plugins_2.12.0-4_amd64.deb ...
Unpacking libhwloc-plugins:amd64 (2.12.0-4) ...
Selecting previously unselected package libpmix2t64:amd64.
Preparing to unpack .../070-libpmix2t64_5.0.7-1_amd64.deb ...
Unpacking libpmix2t64:amd64 (5.0.7-1) ...
Selecting previously unselected package libllvm17t64:amd64.
Preparing to unpack .../071-libllvm17t64_1%3a17.0.6-22+b2_amd64.deb ...
Unpacking libllvm17t64:amd64 (1:17.0.6-22+b2) ...
Selecting previously unselected package libamd-comgr2:amd64.
Preparing to unpack .../072-libamd-comgr2_6.0+git20231212.4510c28+dfsg-3+b2_amd64.deb ...
Unpacking libamd-comgr2:amd64 (6.0+git20231212.4510c28+dfsg-3+b2) ...
Selecting previously unselected package libhsakmt1:amd64.
Preparing to unpack .../073-libhsakmt1_6.2.4+ds-1_amd64.deb ...
Unpacking libhsakmt1:amd64 (6.2.4+ds-1) ...
Selecting previously unselected package libhsa-runtime64-1:amd64.
Preparing to unpack .../074-libhsa-runtime64-1_6.1.2-3_amd64.deb ...
Unpacking libhsa-runtime64-1:amd64 (6.1.2-3) ...
Selecting previously unselected package libamdhip64-5:amd64.
Preparing to unpack .../075-libamdhip64-5_5.7.1-6+deb13u1_amd64.deb ...
Unpacking libamdhip64-5:amd64 (5.7.1-6+deb13u1) ...
Selecting previously unselected package libibumad3:amd64.
Preparing to unpack .../076-libibumad3_56.1-1_amd64.deb ...
Unpacking libibumad3:amd64 (56.1-1) ...
Selecting previously unselected package libibmad5:amd64.
Preparing to unpack .../077-libibmad5_56.1-1_amd64.deb ...
Unpacking libibmad5:amd64 (56.1-1) ...
Selecting previously unselected package libucx0:amd64.
Preparing to unpack .../078-libucx0_1.18.1+ds-2+b1_amd64.deb ...
Unpacking libucx0:amd64 (1.18.1+ds-2+b1) ...
Selecting previously unselected package libopenmpi40:amd64.
Preparing to unpack .../079-libopenmpi40_5.0.7-1_amd64.deb ...
Unpacking libopenmpi40:amd64 (5.0.7-1) ...
Selecting previously unselected package libaec0:amd64.
Preparing to unpack .../080-libaec0_1.1.3-1+b1_amd64.deb ...
Unpacking libaec0:amd64 (1.1.3-1+b1) ...
Selecting previously unselected package libsz2:amd64.
Preparing to unpack .../081-libsz2_1.1.3-1+b1_amd64.deb ...
Unpacking libsz2:amd64 (1.1.3-1+b1) ...
Selecting previously unselected package libhdf5-openmpi-310:amd64.
Preparing to unpack .../082-libhdf5-openmpi-310_1.14.5+repack-3_amd64.deb ...
Unpacking libhdf5-openmpi-310:amd64 (1.14.5+repack-3) ...
Selecting previously unselected package libmedc11t64:amd64.
Preparing to unpack .../083-libmedc11t64_4.1.0+repack-9+b1_amd64.deb ...
Unpacking libmedc11t64:amd64 (4.1.0+repack-9+b1) ...
Selecting previously unselected package libtbbbind-2-5:amd64.
Preparing to unpack .../084-libtbbbind-2-5_2022.1.0-1+deb13u1_amd64.deb ...
Unpacking libtbbbind-2-5:amd64 (2022.1.0-1+deb13u1) ...
Selecting previously unselected package libtbbmalloc2:amd64.
Preparing to unpack .../085-libtbbmalloc2_2022.1.0-1+deb13u1_amd64.deb ...
Unpacking libtbbmalloc2:amd64 (2022.1.0-1+deb13u1) ...
Selecting previously unselected package libtbb12:amd64.
Preparing to unpack .../086-libtbb12_2022.1.0-1+deb13u1_amd64.deb ...
Unpacking libtbb12:amd64 (2022.1.0-1+deb13u1) ...
Selecting previously unselected package libocct-foundation-7.8:amd64.
Preparing to unpack .../087-libocct-foundation-7.8_7.8.1+dfsg1-3_amd64.deb ...
Unpacking libocct-foundation-7.8:amd64 (7.8.1+dfsg1-3) ...
Selecting previously unselected package libocct-modeling-data-7.8:amd64.
Preparing to unpack .../088-libocct-modeling-data-7.8_7.8.1+dfsg1-3_amd64.deb ...
Unpacking libocct-modeling-data-7.8:amd64 (7.8.1+dfsg1-3) ...
Selecting previously unselected package libocct-modeling-algorithms-7.8:amd64.
Preparing to unpack .../089-libocct-modeling-algorithms-7.8_7.8.1+dfsg1-3_amd64.deb ...
Unpacking libocct-modeling-algorithms-7.8:amd64 (7.8.1+dfsg1-3) ...
Selecting previously unselected package libjxr0t64:amd64.
Preparing to unpack .../090-libjxr0t64_1.2~git20170615.f752187-5.3_amd64.deb ...
Unpacking libjxr0t64:amd64 (1.2~git20170615.f752187-5.3) ...
Selecting previously unselected package libfreeimage3:amd64.
Preparing to unpack .../091-libfreeimage3_3.18.0+ds2-11_amd64.deb ...
Unpacking libfreeimage3:amd64 (3.18.0+ds2-11) ...
Selecting previously unselected package libocct-draw-7.8:amd64.
Preparing to unpack .../092-libocct-draw-7.8_7.8.1+dfsg1-3_amd64.deb ...
Unpacking libocct-draw-7.8:amd64 (7.8.1+dfsg1-3) ...
Selecting previously unselected package occt-misc.
Preparing to unpack .../093-occt-misc_7.8.1+dfsg1-3_all.deb ...
Unpacking occt-misc (7.8.1+dfsg1-3) ...
Selecting previously unselected package libocct-visualization-7.8:amd64.
Preparing to unpack .../094-libocct-visualization-7.8_7.8.1+dfsg1-3_amd64.deb ...
Unpacking libocct-visualization-7.8:amd64 (7.8.1+dfsg1-3) ...
Selecting previously unselected package libocct-ocaf-7.8:amd64.
Preparing to unpack .../095-libocct-ocaf-7.8_7.8.1+dfsg1-3_amd64.deb ...
Unpacking libocct-ocaf-7.8:amd64 (7.8.1+dfsg1-3) ...
Selecting previously unselected package libocct-data-exchange-7.8:amd64.
Preparing to unpack .../096-libocct-data-exchange-7.8_7.8.1+dfsg1-3_amd64.deb ...
Unpacking libocct-data-exchange-7.8:amd64 (7.8.1+dfsg1-3) ...
Selecting previously unselected package libondselsolver1:amd64.
Preparing to unpack .../097-libondselsolver1_0~2024.11.27-1+b1_amd64.deb ...
Unpacking libondselsolver1:amd64 (0~2024.11.27-1+b1) ...
Selecting previously unselected package libqt5concurrent5t64:amd64.
Preparing to unpack .../098-libqt5concurrent5t64_5.15.15+dfsg-6_amd64.deb ...
Unpacking libqt5concurrent5t64:amd64 (5.15.15+dfsg-6) ...
Selecting previously unselected package libqt5printsupport5t64:amd64.
Preparing to unpack .../099-libqt5printsupport5t64_5.15.15+dfsg-6_amd64.deb ...
Unpacking libqt5printsupport5t64:amd64 (5.15.15+dfsg-6) ...
Selecting previously unselected package libspnav0.
Preparing to unpack .../100-libspnav0_1.2-1_amd64.deb ...
Unpacking libspnav0 (1.2-1) ...
Selecting previously unselected package libgl2ps1.4.
Preparing to unpack .../101-libgl2ps1.4_1.4.2+dfsg1-2_amd64.deb ...
Unpacking libgl2ps1.4 (1.4.2+dfsg1-2) ...
Selecting previously unselected package libhdf5-310:amd64.
Preparing to unpack .../102-libhdf5-310_1.14.5+repack-3_amd64.deb ...
Unpacking libhdf5-310:amd64 (1.14.5+repack-3) ...
Selecting previously unselected package libhdf5-hl-310:amd64.
Preparing to unpack .../103-libhdf5-hl-310_1.14.5+repack-3_amd64.deb ...
Unpacking libhdf5-hl-310:amd64 (1.14.5+repack-3) ...
Selecting previously unselected package libnetcdf22:amd64.
Preparing to unpack .../104-libnetcdf22_1%3a4.9.3-1_amd64.deb ...
Unpacking libnetcdf22:amd64 (1:4.9.3-1) ...
Selecting previously unselected package proj-data.
Preparing to unpack .../105-proj-data_9.6.0-1_all.deb ...
Unpacking proj-data (9.6.0-1) ...
Selecting previously unselected package libproj25:amd64.
Preparing to unpack .../106-libproj25_9.6.0-1_amd64.deb ...
Unpacking libproj25:amd64 (9.6.0-1) ...
Selecting previously unselected package libvtk9.3:amd64.
Preparing to unpack .../107-libvtk9.3_9.3.0+dfsg1-4+b1_amd64.deb ...
Unpacking libvtk9.3:amd64 (9.3.0+dfsg1-4+b1) ...
Selecting previously unselected package libxerces-c3.2t64:amd64.
Preparing to unpack .../108-libxerces-c3.2t64_3.2.4+debian-1.3+b2_amd64.deb ...
Unpacking libxerces-c3.2t64:amd64 (3.2.4+debian-1.3+b2) ...
Selecting previously unselected package libyaml-cpp0.8:amd64.
Preparing to unpack .../109-libyaml-cpp0.8_0.8.0+dfsg-7_amd64.deb ...
Unpacking libyaml-cpp0.8:amd64 (0.8.0+dfsg-7) ...
Selecting previously unselected package libzipios++0v5.
Preparing to unpack .../110-libzipios++0v5_0.1.7-2_amd64.deb ...
Unpacking libzipios++0v5 (0.1.7-2) ...
Selecting previously unselected package libfreecad-python3.
Preparing to unpack .../111-libfreecad-python3_1.0.0+dfsg-8_amd64.deb ...
Unpacking libfreecad-python3 (1.0.0+dfsg-8) ...
Selecting previously unselected package freecad-python3.
Preparing to unpack .../112-freecad-python3_1.0.0+dfsg-8_amd64.deb ...
Unpacking freecad-python3 (1.0.0+dfsg-8) ...
Selecting previously unselected package freecad.
Preparing to unpack .../113-freecad_1.0.0+dfsg-8_all.deb ...
Unpacking freecad (1.0.0+dfsg-8) ...
Setting up libtbbmalloc2:amd64 (2022.1.0-1+deb13u1) ...
Setting up libboost-program-options1.83.0:amd64 (1.83.0-4.2) ...
Setting up python3-attr (25.3.0-1) ...
Setting up fonts-osifont (0.1.20230322+ds-4) ...
Setting up libibverbs1:amd64 (56.1-1) ...
Setting up libclang1-19 (1:19.1.7-3+b1) ...
Setting up proj-data (9.6.0-1) ...
Setting up libzipios++0v5 (0.1.7-2) ...
Setting up libproj25:amd64 (9.6.0-1) ...
Setting up libshiboken2-py3-5.15t64 (5.15.16-3.1) ...
Setting up ibverbs-providers:amd64 (56.1-1) ...
Setting up python3-lz4 (4.4.0+dfsg-2) ...
Setting up libevent-pthreads-2.1-7t64:amd64 (2.1.12-stable-10+b1) ...
Setting up python3-unicodedata2 (15.1.0+ds-1+b4) ...
Setting up libqt5concurrent5t64:amd64 (5.15.15+dfsg-6) ...
Setting up fonts-lyx (2.4.3-1) ...
Setting up libyaml-cpp0.8:amd64 (0.8.0+dfsg-7) ...
Setting up python3-ply (3.11-9) ...
Setting up libibumad3:amd64 (56.1-1) ...
Setting up libqhull-r8.0:amd64 (2020.2-6+b2) ...
Setting up libqt5xml5t64:amd64 (5.15.15+dfsg-6) ...
Setting up libondselsolver1:amd64 (0~2024.11.27-1+b1) ...
Setting up libibmad5:amd64 (56.1-1) ...
Setting up libboost-filesystem1.83.0:amd64 (1.83.0-4.2) ...
Setting up libxerces-c3.2t64:amd64 (3.2.4+debian-1.3+b2) ...
Setting up libaec0:amd64 (1.1.3-1+b1) ...
Setting up python3-platformdirs (4.3.7-1) ...
Setting up libze1:amd64 (1.20.6-1) ...
Setting up freecad-common (1.0.0+dfsg-8) ...
Setting up libgl2ps1.4 (1.4.2+dfsg1-2) ...
Setting up occt-misc (7.8.1+dfsg1-3) ...
Setting up python3-fs (2.4.16-7) ...
Setting up libxnvctrl0:amd64 (535.171.04-1+b2) ...
Setting up unicode-data (15.1.0-1) ...
Setting up python3-decorator (5.2.1-2) ...
Setting up libjs-jquery-ui (1.13.2+dfsg-1) ...
Setting up libmunge2:amd64 (0.5.16-1) ...
Setting up libllvm17t64:amd64 (1:17.0.6-22+b2) ...
Setting up libjxr0t64:amd64 (1.2~git20170615.f752187-5.3) ...
Setting up libzopfli1 (1.0.3-3) ...
Setting up libcoin80t64:amd64 (4.0.3+ds-2) ...
Setting up libqt5qml5:amd64 (5.15.15+dfsg-3) ...
Setting up python3-brotli (1.1.0-2+b7) ...
Setting up libraqm0:amd64 (0.10.2-1) ...
Setting up python3-cycler (0.12.1-1) ...
Setting up python3-kiwisolver (1.4.7-3+b1) ...
Setting up libhwloc15:amd64 (2.12.0-4) ...
Setting up python3-numpy-dev:amd64 (1:2.2.4+ds-1) ...
Setting up google-cloud-cli (549.0.1-0) ...
Fatal Python error: _Py_HashRandomization_Init: failed to get random numbers to initialize Python
Python runtime state: preinitialized

dpkg: error processing package google-cloud-cli (--configure):
 installed google-cloud-cli package post-installation script subprocess returned error exit status 1
Setting up libtcl8.6:amd64 (8.6.16+dfsg-1) ...
Setting up python3-numpy (1:2.2.4+ds-1) ...
Setting up python3-lxml:amd64 (5.4.0-1) ...
Setting up libpsm2-2 (11.2.185-2.1) ...
Setting up librdmacm1t64:amd64 (56.1-1) ...
Setting up python3-dateutil (2.9.0-4) ...
Setting up python3-contourpy (1.3.1-1+b1) ...
Setting up shiboken2 (5.15.16-3.1) ...
Setting up libamd-comgr2:amd64 (6.0+git20231212.4510c28+dfsg-3+b2) ...
Setting up libpyside2-py3-5.15t64 (5.15.16-3.1) ...
Setting up python3-mpmath (1.3.0-1) ...
Setting up python-matplotlib-data (3.10.1+dfsg1-4) ...
Setting up libfmt10:amd64 (10.1.1+ds1-4) ...
Setting up libhsakmt1:amd64 (6.2.4+ds-1) ...
Setting up libsz2:amd64 (1.1.3-1+b1) ...
Setting up libqt5printsupport5t64:amd64 (5.15.15+dfsg-6) ...
Setting up libspnav0 (1.2-1) ...
Setting up libfabric1:amd64 (2.1.0-1.1) ...
Setting up python3-sympy (1.13.3-5) ...
Setting up libfreeimage3:amd64 (3.18.0+ds2-11) ...
Setting up python3-scipy (1.15.3-1) ...
Setting up libsoqt520t64:amd64 (1.6.3+ds1-2) ...
Setting up libtk8.6:amd64 (8.6.16-1) ...
Setting up libhwloc-plugins:amd64 (2.12.0-4) ...
Setting up python3.13-tk (3.13.5-2) ...
Setting up python3-zopfli (0.2.3.post1-1+b1) ...
Setting up libtbbbind-2-5:amd64 (2022.1.0-1+deb13u1) ...
Setting up python3-pil:amd64 (11.1.0-5+b1) ...
Setting up python3-pyside2.qtcore (5.15.16-3.1) ...
Setting up libpmix2t64:amd64 (5.0.7-1) ...
Setting up libhdf5-310:amd64 (1.14.5+repack-3) ...
Setting up libhsa-runtime64-1:amd64 (6.1.2-3) ...
Setting up libhdf5-hl-310:amd64 (1.14.5+repack-3) ...
Setting up tk8.6-blt2.5 (2.5.3+dfsg-8) ...
Setting up python3-pyside2.qtgui (5.15.16-3.1) ...
Setting up blt (2.5.3+dfsg-8) ...
Setting up python3-pyside2.qtwidgets (5.15.16-3.1) ...
Setting up libnetcdf22:amd64 (1:4.9.3-1) ...
Setting up python3-tk:amd64 (3.13.5-1) ...
Setting up libtbb12:amd64 (2022.1.0-1+deb13u1) ...
Setting up python3-pyside2.qtnetwork (5.15.16-3.1) ...
Setting up python3-pyside2.qtxml (5.15.16-3.1) ...
Setting up libamdhip64-5:amd64 (5.7.1-6+deb13u1) ...
Setting up python3-pil.imagetk:amd64 (11.1.0-5+b1) ...
Setting up libocct-foundation-7.8:amd64 (7.8.1+dfsg1-3) ...
Setting up python3-pyside2.qtopengl (5.15.16-3.1) ...
Setting up python3-pyside2.qtuitools (5.15.16-3.1) ...
Setting up libucx0:amd64 (1.18.1+ds-2+b1) ...
Setting up python3-pyside2.qtsvg (5.15.16-3.1) ...
Setting up python3-pivy (0.6.10-2) ...
/usr/lib/python3/dist-packages/pivy/quarter/QuarterWidget.py:19: SyntaxWarning: invalid escape sequence '\C'
  integration between Systems in Motions's \COIN high-level 3D
/usr/lib/python3/dist-packages/pivy/quarter/eventhandlers/DragDropHandler.py:18: SyntaxWarning: invalid escape sequence '\c'
  \class SIM::Coin3D::Quarter::DragDropHandler DragDropHandler.h Quarter/devices/DragDropHandler.h
/usr/lib/python3/dist-packages/pivy/quarter/eventhandlers/EventHandler.py:18: SyntaxWarning: invalid escape sequence '\c'
  \class SIM::Coin3D::Quarter::EventHandler EventHandler.h Quarter/eventhandlers/EventHandler.h
Setting up libocct-modeling-data-7.8:amd64 (7.8.1+dfsg1-3) ...
Setting up libopenmpi40:amd64 (5.0.7-1) ...
Setting up libocct-modeling-algorithms-7.8:amd64 (7.8.1+dfsg1-3) ...
Setting up libhdf5-openmpi-310:amd64 (1.14.5+repack-3) ...
Setting up libvtk9.3:amd64 (9.3.0+dfsg1-4+b1) ...
Setting up libmedc11t64:amd64 (4.1.0+repack-9+b1) ...
Setting up libocct-visualization-7.8:amd64 (7.8.1+dfsg1-3) ...
Setting up libocct-ocaf-7.8:amd64 (7.8.1+dfsg1-3) ...
Setting up libocct-data-exchange-7.8:amd64 (7.8.1+dfsg1-3) ...
Setting up libfreecad-python3 (1.0.0+dfsg-8) ...
Setting up libocct-draw-7.8:amd64 (7.8.1+dfsg1-3) ...
Processing triggers for menu (2.1.51) ...
Processing triggers for fontconfig (2.15.0-2.3) ...
Processing triggers for desktop-file-utils (0.28-1) ...
Processing triggers for hicolor-icon-theme (0.18-2) ...
Processing triggers for libc-bin (2.41-12) ...
Setting up python3-fonttools (4.57.0-1) ...
Processing triggers for shared-mime-info (2.4-5+b2) ...
Setting up python3-ufolib2 (0.17.1+dfsg1-1) ...
Setting up python3-matplotlib (3.10.1+dfsg1-4) ...
Setting up freecad-python3 (1.0.0+dfsg-8) ...
update-alternatives: using /usr/lib/freecad/bin/freecad-python3 to provide /usr/bin/freecad (freecad) in auto mode
Setting up freecad (1.0.0+dfsg-8) ...
Errors were encountered while processing:
 google-cloud-cli
E: Sub-process /usr/bin/dpkg returned an error code (1)
CLDS: * Disk size = 9719488K. Space Used = 1662540K. Runtime = 00:00:00:30.
