CLDS:>>>>>>>>> Running inst-min-win-xtra-default-jdk.sh ...
Reading package lists...
Building dependency tree...
Reading state information...
The following additional packages will be installed:
  default-jdk-headless default-jre libgif7 openjdk-21-jdk
  openjdk-21-jdk-headless openjdk-21-jre
Suggested packages:
  openjdk-21-demo openjdk-21-source visualvm
Recommended packages:
  libxt-dev libatk-wrapper-java-jni fonts-dejavu-extra
The following NEW packages will be installed:
  default-jdk default-jdk-headless default-jre libgif7 openjdk-21-jdk
  openjdk-21-jdk-headless openjdk-21-jre
0 upgraded, 7 newly installed, 0 to remove and 0 not upgraded.
1 not fully installed or removed.
Need to get 87.3 MB of archives.
After this operation, 101 MB of additional disk space will be used.
Get:1 http://localhost/aptly-repo/master_trixie-main trixie/main amd64 libgif7 amd64 5.2.2-1+b1 [44.2 kB]
Get:2 http://localhost/aptly-repo/master_trixie-main trixie/main amd64 openjdk-21-jre amd64 21.0.9+10-1~deb13u1 [208 kB]
Get:3 http://localhost/aptly-repo/master_trixie-main trixie/main amd64 default-jre amd64 2:1.21-76 [1,068 B]
Get:4 http://localhost/aptly-repo/master_trixie-main trixie/main amd64 openjdk-21-jdk-headless amd64 21.0.9+10-1~deb13u1 [82.9 MB]
Get:5 http://localhost/aptly-repo/master_trixie-main trixie/main amd64 default-jdk-headless amd64 2:1.21-76 [1,124 B]
Get:6 http://localhost/aptly-repo/master_trixie-main trixie/main amd64 openjdk-21-jdk amd64 21.0.9+10-1~deb13u1 [4,088 kB]
Get:7 http://localhost/aptly-repo/master_trixie-main trixie/main amd64 default-jdk amd64 2:1.21-76 [1,076 B]
dpkg-preconfigure: unable to re-open stdin: No such file or directory
Fetched 87.3 MB in 1s (154 MB/s)
E: Can not write log (Is /dev/pts mounted?) - posix_openpt (2: No such file or directory)
Selecting previously unselected package libgif7:amd64.
(Reading database ... 121228 files and directories currently installed.)
Preparing to unpack .../0-libgif7_5.2.2-1+b1_amd64.deb ...
Unpacking libgif7:amd64 (5.2.2-1+b1) ...
Selecting previously unselected package openjdk-21-jre:amd64.
Preparing to unpack .../1-openjdk-21-jre_21.0.9+10-1~deb13u1_amd64.deb ...
Unpacking openjdk-21-jre:amd64 (21.0.9+10-1~deb13u1) ...
Selecting previously unselected package default-jre.
Preparing to unpack .../2-default-jre_2%3a1.21-76_amd64.deb ...
Unpacking default-jre (2:1.21-76) ...
Selecting previously unselected package openjdk-21-jdk-headless:amd64.
Preparing to unpack .../3-openjdk-21-jdk-headless_21.0.9+10-1~deb13u1_amd64.deb ...
Unpacking openjdk-21-jdk-headless:amd64 (21.0.9+10-1~deb13u1) ...
Selecting previously unselected package default-jdk-headless.
Preparing to unpack .../4-default-jdk-headless_2%3a1.21-76_amd64.deb ...
Unpacking default-jdk-headless (2:1.21-76) ...
Selecting previously unselected package openjdk-21-jdk:amd64.
Preparing to unpack .../5-openjdk-21-jdk_21.0.9+10-1~deb13u1_amd64.deb ...
Unpacking openjdk-21-jdk:amd64 (21.0.9+10-1~deb13u1) ...
Selecting previously unselected package default-jdk.
Preparing to unpack .../6-default-jdk_2%3a1.21-76_amd64.deb ...
Unpacking default-jdk (2:1.21-76) ...
Setting up openjdk-21-jdk-headless:amd64 (21.0.9+10-1~deb13u1) ...
update-alternatives: using /usr/lib/jvm/java-21-openjdk-amd64/bin/jar to provide /usr/bin/jar (jar) in auto mode
update-alternatives: using /usr/lib/jvm/java-21-openjdk-amd64/bin/jarsigner to provide /usr/bin/jarsigner (jarsigner) in auto mode
update-alternatives: using /usr/lib/jvm/java-21-openjdk-amd64/bin/javac to provide /usr/bin/javac (javac) in auto mode
update-alternatives: using /usr/lib/jvm/java-21-openjdk-amd64/bin/javadoc to provide /usr/bin/javadoc (javadoc) in auto mode
update-alternatives: using /usr/lib/jvm/java-21-openjdk-amd64/bin/javap to provide /usr/bin/javap (javap) in auto mode
update-alternatives: using /usr/lib/jvm/java-21-openjdk-amd64/bin/jcmd to provide /usr/bin/jcmd (jcmd) in auto mode
update-alternatives: using /usr/lib/jvm/java-21-openjdk-amd64/bin/jdb to provide /usr/bin/jdb (jdb) in auto mode
update-alternatives: using /usr/lib/jvm/java-21-openjdk-amd64/bin/jdeprscan to provide /usr/bin/jdeprscan (jdeprscan) in auto mode
update-alternatives: using /usr/lib/jvm/java-21-openjdk-amd64/bin/jdeps to provide /usr/bin/jdeps (jdeps) in auto mode
update-alternatives: using /usr/lib/jvm/java-21-openjdk-amd64/bin/jfr to provide /usr/bin/jfr (jfr) in auto mode
update-alternatives: using /usr/lib/jvm/java-21-openjdk-amd64/bin/jimage to provide /usr/bin/jimage (jimage) in auto mode
update-alternatives: using /usr/lib/jvm/java-21-openjdk-amd64/bin/jinfo to provide /usr/bin/jinfo (jinfo) in auto mode
update-alternatives: using /usr/lib/jvm/java-21-openjdk-amd64/bin/jlink to provide /usr/bin/jlink (jlink) in auto mode
update-alternatives: using /usr/lib/jvm/java-21-openjdk-amd64/bin/jmap to provide /usr/bin/jmap (jmap) in auto mode
update-alternatives: using /usr/lib/jvm/java-21-openjdk-amd64/bin/jmod to provide /usr/bin/jmod (jmod) in auto mode
update-alternatives: using /usr/lib/jvm/java-21-openjdk-amd64/bin/jps to provide /usr/bin/jps (jps) in auto mode
update-alternatives: using /usr/lib/jvm/java-21-openjdk-amd64/bin/jrunscript to provide /usr/bin/jrunscript (jrunscript) in auto mode
update-alternatives: using /usr/lib/jvm/java-21-openjdk-amd64/bin/jshell to provide /usr/bin/jshell (jshell) in auto mode
update-alternatives: using /usr/lib/jvm/java-21-openjdk-amd64/bin/jstack to provide /usr/bin/jstack (jstack) in auto mode
update-alternatives: using /usr/lib/jvm/java-21-openjdk-amd64/bin/jstat to provide /usr/bin/jstat (jstat) in auto mode
update-alternatives: using /usr/lib/jvm/java-21-openjdk-amd64/bin/jstatd to provide /usr/bin/jstatd (jstatd) in auto mode
update-alternatives: using /usr/lib/jvm/java-21-openjdk-amd64/bin/jwebserver to provide /usr/bin/jwebserver (jwebserver) in auto mode
update-alternatives: using /usr/lib/jvm/java-21-openjdk-amd64/bin/serialver to provide /usr/bin/serialver (serialver) in auto mode
update-alternatives: using /usr/lib/jvm/java-21-openjdk-amd64/bin/jhsdb to provide /usr/bin/jhsdb (jhsdb) in auto mode
Setting up default-jdk-headless (2:1.21-76) ...
Setting up google-cloud-cli (549.0.1-0) ...
Fatal Python error: _Py_HashRandomization_Init: failed to get random numbers to initialize Python
Python runtime state: preinitialized

dpkg: error processing package google-cloud-cli (--configure):
 installed google-cloud-cli package post-installation script subprocess returned error exit status 1
Setting up libgif7:amd64 (5.2.2-1+b1) ...
Setting up openjdk-21-jre:amd64 (21.0.9+10-1~deb13u1) ...
Setting up default-jre (2:1.21-76) ...
Setting up openjdk-21-jdk:amd64 (21.0.9+10-1~deb13u1) ...
update-alternatives: using /usr/lib/jvm/java-21-openjdk-amd64/bin/jconsole to provide /usr/bin/jconsole (jconsole) in auto mode
Setting up default-jdk (2:1.21-76) ...
Processing triggers for libc-bin (2.41-12) ...
Processing triggers for hicolor-icon-theme (0.18-2) ...
Errors were encountered while processing:
 google-cloud-cli
E: Sub-process /usr/bin/dpkg returned an error code (1)
CLDS: * Disk size = 5122496K. Space Used = 184688K. Runtime = 00:00:00:03.
