CLDS:>>>>>>>>> Running inst-xtra-wine64.sh ...
Reading package lists...
Building dependency tree...
Reading state information...
The following additional packages will be installed:
  libgphoto2-port12t64
Suggested packages:
  gphoto2
Recommended packages:
  libgphoto2-l10n
The following NEW packages will be installed:
  libgphoto2-6t64 libgphoto2-port12t64
0 upgraded, 2 newly installed, 0 to remove and 1 not upgraded.
1 not fully installed or removed.
Inst libgphoto2-port12t64 (2.5.31-4 master_trixie-main trixie:trixie [amd64])
Inst libgphoto2-6t64 (2.5.31-4 master_trixie-main trixie:trixie [amd64])
Conf libgphoto2-port12t64 (2.5.31-4 master_trixie-main trixie:trixie [amd64])
Conf libgphoto2-6t64 (2.5.31-4 master_trixie-main trixie:trixie [amd64])
Conf google-cloud-cli (549.0.1-0 master_google-cloud-main cloud-sdk:cloud-sdk, cloud-sdk:cloud-sdk [amd64])
Reading package lists...
Building dependency tree...
Reading state information...
The following additional packages will be installed:
  libcapi20-3t64 libgphoto2-6t64 libgphoto2-port12t64 libwine libz-mingw-w64
Suggested packages:
  gphoto2 cups-bsd gstreamer1.0-libav gstreamer1.0-plugins-ugly
  ttf-mscorefonts-installer q4wine winbind winetricks playonlinux wine-binfmt
  dosbox exe-thumbnailer | kio-extras wine64-preloader
Recommended packages:
  libgphoto2-l10n libodbc2 libosmesa6 libasound2-plugins wine32
The following NEW packages will be installed:
  fonts-wine libcapi20-3t64 libgphoto2-6t64 libgphoto2-port12t64 libwine
  libz-mingw-w64 wine wine64
0 upgraded, 8 newly installed, 0 to remove and 1 not upgraded.
1 not fully installed or removed.
Need to get 113 MB of archives.
After this operation, 767 MB of additional disk space will be used.
Get:1 http://localhost/aptly-repo/master_trixie-main trixie/main amd64 fonts-wine all 10.0~repack-6 [195 kB]
Get:2 http://localhost/aptly-repo/master_trixie-main trixie/main amd64 libcapi20-3t64 amd64 1:3.27-3.2+b1 [28.7 kB]
Get:3 http://localhost/aptly-repo/master_trixie-main trixie/main amd64 libgphoto2-port12t64 amd64 2.5.31-4 [137 kB]
Get:4 http://localhost/aptly-repo/master_trixie-main trixie/main amd64 libgphoto2-6t64 amd64 2.5.31-4 [760 kB]
Get:5 http://localhost/aptly-repo/master_trixie-main trixie/main amd64 libz-mingw-w64 all 1.3.1+dfsg-2 [159 kB]
Get:6 http://localhost/aptly-repo/master_trixie-main trixie/main amd64 libwine amd64 10.0~repack-6 [111 MB]
Get:7 http://localhost/aptly-repo/master_trixie-main trixie/main amd64 wine64 amd64 10.0~repack-6 [273 kB]
Get:8 http://localhost/aptly-repo/master_trixie-main trixie/main amd64 wine all 10.0~repack-6 [71.2 kB]
dpkg-preconfigure: unable to re-open stdin: No such file or directory
Fetched 113 MB in 1s (190 MB/s)
E: Can not write log (Is /dev/pts mounted?) - posix_openpt (2: No such file or directory)
Selecting previously unselected package fonts-wine.
(Reading database ... 179579 files and directories currently installed.)
Preparing to unpack .../0-fonts-wine_10.0~repack-6_all.deb ...
Unpacking fonts-wine (10.0~repack-6) ...
Selecting previously unselected package libcapi20-3t64:amd64.
Preparing to unpack .../1-libcapi20-3t64_1%3a3.27-3.2+b1_amd64.deb ...
Unpacking libcapi20-3t64:amd64 (1:3.27-3.2+b1) ...
Selecting previously unselected package libgphoto2-port12t64:amd64.
Preparing to unpack .../2-libgphoto2-port12t64_2.5.31-4_amd64.deb ...
Unpacking libgphoto2-port12t64:amd64 (2.5.31-4) ...
Selecting previously unselected package libgphoto2-6t64:amd64.
Preparing to unpack .../3-libgphoto2-6t64_2.5.31-4_amd64.deb ...
Unpacking libgphoto2-6t64:amd64 (2.5.31-4) ...
Selecting previously unselected package libz-mingw-w64.
Preparing to unpack .../4-libz-mingw-w64_1.3.1+dfsg-2_all.deb ...
Unpacking libz-mingw-w64 (1.3.1+dfsg-2) ...
Selecting previously unselected package libwine:amd64.
Preparing to unpack .../5-libwine_10.0~repack-6_amd64.deb ...
Unpacking libwine:amd64 (10.0~repack-6) ...
Selecting previously unselected package wine64.
Preparing to unpack .../6-wine64_10.0~repack-6_amd64.deb ...
Unpacking wine64 (10.0~repack-6) ...
Selecting previously unselected package wine.
Preparing to unpack .../7-wine_10.0~repack-6_all.deb ...
Unpacking wine (10.0~repack-6) ...
Setting up libz-mingw-w64 (1.3.1+dfsg-2) ...
Setting up fonts-wine (10.0~repack-6) ...
Setting up google-cloud-cli (549.0.1-0) ...
Fatal Python error: _Py_HashRandomization_Init: failed to get random numbers to initialize Python
Python runtime state: preinitialized

dpkg: error processing package google-cloud-cli (--configure):
 installed google-cloud-cli package post-installation script subprocess returned error exit status 1
Setting up libcapi20-3t64:amd64 (1:3.27-3.2+b1) ...
Setting up libgphoto2-port12t64:amd64 (2.5.31-4) ...
Setting up libgphoto2-6t64:amd64 (2.5.31-4) ...
Setting up libwine:amd64 (10.0~repack-6) ...
Setting up wine64 (10.0~repack-6) ...
Setting up wine (10.0~repack-6) ...
Processing triggers for libc-bin (2.41-12) ...
Processing triggers for udev (257.9-1~deb13u1) ...
Processing triggers for hicolor-icon-theme (0.18-2) ...
Processing triggers for wine (10.0~repack-6) ...
Errors were encountered while processing:
 google-cloud-cli
E: Sub-process /usr/bin/dpkg returned an error code (1)
CLDS: * Disk size = 11164704K. Space Used = 861080K. Runtime = 00:00:00:06.
