CLDS:>>>>>>>>> Running inst-min-con-xtra-py-python3-pip-01-yfinance.sh ...
Collecting yfinance
  Downloading yfinance-1.0-py2.py3-none-any.whl.metadata (6.0 kB)
Collecting pandas>=1.3.0 (from yfinance)
  Downloading pandas-2.3.3-cp313-cp313-manylinux_2_24_x86_64.manylinux_2_28_x86_64.whl.metadata (91 kB)
Collecting numpy>=1.16.5 (from yfinance)
  Downloading numpy-2.4.1-cp313-cp313-manylinux_2_27_x86_64.manylinux_2_28_x86_64.whl.metadata (6.6 kB)
Collecting requests>=2.31 (from yfinance)
  Downloading requests-2.32.5-py3-none-any.whl.metadata (4.9 kB)
Collecting multitasking>=0.0.7 (from yfinance)
  Downloading multitasking-0.0.12.tar.gz (19 kB)
  Installing build dependencies: started
  Installing build dependencies: finished with status 'done'
  Getting requirements to build wheel: started
  Getting requirements to build wheel: finished with status 'done'
  Preparing metadata (pyproject.toml): started
  Preparing metadata (pyproject.toml): finished with status 'done'
Requirement already satisfied: platformdirs>=2.0.0 in /usr/local/lib/python3.13/dist-packages (from yfinance) (4.5.1)
Collecting pytz>=2022.5 (from yfinance)
  Downloading pytz-2025.2-py2.py3-none-any.whl.metadata (22 kB)
Collecting frozendict>=2.3.4 (from yfinance)
  Downloading frozendict-2.4.7-py3-none-any.whl.metadata (23 kB)
Collecting peewee>=3.16.2 (from yfinance)
  Downloading peewee-3.19.0-py3-none-any.whl.metadata (7.0 kB)
Collecting beautifulsoup4>=4.11.1 (from yfinance)
  Downloading beautifulsoup4-4.14.3-py3-none-any.whl.metadata (3.8 kB)
Collecting curl_cffi<0.14,>=0.7 (from yfinance)
  Downloading curl_cffi-0.13.0-cp39-abi3-manylinux_2_17_x86_64.manylinux2014_x86_64.whl.metadata (13 kB)
Collecting protobuf>=3.19.0 (from yfinance)
  Downloading protobuf-6.33.4-cp39-abi3-manylinux2014_x86_64.whl.metadata (593 bytes)
Collecting websockets>=13.0 (from yfinance)
  Downloading websockets-16.0-cp313-cp313-manylinux1_x86_64.manylinux_2_28_x86_64.manylinux_2_5_x86_64.whl.metadata (6.8 kB)
Collecting cffi>=1.12.0 (from curl_cffi<0.14,>=0.7->yfinance)
  Downloading cffi-2.0.0-cp313-cp313-manylinux2014_x86_64.manylinux_2_17_x86_64.whl.metadata (2.6 kB)
Requirement already satisfied: certifi>=2024.2.2 in /usr/local/lib/python3.13/dist-packages (from curl_cffi<0.14,>=0.7->yfinance) (2026.1.4)
Collecting soupsieve>=1.6.1 (from beautifulsoup4>=4.11.1->yfinance)
  Downloading soupsieve-2.8.1-py3-none-any.whl.metadata (4.6 kB)
Collecting typing-extensions>=4.0.0 (from beautifulsoup4>=4.11.1->yfinance)
  Downloading typing_extensions-4.15.0-py3-none-any.whl.metadata (3.3 kB)
Collecting pycparser (from cffi>=1.12.0->curl_cffi<0.14,>=0.7->yfinance)
  Downloading pycparser-2.23-py3-none-any.whl.metadata (993 bytes)
Collecting python-dateutil>=2.8.2 (from pandas>=1.3.0->yfinance)
  Downloading python_dateutil-2.9.0.post0-py2.py3-none-any.whl.metadata (8.4 kB)
Collecting tzdata>=2022.7 (from pandas>=1.3.0->yfinance)
  Downloading tzdata-2025.3-py2.py3-none-any.whl.metadata (1.4 kB)
Collecting six>=1.5 (from python-dateutil>=2.8.2->pandas>=1.3.0->yfinance)
  Downloading six-1.17.0-py2.py3-none-any.whl.metadata (1.7 kB)
Collecting charset_normalizer<4,>=2 (from requests>=2.31->yfinance)
  Downloading charset_normalizer-3.4.4-cp313-cp313-manylinux2014_x86_64.manylinux_2_17_x86_64.manylinux_2_28_x86_64.whl.metadata (37 kB)
Requirement already satisfied: idna<4,>=2.5 in /usr/local/lib/python3.13/dist-packages (from requests>=2.31->yfinance) (3.11)
Collecting urllib3<3,>=1.21.1 (from requests>=2.31->yfinance)
  Downloading urllib3-2.6.3-py3-none-any.whl.metadata (6.9 kB)
Downloading yfinance-1.0-py2.py3-none-any.whl (127 kB)
Downloading curl_cffi-0.13.0-cp39-abi3-manylinux_2_17_x86_64.manylinux2014_x86_64.whl (8.3 MB)
   ━━━━━━━━━━━━━━━━━━━━━━━━━━━━━━━━━━━━━━━━ 8.3/8.3 MB 1.1 MB/s eta 0:00:00
Downloading beautifulsoup4-4.14.3-py3-none-any.whl (107 kB)
Downloading cffi-2.0.0-cp313-cp313-manylinux2014_x86_64.manylinux_2_17_x86_64.whl (219 kB)
Downloading frozendict-2.4.7-py3-none-any.whl (16 kB)
Downloading numpy-2.4.1-cp313-cp313-manylinux_2_27_x86_64.manylinux_2_28_x86_64.whl (16.4 MB)
   ━━━━━━━━━━━━━━━━━━━━━━━━━━━━━━━━━━━━━━━━ 16.4/16.4 MB 1.8 MB/s eta 0:00:00
Downloading pandas-2.3.3-cp313-cp313-manylinux_2_24_x86_64.manylinux_2_28_x86_64.whl (12.3 MB)
   ━━━━━━━━━━━━━━━━━━━━━━━━━━━━━━━━━━━━━━━━ 12.3/12.3 MB 1.6 MB/s eta 0:00:00
Downloading peewee-3.19.0-py3-none-any.whl (411 kB)
Downloading protobuf-6.33.4-cp39-abi3-manylinux2014_x86_64.whl (323 kB)
Downloading python_dateutil-2.9.0.post0-py2.py3-none-any.whl (229 kB)
Downloading pytz-2025.2-py2.py3-none-any.whl (509 kB)
Downloading requests-2.32.5-py3-none-any.whl (64 kB)
Downloading charset_normalizer-3.4.4-cp313-cp313-manylinux2014_x86_64.manylinux_2_17_x86_64.manylinux_2_28_x86_64.whl (153 kB)
Downloading urllib3-2.6.3-py3-none-any.whl (131 kB)
Downloading six-1.17.0-py2.py3-none-any.whl (11 kB)
Downloading soupsieve-2.8.1-py3-none-any.whl (36 kB)
Downloading typing_extensions-4.15.0-py3-none-any.whl (44 kB)
Downloading tzdata-2025.3-py2.py3-none-any.whl (348 kB)
Downloading websockets-16.0-cp313-cp313-manylinux1_x86_64.manylinux_2_28_x86_64.manylinux_2_5_x86_64.whl (184 kB)
Downloading pycparser-2.23-py3-none-any.whl (118 kB)
Building wheels for collected packages: multitasking
  Building wheel for multitasking (pyproject.toml): started
  Building wheel for multitasking (pyproject.toml): finished with status 'done'
  Created wheel for multitasking: filename=multitasking-0.0.12-py3-none-any.whl size=15636 sha256=3e3f97d9f8f43f0e7fdb4b2d2de1583a23e6bbb893748d2c9f6aff29f46a3550
  Stored in directory: /root/.cache/pip/wheels/1e/df/0f/e2bbb22d689b30c681feb5410ab64a2523437b34c8ecfc6476
Successfully built multitasking
Installing collected packages: pytz, peewee, multitasking, websockets, urllib3, tzdata, typing-extensions, soupsieve, six, pycparser, protobuf, numpy, frozendict, charset_normalizer, requests, python-dateutil, cffi, beautifulsoup4, pandas, curl_cffi, yfinance

Successfully installed beautifulsoup4-4.14.3 cffi-2.0.0 charset_normalizer-3.4.4 curl_cffi-0.13.0 frozendict-2.4.7 multitasking-0.0.12 numpy-2.4.1 pandas-2.3.3 peewee-3.19.0 protobuf-6.33.4 pycparser-2.23 python-dateutil-2.9.0.post0 pytz-2025.2 requests-2.32.5 six-1.17.0 soupsieve-2.8.1 typing-extensions-4.15.0 tzdata-2025.3 urllib3-2.6.3 websockets-16.0 yfinance-1.0
WARNING: Running pip as the 'root' user can result in broken permissions and conflicting behaviour with the system package manager, possibly rendering your system unusable. It is recommended to use a virtual environment instead: https://pip.pypa.io/warnings/venv. Use the --root-user-action option if you know what you are doing and want to suppress this warning.
CLDS: * Install yfinance.
CLDS: * Disk size = 5018056K. Space Used = 235976K. Runtime = 00:00:00:41.
