CLDS:>>>>>>>>> Running inst-xtra-zfs-dkms-fix-pahole.sh ...
Reading package lists...
Building dependency tree...
Reading state information...
<<<<<<< HEAD
pahole is already the newest version (1.30-1).
pahole set to manually installed.
0 upgraded, 0 newly installed, 0 to remove and 1 not upgraded.
CLDS: * Install pahole.
CLDS: * 2025-06-16: Fix linux-kbuild-6.12.27+bpo : Depends: pahole but it is not installable
CLDS: * Disk size = 7605504K. Space Used = 4K. Runtime = 00:00:00:01.
=======
You might want to run 'apt --fix-broken install' to correct these.
The following packages have unmet dependencies:
 microsoft-edge-stable : Depends: libatk-bridge2.0-0 (>= 2.5.3)
                         Depends: libatk1.0-0 (>= 2.2.0)
                         Depends: libgtk-3-0 (>= 3.9.10) or
                                  libgtk-4-1 but it is not going to be installed
                         Depends: xdg-utils (>= 1.0.2) but it is not going to be installed
 pahole : Depends: libdw1t64 (>= 0.157) but it is not going to be installed
E: Unmet dependencies. Try 'apt --fix-broken install' with no packages (or specify a solution).
E: The following information from --solver 3.0 may provide additional context:
   Unmet dependencies. Try 'apt --fix-broken install' with no packages (or specify a solution).
CLDS: * Disk size = 6090060K. Space Used = 4K. Runtime = 00:00:00:01.
>>>>>>> 0f8f094e8a46c25d987ffe56202c00b57bfa0e07
