CLDS:>>>>>>>>> Running inst-std-graphic-xtra-cheese.sh ...
Reading package lists...
Building dependency tree...
Reading state information...
The following additional packages will be installed:
  bubblewrap cheese-common glib-networking glib-networking-common
  glib-networking-services gnome-desktop3-data gnome-video-effects
  gstreamer1.0-clutter-3.0 gstreamer1.0-plugins-bad gstreamer1.0-plugins-base
  gstreamer1.0-plugins-good gstreamer1.0-x iso-codes libass9 libasyncns0
  libavc1394-0 libavtp0 libbs2b0 libcaca0 libcanberra-gtk3-0 libcanberra0
  libcdparanoia0 libcheese-gtk25 libcheese8 libchromaprint1 libclutter-1.0-0
  libclutter-gst-3.0-0 libclutter-gtk-1.0-0 libcogl-pango20 libcogl-path20
  libcogl20 libcpuinfo0 libdc1394-25 libdca0 libdecor-0-0 libdnnl3.6
  libduktape207 libdv4t64 libdvdnav4 libdvdread8t64 libebur128-1 libfaad2
  libflac14 libflite1 libfluidsynth3 libfreeaptx0 libgme0
  libgnome-desktop-3-20t64 libgsm1 libgssdp-1.6-0 libgstreamer-gl1.0-0
  libgstreamer-plugins-bad1.0-0 libgstreamer-plugins-base1.0-0
  libgstreamer1.0-0 libgupnp-1.6-0 libgupnp-igd-1.6-0 libiec61883-0
  libinstpatch-1.0-2 libjack-jackd2-0 liblc3-1 libldacbt-enc2 liblilv-0-0
  liblrdf0 libltc11 libmjpegutils-2.1-0t64 libmodplug1 libmp3lame0 libmpcdec6
  libmpeg2encpp-2.1-0t64 libmpg123-0t64 libmplex2-2.1-0t64 libmysofa1
  libneon27t64 libnice10 libogg0 libonnx1t64 libonnxruntime1.21 libopenal-data
  libopenal1 libopencore-amrnb0 libopencore-amrwb0 libopenh264-8
  libopenmpt0t64 libopenni2-0 liborc-0.4-0t64 libpipewire-0.3-0t64
  libprotobuf32t64 libproxy1v5 libpthreadpool0 libpulse0 libqrencode4
  libraptor2-0 libraw1394-11 libre2-11 libsbc1 libsdl2-2.0-0 libserd-0-0
  libshout3 libsndfile1 libsord-0-0 libsoundtouch1 libsoup-3.0-0
  libsoup-3.0-common libspa-0.2-modules libspandsp2t64 libspeex1 libsratom-0-0
  libsrt1.5-gnutls libsrtp2-1 libtag2 libtheora0 libtheoradec1 libtheoraenc1
  libtwolame0 libunibreak6 libv4l-0t64 libv4lconvert0t64 libva-drm2 libva2
  libvisual-0.4-0 libvo-aacenc0 libvo-amrwbenc0 libvorbis0a libvorbisenc2
  libvorbisfile3 libvpx9 libwavpack1 libwebrtc-audio-processing-1-3
  libwildmidi2 libx265-215 libxcb-xkb1 libxkbcommon-x11-0 libxkbregistry0
  libxnnpack0.20241108 libxss1 libxv1 libyajl2 libzbar0t64 libzix-0-0
  libzvbi-common libzvbi0t64 libzxing3 sound-theme-freedesktop
  timgm6mb-soundfont
Suggested packages:
  gnome-video-effects-frei0r frei0r-plugins gvfs isoquery libcanberra-pulse
  libchromaprint-tools python-acoustid libgles2 libdv-bin oss-compat
  libdvdcss2 libvisual-0.4-plugins gstreamer1.0-tools jackd2 liblrdf0-dev
  libportaudio2 libsndio7.0 pipewire pulseaudio raptor2-utils libraw1394-doc
  serdi sordi speex libwildmidi-config fluid-soundfont-gm
Recommended packages:
  gvfs yelp libcanberra-gtk3-module libclutter-1.0-common libcogl-common
  default-libdecor-0-plugin-1 | libdecor-0-plugin-1 gstreamer1.0-gl
  libpipewire-0.3-common va-driver-all | va-driver
  libmagickcore-7.q16-10-extra
The following NEW packages will be installed:
  bubblewrap cheese cheese-common glib-networking glib-networking-common
  glib-networking-services gnome-desktop3-data gnome-video-effects
  gstreamer1.0-clutter-3.0 gstreamer1.0-plugins-bad gstreamer1.0-plugins-base
  gstreamer1.0-plugins-good gstreamer1.0-x iso-codes libass9 libasyncns0
  libavc1394-0 libavtp0 libbs2b0 libcaca0 libcanberra-gtk3-0 libcanberra0
  libcdparanoia0 libcheese-gtk25 libcheese8 libchromaprint1 libclutter-1.0-0
  libclutter-gst-3.0-0 libclutter-gtk-1.0-0 libcogl-pango20 libcogl-path20
  libcogl20 libcpuinfo0 libdc1394-25 libdca0 libdecor-0-0 libdnnl3.6
  libduktape207 libdv4t64 libdvdnav4 libdvdread8t64 libebur128-1 libfaad2
  libflac14 libflite1 libfluidsynth3 libfreeaptx0 libgme0
  libgnome-desktop-3-20t64 libgsm1 libgssdp-1.6-0 libgstreamer-gl1.0-0
  libgstreamer-plugins-bad1.0-0 libgstreamer-plugins-base1.0-0
  libgstreamer1.0-0 libgupnp-1.6-0 libgupnp-igd-1.6-0 libiec61883-0
  libinstpatch-1.0-2 libjack-jackd2-0 liblc3-1 libldacbt-enc2 liblilv-0-0
  liblrdf0 libltc11 libmjpegutils-2.1-0t64 libmodplug1 libmp3lame0 libmpcdec6
  libmpeg2encpp-2.1-0t64 libmpg123-0t64 libmplex2-2.1-0t64 libmysofa1
  libneon27t64 libnice10 libogg0 libonnx1t64 libonnxruntime1.21 libopenal-data
  libopenal1 libopencore-amrnb0 libopencore-amrwb0 libopenh264-8
  libopenmpt0t64 libopenni2-0 liborc-0.4-0t64 libpipewire-0.3-0t64
  libprotobuf32t64 libproxy1v5 libpthreadpool0 libpulse0 libqrencode4
  libraptor2-0 libraw1394-11 libre2-11 libsbc1 libsdl2-2.0-0 libserd-0-0
  libshout3 libsndfile1 libsord-0-0 libsoundtouch1 libsoup-3.0-0
  libsoup-3.0-common libspa-0.2-modules libspandsp2t64 libspeex1 libsratom-0-0
  libsrt1.5-gnutls libsrtp2-1 libtag2 libtheora0 libtheoradec1 libtheoraenc1
  libtwolame0 libunibreak6 libv4l-0t64 libv4lconvert0t64 libva-drm2 libva2
  libvisual-0.4-0 libvo-aacenc0 libvo-amrwbenc0 libvorbis0a libvorbisenc2
  libvorbisfile3 libvpx9 libwavpack1 libwebrtc-audio-processing-1-3
  libwildmidi2 libx265-215 libxcb-xkb1 libxkbcommon-x11-0 libxkbregistry0
  libxnnpack0.20241108 libxss1 libxv1 libyajl2 libzbar0t64 libzix-0-0
  libzvbi-common libzvbi0t64 libzxing3 sound-theme-freedesktop
  timgm6mb-soundfont
0 upgraded, 145 newly installed, 0 to remove and 0 not upgraded.
1 not fully installed or removed.
Need to get 67.2 MB of archives.
After this operation, 244 MB of additional disk space will be used.
Get:1 http://localhost/aptly-repo/master_trixie-main trixie/main amd64 bubblewrap amd64 0.11.0-2 [52.0 kB]
Get:2 http://localhost/aptly-repo/master_trixie-main trixie/main amd64 cheese-common all 44.1-5 [725 kB]
Get:3 http://localhost/aptly-repo/master_trixie-main trixie/main amd64 libraw1394-11 amd64 2.1.2-2+b2 [38.8 kB]
Get:4 http://localhost/aptly-repo/master_trixie-main trixie/main amd64 libavc1394-0 amd64 0.5.4-5+b2 [18.2 kB]
Get:5 http://localhost/aptly-repo/master_trixie-main trixie/main amd64 libcaca0 amd64 0.99.beta20-5 [202 kB]
Get:6 http://localhost/aptly-repo/master_trixie-main trixie/main amd64 libdv4t64 amd64 1.0.0-17.1+b1 [71.7 kB]
Get:7 http://localhost/aptly-repo/master_trixie-main trixie/main amd64 libogg0 amd64 1.3.5-3+b2 [23.8 kB]
Get:8 http://localhost/aptly-repo/master_trixie-main trixie/main amd64 libflac14 amd64 1.5.0+ds-2 [210 kB]
Get:9 http://localhost/aptly-repo/master_trixie-main trixie/main amd64 libgstreamer1.0-0 amd64 1.26.2-2 [1,421 kB]
Get:10 http://localhost/aptly-repo/master_trixie-main trixie/main amd64 liborc-0.4-0t64 amd64 1:0.4.41-1 [190 kB]
Get:11 http://localhost/aptly-repo/master_trixie-main trixie/main amd64 iso-codes all 4.18.0-1 [3,125 kB]
Get:12 http://localhost/aptly-repo/master_trixie-main trixie/main amd64 libgstreamer-plugins-base1.0-0 amd64 1.26.2-1 [997 kB]
Get:13 http://localhost/aptly-repo/master_trixie-main trixie/main amd64 libiec61883-0 amd64 1.2.0-7 [30.6 kB]
Get:14 http://localhost/aptly-repo/master_deb-multimedia-main trixie/main amd64 libmp3lame0 amd64 1:3.100-dmo3 [361 kB]
Get:15 http://localhost/aptly-repo/master_trixie-main trixie/main amd64 libmpg123-0t64 amd64 1.32.10-1 [149 kB]
Get:16 http://localhost/aptly-repo/master_trixie-main trixie/main amd64 libopencore-amrnb0 amd64 0.1.6-1+b2 [97.5 kB]
Get:17 http://localhost/aptly-repo/master_trixie-main trixie/main amd64 libopencore-amrwb0 amd64 0.1.6-1+b2 [53.6 kB]
Get:18 http://localhost/aptly-repo/master_trixie-main trixie/main amd64 libasyncns0 amd64 0.8-6+b5 [12.0 kB]
Get:19 http://localhost/aptly-repo/master_trixie-main trixie/main amd64 libvorbis0a amd64 1.3.7-3 [90.0 kB]
Get:20 http://localhost/aptly-repo/master_trixie-main trixie/main amd64 libvorbisenc2 amd64 1.3.7-3 [75.4 kB]
Get:21 http://localhost/aptly-repo/master_trixie-main trixie/main amd64 libsndfile1 amd64 1.2.2-2+b1 [199 kB]
Get:22 http://localhost/aptly-repo/master_trixie-main trixie/main amd64 libpulse0 amd64 17.0+dfsg1-2+b1 [276 kB]
Get:23 http://localhost/aptly-repo/master_trixie-main trixie/main amd64 libspeex1 amd64 1.2.1-3 [56.8 kB]
Get:24 http://localhost/aptly-repo/master_trixie-main trixie/main amd64 libtheoradec1 amd64 1.2.0~alpha1+dfsg-6 [58.4 kB]
Get:25 http://localhost/aptly-repo/master_trixie-main trixie/main amd64 libtheoraenc1 amd64 1.2.0~alpha1+dfsg-6 [108 kB]
Get:26 http://localhost/aptly-repo/master_trixie-main trixie/main amd64 libtheora0 amd64 1.2.0~alpha1+dfsg-6 [135 kB]
Get:27 http://localhost/aptly-repo/master_trixie-main trixie/main amd64 libshout3 amd64 2.4.6-1+b3 [49.9 kB]
Get:28 http://localhost/aptly-repo/master_trixie-main trixie/main amd64 libtag2 amd64 2.0.2-2 [344 kB]
Get:29 http://localhost/aptly-repo/master_deb-multimedia-main trixie/main amd64 libtwolame0 amd64 1:0.4.0-dmo2+b1 [51.5 kB]
Get:30 http://localhost/aptly-repo/master_trixie-main trixie/main amd64 libv4lconvert0t64 amd64 1.30.1-1 [152 kB]
Get:31 http://localhost/aptly-repo/master_trixie-main trixie/main amd64 libv4l-0t64 amd64 1.30.1-1 [116 kB]
Get:32 http://localhost/aptly-repo/master_trixie-main trixie/main amd64 libvpx9 amd64 1.15.0-2.1 [1,115 kB]
Get:33 http://localhost/aptly-repo/master_trixie-main trixie/main amd64 libwavpack1 amd64 5.8.1-1 [92.0 kB]
Get:34 http://localhost/aptly-repo/master_trixie-main trixie/main amd64 libcdparanoia0 amd64 3.10.2+debian-14+b1 [44.8 kB]
Get:35 http://localhost/aptly-repo/master_trixie-main trixie/main amd64 libvisual-0.4-0 amd64 0.4.2-2+b2 [142 kB]
Get:36 http://localhost/aptly-repo/master_trixie-main trixie/main amd64 gstreamer1.0-plugins-base amd64 1.26.2-1 [773 kB]
Get:37 http://localhost/aptly-repo/master_trixie-main trixie/main amd64 libduktape207 amd64 2.7.0-2+b2 [135 kB]
Get:38 http://localhost/aptly-repo/master_trixie-main trixie/main amd64 libproxy1v5 amd64 0.5.9-1 [26.4 kB]
Get:39 http://localhost/aptly-repo/master_trixie-main trixie/main amd64 glib-networking-common all 2.80.1-1 [86.0 kB]
Get:40 http://localhost/aptly-repo/master_trixie-main trixie/main amd64 glib-networking-services amd64 2.80.1-1 [12.3 kB]
Get:41 http://localhost/aptly-repo/master_trixie-main trixie/main amd64 glib-networking amd64 2.80.1-1 [69.0 kB]
Get:42 http://localhost/aptly-repo/master_trixie-main trixie/main amd64 libsoup-3.0-common all 3.6.5-3 [65.6 kB]
Get:43 http://localhost/aptly-repo/master_trixie-main trixie/main amd64 libsoup-3.0-0 amd64 3.6.5-3 [280 kB]
Get:44 http://localhost/aptly-repo/master_trixie-main trixie/main amd64 gstreamer1.0-plugins-good amd64 1.26.2-1 [2,343 kB]
Get:45 http://localhost/aptly-repo/master_trixie-main trixie/main amd64 libgstreamer-gl1.0-0 amd64 1.26.2-1 [270 kB]
Get:46 http://localhost/aptly-repo/master_trixie-main trixie/main amd64 libgssdp-1.6-0 amd64 1.6.4-1~deb13u1 [39.2 kB]
Get:47 http://localhost/aptly-repo/master_trixie-main trixie/main amd64 libgupnp-1.6-0 amd64 1.6.8-2 [89.6 kB]
Get:48 http://localhost/aptly-repo/master_trixie-main trixie/main amd64 libgupnp-igd-1.6-0 amd64 1.6.0-4+b1 [15.8 kB]
Get:49 http://localhost/aptly-repo/master_trixie-main trixie/main amd64 libnice10 amd64 0.1.22-1 [154 kB]
Get:50 http://localhost/aptly-repo/master_trixie-main trixie/main amd64 libva2 amd64 2.22.0-3 [79.4 kB]
Get:51 http://localhost/aptly-repo/master_trixie-main trixie/main amd64 libva-drm2 amd64 2.22.0-3 [18.3 kB]
Get:52 http://localhost/aptly-repo/master_trixie-main trixie/main amd64 libxcb-xkb1 amd64 1.17.0-2+b1 [130 kB]
Get:53 http://localhost/aptly-repo/master_trixie-main trixie/main amd64 libxkbcommon-x11-0 amd64 1.7.0-2 [16.2 kB]
Get:54 http://localhost/aptly-repo/master_trixie-main trixie/main amd64 libgstreamer-plugins-bad1.0-0 amd64 1.26.2-3 [1,043 kB]
Get:55 http://localhost/aptly-repo/master_trixie-main trixie/main amd64 libunibreak6 amd64 6.1-3 [21.9 kB]
Get:56 http://localhost/aptly-repo/master_deb-multimedia-main trixie/main amd64 libass9 amd64 2:0.17.4-dmo1 [114 kB]
Get:57 http://localhost/aptly-repo/master_trixie-main trixie/main amd64 libavtp0 amd64 0.2.0-2 [6,300 B]
Get:58 http://localhost/aptly-repo/master_trixie-main trixie/main amd64 libbs2b0 amd64 3.1.0+dfsg-8+b1 [12.5 kB]
Get:59 http://localhost/aptly-repo/master_deb-multimedia-main trixie/main amd64 libchromaprint1 amd64 1:1.5.1-dmo6+b1 [35.7 kB]
Get:60 http://localhost/aptly-repo/master_trixie-main trixie/main amd64 libdc1394-25 amd64 2.2.6-5 [111 kB]
Get:61 http://localhost/aptly-repo/master_trixie-main trixie/main amd64 libdca0 amd64 0.0.7-2+b2 [88.0 kB]
Get:62 http://localhost/aptly-repo/master_trixie-main trixie/main amd64 libdvdread8t64 amd64 6.1.3-2 [86.2 kB]
Get:63 http://localhost/aptly-repo/master_trixie-main trixie/main amd64 libdvdnav4 amd64 6.1.1-3+b1 [44.5 kB]
Get:64 http://localhost/aptly-repo/master_trixie-main trixie/main amd64 libfaad2 amd64 2.11.2-1 [168 kB]
Get:65 http://localhost/aptly-repo/master_trixie-main trixie/main amd64 libflite1 amd64 2.2-7 [12.8 MB]
Get:66 http://localhost/aptly-repo/master_trixie-main trixie/main amd64 libinstpatch-1.0-2 amd64 1.1.6-1+b2 [250 kB]
Get:67 http://localhost/aptly-repo/master_trixie-main trixie/main amd64 libjack-jackd2-0 amd64 1.9.22~dfsg-4 [287 kB]
Get:68 http://localhost/aptly-repo/master_trixie-main trixie/main amd64 libebur128-1 amd64 1.2.6-1+b2 [15.0 kB]
Get:69 http://localhost/aptly-repo/master_trixie-main trixie/main amd64 libserd-0-0 amd64 0.32.4-1 [47.0 kB]
Get:70 http://localhost/aptly-repo/master_trixie-main trixie/main amd64 libzix-0-0 amd64 0.6.2-1 [23.1 kB]
Get:71 http://localhost/aptly-repo/master_trixie-main trixie/main amd64 libsord-0-0 amd64 0.16.18-1 [18.0 kB]
Get:72 http://localhost/aptly-repo/master_trixie-main trixie/main amd64 libsratom-0-0 amd64 0.6.18-1 [17.7 kB]
Get:73 http://localhost/aptly-repo/master_trixie-main trixie/main amd64 liblilv-0-0 amd64 0.24.26-1 [43.5 kB]
Get:74 http://localhost/aptly-repo/master_trixie-main trixie/main amd64 libmysofa1 amd64 1.3.3+dfsg-1 [1,158 kB]
Get:75 http://localhost/aptly-repo/master_trixie-main trixie/main amd64 libwebrtc-audio-processing-1-3 amd64 1.3-3+b1 [385 kB]
Get:76 http://localhost/aptly-repo/master_trixie-main trixie/main amd64 libspa-0.2-modules amd64 1.4.2-1 [1,032 kB]
Get:77 http://localhost/aptly-repo/master_trixie-main trixie/main amd64 libpipewire-0.3-0t64 amd64 1.4.2-1 [290 kB]
Get:78 http://localhost/aptly-repo/master_trixie-main trixie/main amd64 libdecor-0-0 amd64 0.2.2-2 [15.5 kB]
Get:79 http://localhost/aptly-repo/master_trixie-main trixie/main amd64 libxss1 amd64 1:1.2.3-1+b3 [17.0 kB]
Get:80 http://localhost/aptly-repo/master_trixie-main trixie/main amd64 libsdl2-2.0-0 amd64 2.32.4+dfsg-1 [669 kB]
Get:81 http://localhost/aptly-repo/master_trixie-main trixie/main amd64 timgm6mb-soundfont all 1.3-5 [5,427 kB]
Get:82 http://localhost/aptly-repo/master_trixie-main trixie/main amd64 libfluidsynth3 amd64 2.4.4+dfsg-1+deb13u1 [236 kB]
Get:83 http://localhost/aptly-repo/master_trixie-main trixie/main amd64 libfreeaptx0 amd64 0.2.2-1 [12.3 kB]
Get:84 http://localhost/aptly-repo/master_trixie-main trixie/main amd64 libgme0 amd64 0.6.3-7+b2 [131 kB]
Get:85 http://localhost/aptly-repo/master_trixie-main trixie/main amd64 libgsm1 amd64 1.0.22-1+b2 [29.3 kB]
Get:86 http://localhost/aptly-repo/master_trixie-main trixie/main amd64 liblc3-1 amd64 1.1.3+dfsg-1 [82.7 kB]
Get:87 http://localhost/aptly-repo/master_trixie-main trixie/main amd64 libldacbt-enc2 amd64 2.0.2.3+git20200429+ed310a0-5 [25.2 kB]
Get:88 http://localhost/aptly-repo/master_trixie-main trixie/main amd64 libyajl2 amd64 2.1.0-5+b2 [23.3 kB]
Get:89 http://localhost/aptly-repo/master_trixie-main trixie/main amd64 libraptor2-0 amd64 2.0.16-6 [177 kB]
Get:90 http://localhost/aptly-repo/master_trixie-main trixie/main amd64 liblrdf0 amd64 0.6.1-4+b2 [22.7 kB]
Get:91 http://localhost/aptly-repo/master_trixie-main trixie/main amd64 libltc11 amd64 1.3.2-1+b2 [14.7 kB]
Get:92 http://localhost/aptly-repo/master_trixie-main trixie/main amd64 libmjpegutils-2.1-0t64 amd64 1:2.1.0+debian-8.1+b1 [27.2 kB]
Get:93 http://localhost/aptly-repo/master_trixie-main trixie/main amd64 libmodplug1 amd64 1:0.8.9.0-3+b2 [162 kB]
Get:94 http://localhost/aptly-repo/master_trixie-main trixie/main amd64 libmpcdec6 amd64 2:0.1~r495-3 [32.7 kB]
Get:95 http://localhost/aptly-repo/master_trixie-main trixie/main amd64 libmpeg2encpp-2.1-0t64 amd64 1:2.1.0+debian-8.1+b1 [80.3 kB]
Get:96 http://localhost/aptly-repo/master_trixie-main trixie/main amd64 libmplex2-2.1-0t64 amd64 1:2.1.0+debian-8.1+b1 [50.1 kB]
Get:97 http://localhost/aptly-repo/master_trixie-main trixie/main amd64 libneon27t64 amd64 0.34.2-1 [101 kB]
Get:98 http://localhost/aptly-repo/master_trixie-main trixie/main amd64 libcpuinfo0 amd64 0.0~git20250327.39ea79a-1 [23.0 kB]
Get:99 http://localhost/aptly-repo/master_trixie-main trixie/main amd64 libdnnl3.6 amd64 3.7.2+ds-2 [7,411 kB]
Get:100 http://localhost/aptly-repo/master_trixie-main trixie/main amd64 libprotobuf32t64 amd64 3.21.12-11 [983 kB]
Get:101 http://localhost/aptly-repo/master_trixie-main trixie/main amd64 libonnx1t64 amd64 1.17.0-3+b1 [1,256 kB]
Get:102 http://localhost/aptly-repo/master_trixie-main trixie/main amd64 libpthreadpool0 amd64 0.0~git20240616.560c60d-1 [36.2 kB]
Get:103 http://localhost/aptly-repo/master_trixie-main trixie/main amd64 libre2-11 amd64 20240702-3+b1 [169 kB]
Get:104 http://localhost/aptly-repo/master_trixie-main trixie/main amd64 libxnnpack0.20241108 amd64 0.0~git20241108.4ea82e5-2 [653 kB]
Get:105 http://localhost/aptly-repo/master_trixie-main trixie/main amd64 libonnxruntime1.21 amd64 1.21.0+dfsg-1 [4,264 kB]
Get:106 http://localhost/aptly-repo/master_trixie-main trixie/main amd64 libopenal-data all 1:1.24.2-1 [168 kB]
Get:107 http://localhost/aptly-repo/master_trixie-main trixie/main amd64 libopenal1 amd64 1:1.24.2-1 [637 kB]
Get:108 http://localhost/aptly-repo/master_deb-multimedia-main trixie/main amd64 libopenh264-8 amd64 1:2.6.0-dmo1 [391 kB]
Get:109 http://localhost/aptly-repo/master_trixie-main trixie/main amd64 libvorbisfile3 amd64 1.3.7-3 [20.9 kB]
Get:110 http://localhost/aptly-repo/master_trixie-main trixie/main amd64 libopenmpt0t64 amd64 0.7.13-1+b1 [855 kB]
Get:111 http://localhost/aptly-repo/master_trixie-main trixie/main amd64 libopenni2-0 amd64 2.2.0.33+dfsg-18+b2 [395 kB]
Get:112 http://localhost/aptly-repo/master_trixie-main trixie/main amd64 libqrencode4 amd64 4.1.1-2 [39.8 kB]
Get:113 http://localhost/aptly-repo/master_trixie-main trixie/main amd64 libsbc1 amd64 2.1-1 [32.0 kB]
Get:114 http://localhost/aptly-repo/master_trixie-main trixie/main amd64 libsoundtouch1 amd64 2.4.0+ds-1 [54.0 kB]
Get:115 http://localhost/aptly-repo/master_trixie-main trixie/main amd64 libspandsp2t64 amd64 0.0.6+dfsg-2.2 [282 kB]
Get:116 http://localhost/aptly-repo/master_trixie-main trixie/main amd64 libsrt1.5-gnutls amd64 1.5.4-1 [345 kB]
Get:117 http://localhost/aptly-repo/master_trixie-main trixie/main amd64 libsrtp2-1 amd64 2.7.0-3 [46.1 kB]
Get:118 http://localhost/aptly-repo/master_trixie-main trixie/main amd64 libvo-aacenc0 amd64 0.1.3-3 [65.8 kB]
Get:119 http://localhost/aptly-repo/master_trixie-main trixie/main amd64 libvo-amrwbenc0 amd64 0.1.3-2+b2 [72.2 kB]
Get:120 http://localhost/aptly-repo/master_trixie-main trixie/main amd64 libwildmidi2 amd64 0.4.3-1+b3 [64.0 kB]
Get:121 http://localhost/aptly-repo/master_deb-multimedia-main trixie/main amd64 libx265-215 amd64 1:4.1-dmo1 [1,215 kB]
Get:122 http://localhost/aptly-repo/master_trixie-main trixie/main amd64 libzbar0t64 amd64 0.23.93-8 [134 kB]
Get:123 http://localhost/aptly-repo/master_trixie-main trixie/main amd64 libzvbi-common all 0.2.44-1 [71.4 kB]
Get:124 http://localhost/aptly-repo/master_trixie-main trixie/main amd64 libzvbi0t64 amd64 0.2.44-1 [278 kB]
Get:125 http://localhost/aptly-repo/master_trixie-main trixie/main amd64 libzxing3 amd64 2.3.0-4 [606 kB]
Get:126 http://localhost/aptly-repo/master_trixie-main trixie/main amd64 gstreamer1.0-plugins-bad amd64 1.26.2-3 [3,339 kB]
Get:127 http://localhost/aptly-repo/master_trixie-main trixie/main amd64 gnome-video-effects all 0.6.0-3 [52.6 kB]
Get:128 http://localhost/aptly-repo/master_trixie-main trixie/main amd64 sound-theme-freedesktop all 0.8-6~deb13u1 [383 kB]
Get:129 http://localhost/aptly-repo/master_trixie-main trixie/main amd64 libcanberra0 amd64 0.30-18 [38.0 kB]
Get:130 http://localhost/aptly-repo/master_trixie-main trixie/main amd64 libcanberra-gtk3-0 amd64 0.30-18 [9,908 B]
Get:131 http://localhost/aptly-repo/master_trixie-main trixie/main amd64 libcogl20 amd64 1.22.8-5 [303 kB]
Get:132 http://localhost/aptly-repo/master_trixie-main trixie/main amd64 libcogl-pango20 amd64 1.22.8-5 [19.2 kB]
Get:133 http://localhost/aptly-repo/master_trixie-main trixie/main amd64 libcogl-path20 amd64 1.22.8-5 [35.8 kB]
Get:134 http://localhost/aptly-repo/master_trixie-main trixie/main amd64 libclutter-1.0-0 amd64 1.26.4+git2779b932+dfsg-7+b2 [547 kB]
Get:135 http://localhost/aptly-repo/master_trixie-main trixie/main amd64 libclutter-gst-3.0-0 amd64 3.0.27-4+b1 [58.0 kB]
Get:136 http://localhost/aptly-repo/master_trixie-main trixie/main amd64 gstreamer1.0-clutter-3.0 amd64 3.0.27-4+b1 [7,960 B]
Get:137 http://localhost/aptly-repo/master_trixie-main trixie/main amd64 libxv1 amd64 2:1.0.11-1.1+b3 [23.4 kB]
Get:138 http://localhost/aptly-repo/master_trixie-main trixie/main amd64 gstreamer1.0-x amd64 1.26.2-1 [142 kB]
Get:139 http://localhost/aptly-repo/master_trixie-main trixie/main amd64 libcheese8 amd64 44.1-5 [35.1 kB]
Get:140 http://localhost/aptly-repo/master_trixie-main trixie/main amd64 libclutter-gtk-1.0-0 amd64 1.8.4-6 [25.9 kB]
Get:141 http://localhost/aptly-repo/master_trixie-main trixie/main amd64 libcheese-gtk25 amd64 44.1-5 [29.0 kB]
Get:142 http://localhost/aptly-repo/master_trixie-main trixie/main amd64 gnome-desktop3-data all 44.3-3 [433 kB]
Get:143 http://localhost/aptly-repo/master_trixie-main trixie/main amd64 libxkbregistry0 amd64 1.7.0-2 [15.7 kB]
Get:144 http://localhost/aptly-repo/master_trixie-main trixie/main amd64 libgnome-desktop-3-20t64 amd64 44.3-3 [92.2 kB]
Get:145 http://localhost/aptly-repo/master_trixie-main trixie/main amd64 cheese amd64 44.1-5 [147 kB]
dpkg-preconfigure: unable to re-open stdin: No such file or directory
Fetched 67.2 MB in 1s (102 MB/s)
E: Can not write log (Is /dev/pts mounted?) - posix_openpt (2: No such file or directory)
Selecting previously unselected package bubblewrap.
(Reading database ... 128473 files and directories currently installed.)
Preparing to unpack .../000-bubblewrap_0.11.0-2_amd64.deb ...
Unpacking bubblewrap (0.11.0-2) ...
Selecting previously unselected package cheese-common.
Preparing to unpack .../001-cheese-common_44.1-5_all.deb ...
Unpacking cheese-common (44.1-5) ...
Selecting previously unselected package libraw1394-11:amd64.
Preparing to unpack .../002-libraw1394-11_2.1.2-2+b2_amd64.deb ...
Unpacking libraw1394-11:amd64 (2.1.2-2+b2) ...
Selecting previously unselected package libavc1394-0:amd64.
Preparing to unpack .../003-libavc1394-0_0.5.4-5+b2_amd64.deb ...
Unpacking libavc1394-0:amd64 (0.5.4-5+b2) ...
Selecting previously unselected package libcaca0:amd64.
Preparing to unpack .../004-libcaca0_0.99.beta20-5_amd64.deb ...
Unpacking libcaca0:amd64 (0.99.beta20-5) ...
Selecting previously unselected package libdv4t64:amd64.
Preparing to unpack .../005-libdv4t64_1.0.0-17.1+b1_amd64.deb ...
Unpacking libdv4t64:amd64 (1.0.0-17.1+b1) ...
Selecting previously unselected package libogg0:amd64.
Preparing to unpack .../006-libogg0_1.3.5-3+b2_amd64.deb ...
Unpacking libogg0:amd64 (1.3.5-3+b2) ...
Selecting previously unselected package libflac14:amd64.
Preparing to unpack .../007-libflac14_1.5.0+ds-2_amd64.deb ...
Unpacking libflac14:amd64 (1.5.0+ds-2) ...
Selecting previously unselected package libgstreamer1.0-0:amd64.
Preparing to unpack .../008-libgstreamer1.0-0_1.26.2-2_amd64.deb ...
Unpacking libgstreamer1.0-0:amd64 (1.26.2-2) ...
Selecting previously unselected package liborc-0.4-0t64:amd64.
Preparing to unpack .../009-liborc-0.4-0t64_1%3a0.4.41-1_amd64.deb ...
Unpacking liborc-0.4-0t64:amd64 (1:0.4.41-1) ...
Selecting previously unselected package iso-codes.
Preparing to unpack .../010-iso-codes_4.18.0-1_all.deb ...
Unpacking iso-codes (4.18.0-1) ...
Selecting previously unselected package libgstreamer-plugins-base1.0-0:amd64.
Preparing to unpack .../011-libgstreamer-plugins-base1.0-0_1.26.2-1_amd64.deb ...
Unpacking libgstreamer-plugins-base1.0-0:amd64 (1.26.2-1) ...
Selecting previously unselected package libiec61883-0:amd64.
Preparing to unpack .../012-libiec61883-0_1.2.0-7_amd64.deb ...
Unpacking libiec61883-0:amd64 (1.2.0-7) ...
Selecting previously unselected package libmp3lame0:amd64.
Preparing to unpack .../013-libmp3lame0_1%3a3.100-dmo3_amd64.deb ...
Unpacking libmp3lame0:amd64 (1:3.100-dmo3) ...
Selecting previously unselected package libmpg123-0t64:amd64.
Preparing to unpack .../014-libmpg123-0t64_1.32.10-1_amd64.deb ...
Unpacking libmpg123-0t64:amd64 (1.32.10-1) ...
Selecting previously unselected package libopencore-amrnb0:amd64.
Preparing to unpack .../015-libopencore-amrnb0_0.1.6-1+b2_amd64.deb ...
Unpacking libopencore-amrnb0:amd64 (0.1.6-1+b2) ...
Selecting previously unselected package libopencore-amrwb0:amd64.
Preparing to unpack .../016-libopencore-amrwb0_0.1.6-1+b2_amd64.deb ...
Unpacking libopencore-amrwb0:amd64 (0.1.6-1+b2) ...
Selecting previously unselected package libasyncns0:amd64.
Preparing to unpack .../017-libasyncns0_0.8-6+b5_amd64.deb ...
Unpacking libasyncns0:amd64 (0.8-6+b5) ...
Selecting previously unselected package libvorbis0a:amd64.
Preparing to unpack .../018-libvorbis0a_1.3.7-3_amd64.deb ...
Unpacking libvorbis0a:amd64 (1.3.7-3) ...
Selecting previously unselected package libvorbisenc2:amd64.
Preparing to unpack .../019-libvorbisenc2_1.3.7-3_amd64.deb ...
Unpacking libvorbisenc2:amd64 (1.3.7-3) ...
Selecting previously unselected package libsndfile1:amd64.
Preparing to unpack .../020-libsndfile1_1.2.2-2+b1_amd64.deb ...
Unpacking libsndfile1:amd64 (1.2.2-2+b1) ...
Selecting previously unselected package libpulse0:amd64.
Preparing to unpack .../021-libpulse0_17.0+dfsg1-2+b1_amd64.deb ...
Unpacking libpulse0:amd64 (17.0+dfsg1-2+b1) ...
Selecting previously unselected package libspeex1:amd64.
Preparing to unpack .../022-libspeex1_1.2.1-3_amd64.deb ...
Unpacking libspeex1:amd64 (1.2.1-3) ...
Selecting previously unselected package libtheoradec1:amd64.
Preparing to unpack .../023-libtheoradec1_1.2.0~alpha1+dfsg-6_amd64.deb ...
Unpacking libtheoradec1:amd64 (1.2.0~alpha1+dfsg-6) ...
Selecting previously unselected package libtheoraenc1:amd64.
Preparing to unpack .../024-libtheoraenc1_1.2.0~alpha1+dfsg-6_amd64.deb ...
Unpacking libtheoraenc1:amd64 (1.2.0~alpha1+dfsg-6) ...
Selecting previously unselected package libtheora0:amd64.
Preparing to unpack .../025-libtheora0_1.2.0~alpha1+dfsg-6_amd64.deb ...
Unpacking libtheora0:amd64 (1.2.0~alpha1+dfsg-6) ...
Selecting previously unselected package libshout3:amd64.
Preparing to unpack .../026-libshout3_2.4.6-1+b3_amd64.deb ...
Unpacking libshout3:amd64 (2.4.6-1+b3) ...
Selecting previously unselected package libtag2:amd64.
Preparing to unpack .../027-libtag2_2.0.2-2_amd64.deb ...
Unpacking libtag2:amd64 (2.0.2-2) ...
Selecting previously unselected package libtwolame0:amd64.
Preparing to unpack .../028-libtwolame0_1%3a0.4.0-dmo2+b1_amd64.deb ...
Unpacking libtwolame0:amd64 (1:0.4.0-dmo2+b1) ...
Selecting previously unselected package libv4lconvert0t64:amd64.
Preparing to unpack .../029-libv4lconvert0t64_1.30.1-1_amd64.deb ...
Unpacking libv4lconvert0t64:amd64 (1.30.1-1) ...
Selecting previously unselected package libv4l-0t64:amd64.
Preparing to unpack .../030-libv4l-0t64_1.30.1-1_amd64.deb ...
Unpacking libv4l-0t64:amd64 (1.30.1-1) ...
Selecting previously unselected package libvpx9:amd64.
Preparing to unpack .../031-libvpx9_1.15.0-2.1_amd64.deb ...
Unpacking libvpx9:amd64 (1.15.0-2.1) ...
Selecting previously unselected package libwavpack1:amd64.
Preparing to unpack .../032-libwavpack1_5.8.1-1_amd64.deb ...
Unpacking libwavpack1:amd64 (5.8.1-1) ...
Selecting previously unselected package libcdparanoia0:amd64.
Preparing to unpack .../033-libcdparanoia0_3.10.2+debian-14+b1_amd64.deb ...
Unpacking libcdparanoia0:amd64 (3.10.2+debian-14+b1) ...
Selecting previously unselected package libvisual-0.4-0:amd64.
Preparing to unpack .../034-libvisual-0.4-0_0.4.2-2+b2_amd64.deb ...
Unpacking libvisual-0.4-0:amd64 (0.4.2-2+b2) ...
Selecting previously unselected package gstreamer1.0-plugins-base:amd64.
Preparing to unpack .../035-gstreamer1.0-plugins-base_1.26.2-1_amd64.deb ...
Unpacking gstreamer1.0-plugins-base:amd64 (1.26.2-1) ...
Selecting previously unselected package libduktape207:amd64.
Preparing to unpack .../036-libduktape207_2.7.0-2+b2_amd64.deb ...
Unpacking libduktape207:amd64 (2.7.0-2+b2) ...
Selecting previously unselected package libproxy1v5:amd64.
Preparing to unpack .../037-libproxy1v5_0.5.9-1_amd64.deb ...
Unpacking libproxy1v5:amd64 (0.5.9-1) ...
Selecting previously unselected package glib-networking-common.
Preparing to unpack .../038-glib-networking-common_2.80.1-1_all.deb ...
Unpacking glib-networking-common (2.80.1-1) ...
Selecting previously unselected package glib-networking-services.
Preparing to unpack .../039-glib-networking-services_2.80.1-1_amd64.deb ...
Unpacking glib-networking-services (2.80.1-1) ...
Selecting previously unselected package glib-networking:amd64.
Preparing to unpack .../040-glib-networking_2.80.1-1_amd64.deb ...
Unpacking glib-networking:amd64 (2.80.1-1) ...
Selecting previously unselected package libsoup-3.0-common.
Preparing to unpack .../041-libsoup-3.0-common_3.6.5-3_all.deb ...
Unpacking libsoup-3.0-common (3.6.5-3) ...
Selecting previously unselected package libsoup-3.0-0:amd64.
Preparing to unpack .../042-libsoup-3.0-0_3.6.5-3_amd64.deb ...
Unpacking libsoup-3.0-0:amd64 (3.6.5-3) ...
Selecting previously unselected package gstreamer1.0-plugins-good:amd64.
Preparing to unpack .../043-gstreamer1.0-plugins-good_1.26.2-1_amd64.deb ...
Unpacking gstreamer1.0-plugins-good:amd64 (1.26.2-1) ...
Selecting previously unselected package libgstreamer-gl1.0-0:amd64.
Preparing to unpack .../044-libgstreamer-gl1.0-0_1.26.2-1_amd64.deb ...
Unpacking libgstreamer-gl1.0-0:amd64 (1.26.2-1) ...
Selecting previously unselected package libgssdp-1.6-0:amd64.
Preparing to unpack .../045-libgssdp-1.6-0_1.6.4-1~deb13u1_amd64.deb ...
Unpacking libgssdp-1.6-0:amd64 (1.6.4-1~deb13u1) ...
Selecting previously unselected package libgupnp-1.6-0:amd64.
Preparing to unpack .../046-libgupnp-1.6-0_1.6.8-2_amd64.deb ...
Unpacking libgupnp-1.6-0:amd64 (1.6.8-2) ...
Selecting previously unselected package libgupnp-igd-1.6-0:amd64.
Preparing to unpack .../047-libgupnp-igd-1.6-0_1.6.0-4+b1_amd64.deb ...
Unpacking libgupnp-igd-1.6-0:amd64 (1.6.0-4+b1) ...
Selecting previously unselected package libnice10:amd64.
Preparing to unpack .../048-libnice10_0.1.22-1_amd64.deb ...
Unpacking libnice10:amd64 (0.1.22-1) ...
Selecting previously unselected package libva2:amd64.
Preparing to unpack .../049-libva2_2.22.0-3_amd64.deb ...
Unpacking libva2:amd64 (2.22.0-3) ...
Selecting previously unselected package libva-drm2:amd64.
Preparing to unpack .../050-libva-drm2_2.22.0-3_amd64.deb ...
Unpacking libva-drm2:amd64 (2.22.0-3) ...
Selecting previously unselected package libxcb-xkb1:amd64.
Preparing to unpack .../051-libxcb-xkb1_1.17.0-2+b1_amd64.deb ...
Unpacking libxcb-xkb1:amd64 (1.17.0-2+b1) ...
Selecting previously unselected package libxkbcommon-x11-0:amd64.
Preparing to unpack .../052-libxkbcommon-x11-0_1.7.0-2_amd64.deb ...
Unpacking libxkbcommon-x11-0:amd64 (1.7.0-2) ...
Selecting previously unselected package libgstreamer-plugins-bad1.0-0:amd64.
Preparing to unpack .../053-libgstreamer-plugins-bad1.0-0_1.26.2-3_amd64.deb ...
Unpacking libgstreamer-plugins-bad1.0-0:amd64 (1.26.2-3) ...
Selecting previously unselected package libunibreak6:amd64.
Preparing to unpack .../054-libunibreak6_6.1-3_amd64.deb ...
Unpacking libunibreak6:amd64 (6.1-3) ...
Selecting previously unselected package libass9:amd64.
Preparing to unpack .../055-libass9_2%3a0.17.4-dmo1_amd64.deb ...
Unpacking libass9:amd64 (2:0.17.4-dmo1) ...
Selecting previously unselected package libavtp0:amd64.
Preparing to unpack .../056-libavtp0_0.2.0-2_amd64.deb ...
Unpacking libavtp0:amd64 (0.2.0-2) ...
Selecting previously unselected package libbs2b0:amd64.
Preparing to unpack .../057-libbs2b0_3.1.0+dfsg-8+b1_amd64.deb ...
Unpacking libbs2b0:amd64 (3.1.0+dfsg-8+b1) ...
Selecting previously unselected package libchromaprint1:amd64.
Preparing to unpack .../058-libchromaprint1_1%3a1.5.1-dmo6+b1_amd64.deb ...
Unpacking libchromaprint1:amd64 (1:1.5.1-dmo6+b1) ...
Selecting previously unselected package libdc1394-25:amd64.
Preparing to unpack .../059-libdc1394-25_2.2.6-5_amd64.deb ...
Unpacking libdc1394-25:amd64 (2.2.6-5) ...
Selecting previously unselected package libdca0:amd64.
Preparing to unpack .../060-libdca0_0.0.7-2+b2_amd64.deb ...
Unpacking libdca0:amd64 (0.0.7-2+b2) ...
Selecting previously unselected package libdvdread8t64:amd64.
Preparing to unpack .../061-libdvdread8t64_6.1.3-2_amd64.deb ...
Unpacking libdvdread8t64:amd64 (6.1.3-2) ...
Selecting previously unselected package libdvdnav4:amd64.
Preparing to unpack .../062-libdvdnav4_6.1.1-3+b1_amd64.deb ...
Unpacking libdvdnav4:amd64 (6.1.1-3+b1) ...
Selecting previously unselected package libfaad2:amd64.
Preparing to unpack .../063-libfaad2_2.11.2-1_amd64.deb ...
Unpacking libfaad2:amd64 (2.11.2-1) ...
Selecting previously unselected package libflite1:amd64.
Preparing to unpack .../064-libflite1_2.2-7_amd64.deb ...
Unpacking libflite1:amd64 (2.2-7) ...
Selecting previously unselected package libinstpatch-1.0-2:amd64.
Preparing to unpack .../065-libinstpatch-1.0-2_1.1.6-1+b2_amd64.deb ...
Unpacking libinstpatch-1.0-2:amd64 (1.1.6-1+b2) ...
Selecting previously unselected package libjack-jackd2-0:amd64.
Preparing to unpack .../066-libjack-jackd2-0_1.9.22~dfsg-4_amd64.deb ...
Unpacking libjack-jackd2-0:amd64 (1.9.22~dfsg-4) ...
Selecting previously unselected package libebur128-1:amd64.
Preparing to unpack .../067-libebur128-1_1.2.6-1+b2_amd64.deb ...
Unpacking libebur128-1:amd64 (1.2.6-1+b2) ...
Selecting previously unselected package libserd-0-0:amd64.
Preparing to unpack .../068-libserd-0-0_0.32.4-1_amd64.deb ...
Unpacking libserd-0-0:amd64 (0.32.4-1) ...
Selecting previously unselected package libzix-0-0:amd64.
Preparing to unpack .../069-libzix-0-0_0.6.2-1_amd64.deb ...
Unpacking libzix-0-0:amd64 (0.6.2-1) ...
Selecting previously unselected package libsord-0-0:amd64.
Preparing to unpack .../070-libsord-0-0_0.16.18-1_amd64.deb ...
Unpacking libsord-0-0:amd64 (0.16.18-1) ...
Selecting previously unselected package libsratom-0-0:amd64.
Preparing to unpack .../071-libsratom-0-0_0.6.18-1_amd64.deb ...
Unpacking libsratom-0-0:amd64 (0.6.18-1) ...
Selecting previously unselected package liblilv-0-0:amd64.
Preparing to unpack .../072-liblilv-0-0_0.24.26-1_amd64.deb ...
Unpacking liblilv-0-0:amd64 (0.24.26-1) ...
Selecting previously unselected package libmysofa1:amd64.
Preparing to unpack .../073-libmysofa1_1.3.3+dfsg-1_amd64.deb ...
Unpacking libmysofa1:amd64 (1.3.3+dfsg-1) ...
Selecting previously unselected package libwebrtc-audio-processing-1-3:amd64.
Preparing to unpack .../074-libwebrtc-audio-processing-1-3_1.3-3+b1_amd64.deb ...
Unpacking libwebrtc-audio-processing-1-3:amd64 (1.3-3+b1) ...
Selecting previously unselected package libspa-0.2-modules:amd64.
Preparing to unpack .../075-libspa-0.2-modules_1.4.2-1_amd64.deb ...
Unpacking libspa-0.2-modules:amd64 (1.4.2-1) ...
Selecting previously unselected package libpipewire-0.3-0t64:amd64.
Preparing to unpack .../076-libpipewire-0.3-0t64_1.4.2-1_amd64.deb ...
Unpacking libpipewire-0.3-0t64:amd64 (1.4.2-1) ...
Selecting previously unselected package libdecor-0-0:amd64.
Preparing to unpack .../077-libdecor-0-0_0.2.2-2_amd64.deb ...
Unpacking libdecor-0-0:amd64 (0.2.2-2) ...
Selecting previously unselected package libxss1:amd64.
Preparing to unpack .../078-libxss1_1%3a1.2.3-1+b3_amd64.deb ...
Unpacking libxss1:amd64 (1:1.2.3-1+b3) ...
Selecting previously unselected package libsdl2-2.0-0:amd64.
Preparing to unpack .../079-libsdl2-2.0-0_2.32.4+dfsg-1_amd64.deb ...
Unpacking libsdl2-2.0-0:amd64 (2.32.4+dfsg-1) ...
Selecting previously unselected package timgm6mb-soundfont.
Preparing to unpack .../080-timgm6mb-soundfont_1.3-5_all.deb ...
Unpacking timgm6mb-soundfont (1.3-5) ...
Selecting previously unselected package libfluidsynth3:amd64.
Preparing to unpack .../081-libfluidsynth3_2.4.4+dfsg-1+deb13u1_amd64.deb ...
Unpacking libfluidsynth3:amd64 (2.4.4+dfsg-1+deb13u1) ...
Selecting previously unselected package libfreeaptx0:amd64.
Preparing to unpack .../082-libfreeaptx0_0.2.2-1_amd64.deb ...
Unpacking libfreeaptx0:amd64 (0.2.2-1) ...
Selecting previously unselected package libgme0:amd64.
Preparing to unpack .../083-libgme0_0.6.3-7+b2_amd64.deb ...
Unpacking libgme0:amd64 (0.6.3-7+b2) ...
Selecting previously unselected package libgsm1:amd64.
Preparing to unpack .../084-libgsm1_1.0.22-1+b2_amd64.deb ...
Unpacking libgsm1:amd64 (1.0.22-1+b2) ...
Selecting previously unselected package liblc3-1:amd64.
Preparing to unpack .../085-liblc3-1_1.1.3+dfsg-1_amd64.deb ...
Unpacking liblc3-1:amd64 (1.1.3+dfsg-1) ...
Selecting previously unselected package libldacbt-enc2:amd64.
Preparing to unpack .../086-libldacbt-enc2_2.0.2.3+git20200429+ed310a0-5_amd64.deb ...
Unpacking libldacbt-enc2:amd64 (2.0.2.3+git20200429+ed310a0-5) ...
Selecting previously unselected package libyajl2:amd64.
Preparing to unpack .../087-libyajl2_2.1.0-5+b2_amd64.deb ...
Unpacking libyajl2:amd64 (2.1.0-5+b2) ...
Selecting previously unselected package libraptor2-0:amd64.
Preparing to unpack .../088-libraptor2-0_2.0.16-6_amd64.deb ...
Unpacking libraptor2-0:amd64 (2.0.16-6) ...
Selecting previously unselected package liblrdf0:amd64.
Preparing to unpack .../089-liblrdf0_0.6.1-4+b2_amd64.deb ...
Unpacking liblrdf0:amd64 (0.6.1-4+b2) ...
Selecting previously unselected package libltc11:amd64.
Preparing to unpack .../090-libltc11_1.3.2-1+b2_amd64.deb ...
Unpacking libltc11:amd64 (1.3.2-1+b2) ...
Selecting previously unselected package libmjpegutils-2.1-0t64:amd64.
Preparing to unpack .../091-libmjpegutils-2.1-0t64_1%3a2.1.0+debian-8.1+b1_amd64.deb ...
Unpacking libmjpegutils-2.1-0t64:amd64 (1:2.1.0+debian-8.1+b1) ...
Selecting previously unselected package libmodplug1:amd64.
Preparing to unpack .../092-libmodplug1_1%3a0.8.9.0-3+b2_amd64.deb ...
Unpacking libmodplug1:amd64 (1:0.8.9.0-3+b2) ...
Selecting previously unselected package libmpcdec6:amd64.
Preparing to unpack .../093-libmpcdec6_2%3a0.1~r495-3_amd64.deb ...
Unpacking libmpcdec6:amd64 (2:0.1~r495-3) ...
Selecting previously unselected package libmpeg2encpp-2.1-0t64:amd64.
Preparing to unpack .../094-libmpeg2encpp-2.1-0t64_1%3a2.1.0+debian-8.1+b1_amd64.deb ...
Unpacking libmpeg2encpp-2.1-0t64:amd64 (1:2.1.0+debian-8.1+b1) ...
Selecting previously unselected package libmplex2-2.1-0t64:amd64.
Preparing to unpack .../095-libmplex2-2.1-0t64_1%3a2.1.0+debian-8.1+b1_amd64.deb ...
Unpacking libmplex2-2.1-0t64:amd64 (1:2.1.0+debian-8.1+b1) ...
Selecting previously unselected package libneon27t64:amd64.
Preparing to unpack .../096-libneon27t64_0.34.2-1_amd64.deb ...
Unpacking libneon27t64:amd64 (0.34.2-1) ...
Selecting previously unselected package libcpuinfo0:amd64.
Preparing to unpack .../097-libcpuinfo0_0.0~git20250327.39ea79a-1_amd64.deb ...
Unpacking libcpuinfo0:amd64 (0.0~git20250327.39ea79a-1) ...
Selecting previously unselected package libdnnl3.6:amd64.
Preparing to unpack .../098-libdnnl3.6_3.7.2+ds-2_amd64.deb ...
Unpacking libdnnl3.6:amd64 (3.7.2+ds-2) ...
Selecting previously unselected package libprotobuf32t64:amd64.
Preparing to unpack .../099-libprotobuf32t64_3.21.12-11_amd64.deb ...
Unpacking libprotobuf32t64:amd64 (3.21.12-11) ...
Selecting previously unselected package libonnx1t64:amd64.
Preparing to unpack .../100-libonnx1t64_1.17.0-3+b1_amd64.deb ...
Unpacking libonnx1t64:amd64 (1.17.0-3+b1) ...
Selecting previously unselected package libpthreadpool0:amd64.
Preparing to unpack .../101-libpthreadpool0_0.0~git20240616.560c60d-1_amd64.deb ...
Unpacking libpthreadpool0:amd64 (0.0~git20240616.560c60d-1) ...
Selecting previously unselected package libre2-11:amd64.
Preparing to unpack .../102-libre2-11_20240702-3+b1_amd64.deb ...
Unpacking libre2-11:amd64 (20240702-3+b1) ...
Selecting previously unselected package libxnnpack0.20241108:amd64.
Preparing to unpack .../103-libxnnpack0.20241108_0.0~git20241108.4ea82e5-2_amd64.deb ...
Unpacking libxnnpack0.20241108:amd64 (0.0~git20241108.4ea82e5-2) ...
Selecting previously unselected package libonnxruntime1.21:amd64.
Preparing to unpack .../104-libonnxruntime1.21_1.21.0+dfsg-1_amd64.deb ...
Unpacking libonnxruntime1.21:amd64 (1.21.0+dfsg-1) ...
Selecting previously unselected package libopenal-data.
Preparing to unpack .../105-libopenal-data_1%3a1.24.2-1_all.deb ...
Unpacking libopenal-data (1:1.24.2-1) ...
Selecting previously unselected package libopenal1:amd64.
Preparing to unpack .../106-libopenal1_1%3a1.24.2-1_amd64.deb ...
Unpacking libopenal1:amd64 (1:1.24.2-1) ...
Selecting previously unselected package libopenh264-8:amd64.
Preparing to unpack .../107-libopenh264-8_1%3a2.6.0-dmo1_amd64.deb ...
Unpacking libopenh264-8:amd64 (1:2.6.0-dmo1) ...
Selecting previously unselected package libvorbisfile3:amd64.
Preparing to unpack .../108-libvorbisfile3_1.3.7-3_amd64.deb ...
Unpacking libvorbisfile3:amd64 (1.3.7-3) ...
Selecting previously unselected package libopenmpt0t64:amd64.
Preparing to unpack .../109-libopenmpt0t64_0.7.13-1+b1_amd64.deb ...
Unpacking libopenmpt0t64:amd64 (0.7.13-1+b1) ...
Selecting previously unselected package libopenni2-0:amd64.
Preparing to unpack .../110-libopenni2-0_2.2.0.33+dfsg-18+b2_amd64.deb ...
Unpacking libopenni2-0:amd64 (2.2.0.33+dfsg-18+b2) ...
Selecting previously unselected package libqrencode4:amd64.
Preparing to unpack .../111-libqrencode4_4.1.1-2_amd64.deb ...
Unpacking libqrencode4:amd64 (4.1.1-2) ...
Selecting previously unselected package libsbc1:amd64.
Preparing to unpack .../112-libsbc1_2.1-1_amd64.deb ...
Unpacking libsbc1:amd64 (2.1-1) ...
Selecting previously unselected package libsoundtouch1:amd64.
Preparing to unpack .../113-libsoundtouch1_2.4.0+ds-1_amd64.deb ...
Unpacking libsoundtouch1:amd64 (2.4.0+ds-1) ...
Selecting previously unselected package libspandsp2t64:amd64.
Preparing to unpack .../114-libspandsp2t64_0.0.6+dfsg-2.2_amd64.deb ...
Unpacking libspandsp2t64:amd64 (0.0.6+dfsg-2.2) ...
Selecting previously unselected package libsrt1.5-gnutls:amd64.
Preparing to unpack .../115-libsrt1.5-gnutls_1.5.4-1_amd64.deb ...
Unpacking libsrt1.5-gnutls:amd64 (1.5.4-1) ...
Selecting previously unselected package libsrtp2-1:amd64.
Preparing to unpack .../116-libsrtp2-1_2.7.0-3_amd64.deb ...
Unpacking libsrtp2-1:amd64 (2.7.0-3) ...
Selecting previously unselected package libvo-aacenc0:amd64.
Preparing to unpack .../117-libvo-aacenc0_0.1.3-3_amd64.deb ...
Unpacking libvo-aacenc0:amd64 (0.1.3-3) ...
Selecting previously unselected package libvo-amrwbenc0:amd64.
Preparing to unpack .../118-libvo-amrwbenc0_0.1.3-2+b2_amd64.deb ...
Unpacking libvo-amrwbenc0:amd64 (0.1.3-2+b2) ...
Selecting previously unselected package libwildmidi2:amd64.
Preparing to unpack .../119-libwildmidi2_0.4.3-1+b3_amd64.deb ...
Unpacking libwildmidi2:amd64 (0.4.3-1+b3) ...
Selecting previously unselected package libx265-215:amd64.
Preparing to unpack .../120-libx265-215_1%3a4.1-dmo1_amd64.deb ...
Unpacking libx265-215:amd64 (1:4.1-dmo1) ...
Selecting previously unselected package libzbar0t64:amd64.
Preparing to unpack .../121-libzbar0t64_0.23.93-8_amd64.deb ...
Unpacking libzbar0t64:amd64 (0.23.93-8) ...
Selecting previously unselected package libzvbi-common.
Preparing to unpack .../122-libzvbi-common_0.2.44-1_all.deb ...
Unpacking libzvbi-common (0.2.44-1) ...
Selecting previously unselected package libzvbi0t64:amd64.
Preparing to unpack .../123-libzvbi0t64_0.2.44-1_amd64.deb ...
Unpacking libzvbi0t64:amd64 (0.2.44-1) ...
Selecting previously unselected package libzxing3:amd64.
Preparing to unpack .../124-libzxing3_2.3.0-4_amd64.deb ...
Unpacking libzxing3:amd64 (2.3.0-4) ...
Selecting previously unselected package gstreamer1.0-plugins-bad:amd64.
Preparing to unpack .../125-gstreamer1.0-plugins-bad_1.26.2-3_amd64.deb ...
Unpacking gstreamer1.0-plugins-bad:amd64 (1.26.2-3) ...
Selecting previously unselected package gnome-video-effects.
Preparing to unpack .../126-gnome-video-effects_0.6.0-3_all.deb ...
Unpacking gnome-video-effects (0.6.0-3) ...
Selecting previously unselected package sound-theme-freedesktop.
Preparing to unpack .../127-sound-theme-freedesktop_0.8-6~deb13u1_all.deb ...
Unpacking sound-theme-freedesktop (0.8-6~deb13u1) ...
Selecting previously unselected package libcanberra0:amd64.
Preparing to unpack .../128-libcanberra0_0.30-18_amd64.deb ...
Unpacking libcanberra0:amd64 (0.30-18) ...
Selecting previously unselected package libcanberra-gtk3-0:amd64.
Preparing to unpack .../129-libcanberra-gtk3-0_0.30-18_amd64.deb ...
Unpacking libcanberra-gtk3-0:amd64 (0.30-18) ...
Selecting previously unselected package libcogl20:amd64.
Preparing to unpack .../130-libcogl20_1.22.8-5_amd64.deb ...
Unpacking libcogl20:amd64 (1.22.8-5) ...
Selecting previously unselected package libcogl-pango20:amd64.
Preparing to unpack .../131-libcogl-pango20_1.22.8-5_amd64.deb ...
Unpacking libcogl-pango20:amd64 (1.22.8-5) ...
Selecting previously unselected package libcogl-path20:amd64.
Preparing to unpack .../132-libcogl-path20_1.22.8-5_amd64.deb ...
Unpacking libcogl-path20:amd64 (1.22.8-5) ...
Selecting previously unselected package libclutter-1.0-0:amd64.
Preparing to unpack .../133-libclutter-1.0-0_1.26.4+git2779b932+dfsg-7+b2_amd64.deb ...
Unpacking libclutter-1.0-0:amd64 (1.26.4+git2779b932+dfsg-7+b2) ...
Selecting previously unselected package libclutter-gst-3.0-0:amd64.
Preparing to unpack .../134-libclutter-gst-3.0-0_3.0.27-4+b1_amd64.deb ...
Unpacking libclutter-gst-3.0-0:amd64 (3.0.27-4+b1) ...
Selecting previously unselected package gstreamer1.0-clutter-3.0:amd64.
Preparing to unpack .../135-gstreamer1.0-clutter-3.0_3.0.27-4+b1_amd64.deb ...
Unpacking gstreamer1.0-clutter-3.0:amd64 (3.0.27-4+b1) ...
Selecting previously unselected package libxv1:amd64.
Preparing to unpack .../136-libxv1_2%3a1.0.11-1.1+b3_amd64.deb ...
Unpacking libxv1:amd64 (2:1.0.11-1.1+b3) ...
Selecting previously unselected package gstreamer1.0-x:amd64.
Preparing to unpack .../137-gstreamer1.0-x_1.26.2-1_amd64.deb ...
Unpacking gstreamer1.0-x:amd64 (1.26.2-1) ...
Selecting previously unselected package libcheese8:amd64.
Preparing to unpack .../138-libcheese8_44.1-5_amd64.deb ...
Unpacking libcheese8:amd64 (44.1-5) ...
Selecting previously unselected package libclutter-gtk-1.0-0:amd64.
Preparing to unpack .../139-libclutter-gtk-1.0-0_1.8.4-6_amd64.deb ...
Unpacking libclutter-gtk-1.0-0:amd64 (1.8.4-6) ...
Selecting previously unselected package libcheese-gtk25:amd64.
Preparing to unpack .../140-libcheese-gtk25_44.1-5_amd64.deb ...
Unpacking libcheese-gtk25:amd64 (44.1-5) ...
Selecting previously unselected package gnome-desktop3-data.
Preparing to unpack .../141-gnome-desktop3-data_44.3-3_all.deb ...
Unpacking gnome-desktop3-data (44.3-3) ...
Selecting previously unselected package libxkbregistry0:amd64.
Preparing to unpack .../142-libxkbregistry0_1.7.0-2_amd64.deb ...
Unpacking libxkbregistry0:amd64 (1.7.0-2) ...
Selecting previously unselected package libgnome-desktop-3-20t64:amd64.
Preparing to unpack .../143-libgnome-desktop-3-20t64_44.3-3_amd64.deb ...
Unpacking libgnome-desktop-3-20t64:amd64 (44.3-3) ...
Selecting previously unselected package cheese.
Preparing to unpack .../144-cheese_44.1-5_amd64.deb ...
Unpacking cheese (44.1-5) ...
Setting up libgme0:amd64 (0.6.3-7+b2) ...
Setting up libchromaprint1:amd64 (1:1.5.1-dmo6+b1) ...
Setting up bubblewrap (0.11.0-2) ...
Setting up libfreeaptx0:amd64 (0.2.2-1) ...
Setting up libdvdread8t64:amd64 (6.1.3-2) ...
Setting up libmodplug1:amd64 (1:0.8.9.0-3+b2) ...
Setting up libcdparanoia0:amd64 (3.10.2+debian-14+b1) ...
Setting up libvo-amrwbenc0:amd64 (0.1.3-2+b2) ...
Setting up libre2-11:amd64 (20240702-3+b1) ...
Setting up libprotobuf32t64:amd64 (3.21.12-11) ...
Setting up libraw1394-11:amd64 (2.1.2-2+b2) ...
Setting up libsbc1:amd64 (2.1-1) ...
Setting up libneon27t64:amd64 (0.34.2-1) ...
Setting up libopenni2-0:amd64 (2.2.0.33+dfsg-18+b2) ...
Setting up libogg0:amd64 (1.3.5-3+b2) ...
Setting up libspeex1:amd64 (1.2.1-3) ...
Setting up libcaca0:amd64 (0.99.beta20-5) ...
Setting up libv4lconvert0t64:amd64 (1.30.1-1) ...
Setting up libtwolame0:amd64 (1:0.4.0-dmo2+b1) ...
Setting up libdnnl3.6:amd64 (3.7.2+ds-2) ...
Setting up liblc3-1:amd64 (1.1.3+dfsg-1) ...
Setting up libqrencode4:amd64 (4.1.1-2) ...
Setting up libgsm1:amd64 (1.0.22-1+b2) ...
Setting up libvisual-0.4-0:amd64 (0.4.2-2+b2) ...
Setting up libzix-0-0:amd64 (0.6.2-1) ...
Setting up libtag2:amd64 (2.0.2-2) ...
Setting up libsrtp2-1:amd64 (2.7.0-3) ...
Setting up libmysofa1:amd64 (1.3.3+dfsg-1) ...
Setting up libyajl2:amd64 (2.1.0-5+b2) ...
Setting up libldacbt-enc2:amd64 (2.0.2.3+git20200429+ed310a0-5) ...
Setting up libebur128-1:amd64 (1.2.6-1+b2) ...
Setting up libsoup-3.0-common (3.6.5-3) ...
Setting up libmpg123-0t64:amd64 (1.32.10-1) ...
Setting up libwebrtc-audio-processing-1-3:amd64 (1.3-3+b1) ...
Setting up libcogl20:amd64 (1.22.8-5) ...
Setting up libcogl-pango20:amd64 (1.22.8-5) ...
Setting up libmpcdec6:amd64 (2:0.1~r495-3) ...
Setting up libmjpegutils-2.1-0t64:amd64 (1:2.1.0+debian-8.1+b1) ...
Setting up libpthreadpool0:amd64 (0.0~git20240616.560c60d-1) ...
Setting up liborc-0.4-0t64:amd64 (1:0.4.41-1) ...
Setting up libxcb-xkb1:amd64 (1.17.0-2+b1) ...
Setting up libvo-aacenc0:amd64 (0.1.3-3) ...
Setting up gnome-desktop3-data (44.3-3) ...
Setting up libopencore-amrwb0:amd64 (0.1.6-1+b2) ...
Setting up libtheoraenc1:amd64 (1.2.0~alpha1+dfsg-6) ...
Setting up libsoundtouch1:amd64 (2.4.0+ds-1) ...
Setting up libtheoradec1:amd64 (1.2.0~alpha1+dfsg-6) ...
Setting up libva2:amd64 (2.22.0-3) ...
Setting up libxkbregistry0:amd64 (1.7.0-2) ...
Setting up libzxing3:amd64 (2.3.0-4) ...
Setting up libfaad2:amd64 (2.11.2-1) ...
Setting up libxkbcommon-x11-0:amd64 (1.7.0-2) ...
Setting up libdc1394-25:amd64 (2.2.6-5) ...
Setting up libxv1:amd64 (2:1.0.11-1.1+b3) ...
Setting up google-cloud-cli (549.0.1-0) ...
Fatal Python error: _Py_HashRandomization_Init: failed to get random numbers to initialize Python
Python runtime state: preinitialized

dpkg: error processing package google-cloud-cli (--configure):
 installed google-cloud-cli package post-installation script subprocess returned error exit status 1
Setting up libvorbis0a:amd64 (1.3.7-3) ...
Setting up libflac14:amd64 (1.5.0+ds-2) ...
Setting up libdv4t64:amd64 (1.0.0-17.1+b1) ...
Setting up libopenh264-8:amd64 (1:2.6.0-dmo1) ...
Setting up libcpuinfo0:amd64 (0.0~git20250327.39ea79a-1) ...
Setting up libltc11:amd64 (1.3.2-1+b2) ...
Setting up libv4l-0t64:amd64 (1.30.1-1) ...
Setting up libavtp0:amd64 (0.2.0-2) ...
Setting up libspandsp2t64:amd64 (0.0.6+dfsg-2.2) ...
Setting up libxnnpack0.20241108:amd64 (0.0~git20241108.4ea82e5-2) ...
Setting up libjack-jackd2-0:amd64 (1.9.22~dfsg-4) ...
Setting up libvpx9:amd64 (1.15.0-2.1) ...
Setting up libsrt1.5-gnutls:amd64 (1.5.4-1) ...
Setting up libflite1:amd64 (2.2-7) ...
Setting up sound-theme-freedesktop (0.8-6~deb13u1) ...
Setting up libva-drm2:amd64 (2.22.0-3) ...
Setting up libduktape207:amd64 (2.7.0-2+b2) ...
Setting up libasyncns0:amd64 (0.8-6+b5) ...
Setting up libwildmidi2:amd64 (0.4.3-1+b3) ...
Setting up libwavpack1:amd64 (5.8.1-1) ...
Setting up libbs2b0:amd64 (3.1.0+dfsg-8+b1) ...
Setting up libtheora0:amd64 (1.2.0~alpha1+dfsg-6) ...
Setting up libopencore-amrnb0:amd64 (0.1.6-1+b2) ...
Setting up libdecor-0-0:amd64 (0.2.2-2) ...
Setting up libdca0:amd64 (0.0.7-2+b2) ...
Setting up cheese-common (44.1-5) ...
Setting up libopenal-data (1:1.24.2-1) ...
Setting up libonnx1t64:amd64 (1.17.0-3+b1) ...
Setting up libunibreak6:amd64 (6.1-3) ...
Setting up libxss1:amd64 (1:1.2.3-1+b3) ...
Setting up libmpeg2encpp-2.1-0t64:amd64 (1:2.1.0+debian-8.1+b1) ...
Setting up glib-networking-common (2.80.1-1) ...
Setting up libx265-215:amd64 (1:4.1-dmo1) ...
Setting up timgm6mb-soundfont (1.3-5) ...
update-alternatives: using /usr/share/sounds/sf2/TimGM6mb.sf2 to provide /usr/share/sounds/sf2/default-GM.sf2 (default-GM.sf2) in auto mode
update-alternatives: using /usr/share/sounds/sf2/TimGM6mb.sf2 to provide /usr/share/sounds/sf3/default-GM.sf3 (default-GM.sf3) in auto mode
Setting up libmplex2-2.1-0t64:amd64 (1:2.1.0+debian-8.1+b1) ...
Setting up iso-codes (4.18.0-1) ...
Setting up libzvbi-common (0.2.44-1) ...
Setting up libgstreamer1.0-0:amd64 (1.26.2-2) ...
Setcap worked! gst-ptp-helper is not suid!
Setting up libmp3lame0:amd64 (1:3.100-dmo3) ...
Setting up libvorbisenc2:amd64 (1.3.7-3) ...
Setting up libdvdnav4:amd64 (6.1.1-3+b1) ...
Setting up libiec61883-0:amd64 (1.2.0-7) ...
Setting up libserd-0-0:amd64 (0.32.4-1) ...
Setting up libavc1394-0:amd64 (0.5.4-5+b2) ...
Setting up libproxy1v5:amd64 (0.5.9-1) ...
Setting up libcogl-path20:amd64 (1.22.8-5) ...
Setting up libzvbi0t64:amd64 (0.2.44-1) ...
Setting up libraptor2-0:amd64 (2.0.16-6) ...
Setting up libzbar0t64:amd64 (0.23.93-8) ...
Setting up libgstreamer-plugins-base1.0-0:amd64 (1.26.2-1) ...
Setting up libopenal1:amd64 (1:1.24.2-1) ...
Setting up libonnxruntime1.21:amd64 (1.21.0+dfsg-1) ...
Setting up libgnome-desktop-3-20t64:amd64 (44.3-3) ...
Setting up libvorbisfile3:amd64 (1.3.7-3) ...
Setting up libgstreamer-gl1.0-0:amd64 (1.26.2-1) ...
Setting up gstreamer1.0-plugins-base:amd64 (1.26.2-1) ...
Setting up libass9:amd64 (2:0.17.4-dmo1) ...
Setting up libshout3:amd64 (2.4.6-1+b3) ...
Setting up libsord-0-0:amd64 (0.16.18-1) ...
Setting up libsratom-0-0:amd64 (0.6.18-1) ...
Setting up libsndfile1:amd64 (1.2.2-2+b1) ...
Setting up liblilv-0-0:amd64 (0.24.26-1) ...
Setting up libclutter-1.0-0:amd64 (1.26.4+git2779b932+dfsg-7+b2) ...
Setting up libinstpatch-1.0-2:amd64 (1.1.6-1+b2) ...
Setting up libopenmpt0t64:amd64 (0.7.13-1+b1) ...
Setting up glib-networking-services (2.80.1-1) ...
Setting up libcanberra0:amd64 (0.30-18) ...
Setting up gstreamer1.0-x:amd64 (1.26.2-1) ...
Setting up libclutter-gtk-1.0-0:amd64 (1.8.4-6) ...
Setting up libpulse0:amd64 (17.0+dfsg1-2+b1) ...
Setting up liblrdf0:amd64 (0.6.1-4+b2) ...
Setting up libcanberra-gtk3-0:amd64 (0.30-18) ...
Setting up libspa-0.2-modules:amd64 (1.4.2-1) ...
Setting up glib-networking:amd64 (2.80.1-1) ...
Setting up libsdl2-2.0-0:amd64 (2.32.4+dfsg-1) ...
Setting up libclutter-gst-3.0-0:amd64 (3.0.27-4+b1) ...
Setting up libpipewire-0.3-0t64:amd64 (1.4.2-1) ...
Setting up libfluidsynth3:amd64 (2.4.4+dfsg-1+deb13u1) ...
Setting up libsoup-3.0-0:amd64 (3.6.5-3) ...
Setting up libgssdp-1.6-0:amd64 (1.6.4-1~deb13u1) ...
Setting up gstreamer1.0-clutter-3.0:amd64 (3.0.27-4+b1) ...
Setting up gstreamer1.0-plugins-good:amd64 (1.26.2-1) ...
Setting up libgupnp-1.6-0:amd64 (1.6.8-2) ...
Setting up libgupnp-igd-1.6-0:amd64 (1.6.0-4+b1) ...
Setting up libnice10:amd64 (0.1.22-1) ...
Setting up libgstreamer-plugins-bad1.0-0:amd64 (1.26.2-3) ...
Setting up gstreamer1.0-plugins-bad:amd64 (1.26.2-3) ...
Setting up gnome-video-effects (0.6.0-3) ...
Processing triggers for desktop-file-utils (0.28-1) ...
Processing triggers for hicolor-icon-theme (0.18-2) ...
Processing triggers for libc-bin (2.41-12) ...
Processing triggers for systemd (257.9-1~deb13u1) ...
Processing triggers for libglib2.0-0t64:amd64 (2.84.4-3~deb13u1) ...
Processing triggers for procps (2:4.0.4-9) ...
Setting up libcheese8:amd64 (44.1-5) ...
Setting up libcheese-gtk25:amd64 (44.1-5) ...
Setting up cheese (44.1-5) ...
Processing triggers for libc-bin (2.41-12) ...
Errors were encountered while processing:
 google-cloud-cli
E: Sub-process /usr/bin/dpkg returned an error code (1)
CLDS: * Disk size = 5872872K. Space Used = 278900K. Runtime = 00:00:00:12.
