CLDS:>>>>>>>>> Running inst-std-graphic-xtra-dia.sh ...
Reading package lists...
Building dependency tree...
Reading state information...
The following additional packages will be installed:
  dia-common libemf1 libgraphene-1.0-0
The following NEW packages will be installed:
  dia dia-common dia-shapes libemf1 libgraphene-1.0-0
0 upgraded, 5 newly installed, 0 to remove and 0 not upgraded.
1 not fully installed or removed.
Need to get 7,823 kB of archives.
After this operation, 29.2 MB of additional disk space will be used.
Get:1 http://localhost/aptly-repo/master_trixie-main trixie/main amd64 libemf1 amd64 1.0.13-8+b1 [63.7 kB]
Get:2 http://localhost/aptly-repo/master_trixie-main trixie/main amd64 libgraphene-1.0-0 amd64 1.10.8-5 [42.4 kB]
Get:3 http://localhost/aptly-repo/master_trixie-main trixie/main amd64 dia-common all 0.98+git20250126-2 [6,485 kB]
Get:4 http://localhost/aptly-repo/master_trixie-main trixie/main amd64 dia amd64 0.98+git20250126-2 [967 kB]
Get:5 http://localhost/aptly-repo/master_trixie-main trixie/main amd64 dia-shapes all 0.6.0-5 [265 kB]
dpkg-preconfigure: unable to re-open stdin: No such file or directory
Fetched 7,823 kB in 0s (82.6 MB/s)
E: Can not write log (Is /dev/pts mounted?) - posix_openpt (2: No such file or directory)
Selecting previously unselected package libemf1:amd64.
(Reading database ... 132467 files and directories currently installed.)
Preparing to unpack .../libemf1_1.0.13-8+b1_amd64.deb ...
Unpacking libemf1:amd64 (1.0.13-8+b1) ...
Selecting previously unselected package libgraphene-1.0-0:amd64.
Preparing to unpack .../libgraphene-1.0-0_1.10.8-5_amd64.deb ...
Unpacking libgraphene-1.0-0:amd64 (1.10.8-5) ...
Selecting previously unselected package dia-common.
Preparing to unpack .../dia-common_0.98+git20250126-2_all.deb ...
Unpacking dia-common (0.98+git20250126-2) ...
Selecting previously unselected package dia.
Preparing to unpack .../dia_0.98+git20250126-2_amd64.deb ...
Unpacking dia (0.98+git20250126-2) ...
Selecting previously unselected package dia-shapes.
Preparing to unpack .../dia-shapes_0.6.0-5_all.deb ...
Unpacking dia-shapes (0.6.0-5) ...
Setting up dia-common (0.98+git20250126-2) ...
Setting up google-cloud-cli (549.0.1-0) ...
Fatal Python error: _Py_HashRandomization_Init: failed to get random numbers to initialize Python
Python runtime state: preinitialized

dpkg: error processing package google-cloud-cli (--configure):
 installed google-cloud-cli package post-installation script subprocess returned error exit status 1
Setting up libemf1:amd64 (1.0.13-8+b1) ...
Setting up libgraphene-1.0-0:amd64 (1.10.8-5) ...
Setting up dia (0.98+git20250126-2) ...
Setting up dia-shapes (0.6.0-5) ...
Processing triggers for hicolor-icon-theme (0.18-2) ...
Processing triggers for libc-bin (2.41-12) ...
Processing triggers for desktop-file-utils (0.28-1) ...
Errors were encountered while processing:
 google-cloud-cli
E: Sub-process /usr/bin/dpkg returned an error code (1)
CLDS: * Disk size = 5909900K. Space Used = 37028K. Runtime = 00:00:00:02.
