CLDS:>>>>>>>>> Running inst-std-accessories-mupdf.sh ...
Reading package lists...
Building dependency tree...
Reading state information...
The following additional packages will be installed:
  libglut3.12 libgumbo3 libmujs3 libmupdf25.1
Suggested packages:
  mupdf-tools
The following NEW packages will be installed:
  libglut3.12 libgumbo3 libmujs3 libmupdf25.1 mupdf
0 upgraded, 5 newly installed, 0 to remove and 0 not upgraded.
1 not fully installed or removed.
Need to get 32.9 MB of archives.
After this operation, 83.3 MB of additional disk space will be used.
Get:1 http://localhost/aptly-repo/master_trixie-main trixie/main amd64 libglut3.12 amd64 3.4.0-4 [139 kB]
Get:2 http://localhost/aptly-repo/master_trixie-main trixie/main amd64 libgumbo3 amd64 0.13.0+dfsg-2 [111 kB]
Get:3 http://localhost/aptly-repo/master_trixie-main trixie/main amd64 libmujs3 amd64 1.3.6-1 [125 kB]
Get:4 http://localhost/aptly-repo/master_trixie-main trixie/main amd64 libmupdf25.1 amd64 1.25.1+ds1-6 [30.7 MB]
Get:5 http://localhost/aptly-repo/master_trixie-main trixie/main amd64 mupdf amd64 1.25.1+ds1-6 [1,885 kB]
dpkg-preconfigure: unable to re-open stdin: No such file or directory
Fetched 32.9 MB in 0s (159 MB/s)
E: Can not write log (Is /dev/pts mounted?) - posix_openpt (2: No such file or directory)
Selecting previously unselected package libglut3.12:amd64.
(Reading database ... 123200 files and directories currently installed.)
Preparing to unpack .../libglut3.12_3.4.0-4_amd64.deb ...
Unpacking libglut3.12:amd64 (3.4.0-4) ...
Selecting previously unselected package libgumbo3:amd64.
Preparing to unpack .../libgumbo3_0.13.0+dfsg-2_amd64.deb ...
Unpacking libgumbo3:amd64 (0.13.0+dfsg-2) ...
Selecting previously unselected package libmujs3:amd64.
Preparing to unpack .../libmujs3_1.3.6-1_amd64.deb ...
Unpacking libmujs3:amd64 (1.3.6-1) ...
Selecting previously unselected package libmupdf25.1.
Preparing to unpack .../libmupdf25.1_1.25.1+ds1-6_amd64.deb ...
Unpacking libmupdf25.1 (1.25.1+ds1-6) ...
Selecting previously unselected package mupdf.
Preparing to unpack .../mupdf_1.25.1+ds1-6_amd64.deb ...
Unpacking mupdf (1.25.1+ds1-6) ...
Setting up libmujs3:amd64 (1.3.6-1) ...
Setting up libglut3.12:amd64 (3.4.0-4) ...
Setting up google-cloud-cli (549.0.1-0) ...
Fatal Python error: _Py_HashRandomization_Init: failed to get random numbers to initialize Python
Python runtime state: preinitialized

dpkg: error processing package google-cloud-cli (--configure):
 installed google-cloud-cli package post-installation script subprocess returned error exit status 1
Setting up libgumbo3:amd64 (0.13.0+dfsg-2) ...
Setting up libmupdf25.1 (1.25.1+ds1-6) ...
Setting up mupdf (1.25.1+ds1-6) ...
Processing triggers for libc-bin (2.41-12) ...
Processing triggers for hicolor-icon-theme (0.18-2) ...
Errors were encountered while processing:
 google-cloud-cli
E: Sub-process /usr/bin/dpkg returned an error code (1)
'./cld/doc/mupdf-help.txt' -> '/usr/local/cld/doc/mupdf-help.txt'
CLDS: * Install PDF reader: Mupdf.
CLDS: * Disk size = 5399352K. Space Used = 114004K. Runtime = 00:00:00:02.
