CLDS:>>>>>>>>> Running inst-std-graphic-gimp.sh ...
Reading package lists...
Building dependency tree...
Reading state information...
The following additional packages will be installed:
  gimp-data gir1.2-atk-1.0 gir1.2-babl-0.1 gir1.2-freedesktop
  gir1.2-gdkpixbuf-2.0 gir1.2-gegl-0.4 gir1.2-gimp-3.0 gir1.2-girepository-2.0
  gir1.2-glib-2.0 gir1.2-gtk-3.0 gir1.2-harfbuzz-0.0 gir1.2-pango-1.0 graphviz
  libaa1 libamd3 libann0 libappstream-glib8 libbabl-0.1-0 libcamd3 libccolamd3
  libcdt5 libcfitsio10t64 libcgraph6 libcholmod5 libcolamd3 libexiv2-28
  libexiv2-data libgegl-0.4-0t64 libgegl-common libgexiv2-2 libgfortran5
  libgimp-3.0-0 libgirepository-1.0-1 libgpm2 libgts-0.7-5t64 libgvc6 libgvpr2
  libharfbuzz-gobject0 libimath-3-1-29t64 libinih1 libinireader0 libjson-c5
  libjson-glib-1.0-0 libjson-glib-1.0-common liblab-gamut1 liblapack3 libltdl7
  libmypaint-1.5-1 libmypaint-common libopenexr-3-1-30 libpathplan4
  libpoppler-glib8t64 libraw23t64 librsvg2-common libsuitesparseconfig7
  libumfpack6 libwmf-0.2-7 python3-gi xdg-utils
Suggested packages:
  gimp-data-extras gimp-help-en | gimp-help gvfs-backends gsfonts graphviz-doc
  exiv2 gpm libwmf-0.2-7-gtk
Recommended packages:
  ghostscript libgts-bin libnet-dbus-perl libx11-protocol-perl x11-utils
  x11-xserver-utils
The following NEW packages will be installed:
  gimp gimp-data gir1.2-atk-1.0 gir1.2-babl-0.1 gir1.2-freedesktop
  gir1.2-gdkpixbuf-2.0 gir1.2-gegl-0.4 gir1.2-gimp-3.0 gir1.2-girepository-2.0
  gir1.2-glib-2.0 gir1.2-gtk-3.0 gir1.2-harfbuzz-0.0 gir1.2-pango-1.0 graphviz
  libaa1 libamd3 libann0 libappstream-glib8 libbabl-0.1-0 libcamd3 libccolamd3
  libcdt5 libcfitsio10t64 libcgraph6 libcholmod5 libcolamd3 libexiv2-28
  libexiv2-data libgegl-0.4-0t64 libgegl-common libgexiv2-2 libgfortran5
  libgimp-3.0-0 libgirepository-1.0-1 libgpm2 libgts-0.7-5t64 libgvc6 libgvpr2
  libharfbuzz-gobject0 libimath-3-1-29t64 libinih1 libinireader0 libjson-c5
  libjson-glib-1.0-0 libjson-glib-1.0-common liblab-gamut1 liblapack3 libltdl7
  libmypaint-1.5-1 libmypaint-common libopenexr-3-1-30 libpathplan4
  libpoppler-glib8t64 libraw23t64 librsvg2-common libsuitesparseconfig7
  libumfpack6 libwmf-0.2-7 python3-gi xdg-utils
0 upgraded, 60 newly installed, 0 to remove and 0 not upgraded.
1 not fully installed or removed.
Need to get 36.9 MB of archives.
After this operation, 192 MB of additional disk space will be used.
Get:1 http://localhost/aptly-repo/master_trixie-main trixie/main amd64 gimp-data all 3.0.4-3+deb13u2 [12.3 MB]
Get:2 http://localhost/aptly-repo/master_trixie-main trixie/main amd64 libbabl-0.1-0 amd64 1:0.1.114-2 [412 kB]
Get:3 http://localhost/aptly-repo/master_trixie-main trixie/main amd64 gir1.2-babl-0.1 amd64 1:0.1.114-2 [7,600 B]
Get:4 http://localhost/aptly-repo/master_trixie-main trixie/main amd64 gir1.2-glib-2.0 amd64 2.84.4-3~deb13u1 [199 kB]
Get:5 http://localhost/aptly-repo/master_trixie-main trixie/main amd64 gir1.2-freedesktop amd64 1.84.0-1 [60.5 kB]
Get:6 http://localhost/aptly-repo/master_trixie-main trixie/main amd64 gir1.2-gdkpixbuf-2.0 amd64 2.42.12+dfsg-4 [14.4 kB]
Get:7 http://localhost/aptly-repo/master_trixie-main trixie/main amd64 libjson-glib-1.0-common all 1.10.6+ds-2 [62.3 kB]
Get:8 http://localhost/aptly-repo/master_trixie-main trixie/main amd64 libjson-glib-1.0-0 amd64 1.10.6+ds-2 [64.4 kB]
Get:9 http://localhost/aptly-repo/master_trixie-main trixie/main amd64 libimath-3-1-29t64 amd64 3.1.12-1+b3 [45.5 kB]
Get:10 http://localhost/aptly-repo/master_trixie-main trixie/main amd64 libopenexr-3-1-30 amd64 3.1.13-2 [945 kB]
Get:11 http://localhost/aptly-repo/master_trixie-main trixie/main amd64 libpoppler-glib8t64 amd64 25.03.0-5+deb13u2 [155 kB]
Get:12 http://localhost/aptly-repo/master_trixie-main trixie/main amd64 libraw23t64 amd64 0.21.4-2 [390 kB]
Get:13 http://localhost/aptly-repo/master_trixie-main trixie/main amd64 libsuitesparseconfig7 amd64 1:7.10.1+dfsg-1 [32.3 kB]
Get:14 http://localhost/aptly-repo/master_trixie-main trixie/main amd64 libamd3 amd64 1:7.10.1+dfsg-1 [49.2 kB]
Get:15 http://localhost/aptly-repo/master_trixie-main trixie/main amd64 libcamd3 amd64 1:7.10.1+dfsg-1 [45.9 kB]
Get:16 http://localhost/aptly-repo/master_trixie-main trixie/main amd64 libccolamd3 amd64 1:7.10.1+dfsg-1 [47.7 kB]
Get:17 http://localhost/aptly-repo/master_trixie-main trixie/main amd64 libcolamd3 amd64 1:7.10.1+dfsg-1 [41.0 kB]
Get:18 http://localhost/aptly-repo/master_trixie-main trixie/main amd64 libgfortran5 amd64 14.2.0-19 [836 kB]
Get:19 http://localhost/aptly-repo/master_trixie-main trixie/main amd64 liblapack3 amd64 3.12.1-6 [2,447 kB]
Get:20 http://localhost/aptly-repo/master_trixie-main trixie/main amd64 libcholmod5 amd64 1:7.10.1+dfsg-1 [648 kB]
Get:21 http://localhost/aptly-repo/master_trixie-main trixie/main amd64 libumfpack6 amd64 1:7.10.1+dfsg-1 [288 kB]
Get:22 http://localhost/aptly-repo/master_trixie-main trixie/main amd64 libgegl-common all 1:0.4.62-2+deb13u1 [826 kB]
Get:23 http://localhost/aptly-repo/master_trixie-main trixie/main amd64 libgegl-0.4-0t64 amd64 1:0.4.62-2+deb13u1 [1,886 kB]
Get:24 http://localhost/aptly-repo/master_trixie-main trixie/main amd64 gir1.2-gegl-0.4 amd64 1:0.4.62-2+deb13u1 [33.4 kB]
Get:25 http://localhost/aptly-repo/master_trixie-main trixie/main amd64 gir1.2-atk-1.0 amd64 2.56.2-1 [25.9 kB]
Get:26 http://localhost/aptly-repo/master_trixie-main trixie/main amd64 libharfbuzz-gobject0 amd64 10.2.0-1+b1 [33.1 kB]
Get:27 http://localhost/aptly-repo/master_trixie-main trixie/main amd64 gir1.2-harfbuzz-0.0 amd64 10.2.0-1+b1 [42.4 kB]
Get:28 http://localhost/aptly-repo/master_trixie-main trixie/main amd64 gir1.2-pango-1.0 amd64 1.56.3-1 [39.1 kB]
Get:29 http://localhost/aptly-repo/master_trixie-main trixie/main amd64 gir1.2-gtk-3.0 amd64 3.24.49-3 [224 kB]
Get:30 http://localhost/aptly-repo/master_trixie-main trixie/main amd64 libinih1 amd64 59-1 [6,808 B]
Get:31 http://localhost/aptly-repo/master_trixie-main trixie/main amd64 libinireader0 amd64 59-1 [13.4 kB]
Get:32 http://localhost/aptly-repo/master_trixie-main trixie/main amd64 libexiv2-data all 0.28.5+dfsg-1 [1,775 kB]
Get:33 http://localhost/aptly-repo/master_trixie-main trixie/main amd64 libexiv2-28 amd64 0.28.5+dfsg-1 [923 kB]
Get:34 http://localhost/aptly-repo/master_trixie-main trixie/main amd64 libgexiv2-2 amd64 0.14.3-1+b1 [83.9 kB]
Get:35 http://localhost/aptly-repo/master_trixie-main trixie/main amd64 libgirepository-1.0-1 amd64 1.84.0-1 [116 kB]
Get:36 http://localhost/aptly-repo/master_trixie-main trixie/main amd64 libgimp-3.0-0 amd64 3.0.4-3+deb13u2 [1,044 kB]
Get:37 http://localhost/aptly-repo/master_trixie-main trixie/main amd64 gir1.2-gimp-3.0 amd64 3.0.4-3+deb13u2 [93.2 kB]
Get:38 http://localhost/aptly-repo/master_trixie-main trixie/main amd64 libann0 amd64 1.1.2+doc-9+b1 [25.1 kB]
Get:39 http://localhost/aptly-repo/master_trixie-main trixie/main amd64 libcdt5 amd64 2.42.4-3 [40.3 kB]
Get:40 http://localhost/aptly-repo/master_trixie-main trixie/main amd64 libcgraph6 amd64 2.42.4-3 [64.0 kB]
Get:41 http://localhost/aptly-repo/master_trixie-main trixie/main amd64 libgts-0.7-5t64 amd64 0.7.6+darcs121130-5.2+b1 [160 kB]
Get:42 http://localhost/aptly-repo/master_trixie-main trixie/main amd64 libltdl7 amd64 2.5.4-4 [416 kB]
Get:43 http://localhost/aptly-repo/master_trixie-main trixie/main amd64 libpathplan4 amd64 2.42.4-3 [42.6 kB]
Get:44 http://localhost/aptly-repo/master_trixie-main trixie/main amd64 libgvc6 amd64 2.42.4-3 [686 kB]
Get:45 http://localhost/aptly-repo/master_trixie-main trixie/main amd64 libgvpr2 amd64 2.42.4-3 [192 kB]
Get:46 http://localhost/aptly-repo/master_trixie-main trixie/main amd64 liblab-gamut1 amd64 2.42.4-3 [198 kB]
Get:47 http://localhost/aptly-repo/master_trixie-main trixie/main amd64 graphviz amd64 2.42.4-3 [621 kB]
Get:48 http://localhost/aptly-repo/master_trixie-main trixie/main amd64 librsvg2-common amd64 2.60.0+dfsg-1 [154 kB]
Get:49 http://localhost/aptly-repo/master_trixie-main trixie/main amd64 gir1.2-girepository-2.0 amd64 1.84.0-1 [39.7 kB]
Get:50 http://localhost/aptly-repo/master_trixie-main trixie/main amd64 python3-gi amd64 3.50.0-4+b1 [236 kB]
Get:51 http://localhost/aptly-repo/master_trixie-main trixie/main amd64 xdg-utils all 1.2.1-2 [75.8 kB]
Get:52 http://localhost/aptly-repo/master_trixie-main trixie/main amd64 libgpm2 amd64 1.20.7-11+b2 [14.4 kB]
Get:53 http://localhost/aptly-repo/master_trixie-main trixie/main amd64 libaa1 amd64 1.4p5-51.1+b1 [50.0 kB]
Get:54 http://localhost/aptly-repo/master_trixie-main trixie/main amd64 libappstream-glib8 amd64 0.8.3-1 [147 kB]
Get:55 http://localhost/aptly-repo/master_trixie-main trixie/main amd64 libcfitsio10t64 amd64 4.6.2-2 [577 kB]
Get:56 http://localhost/aptly-repo/master_trixie-main trixie/main amd64 libjson-c5 amd64 0.18+ds-1 [46.0 kB]
Get:57 http://localhost/aptly-repo/master_trixie-main trixie/main amd64 libmypaint-common all 1.6.0-4 [140 kB]
Get:58 http://localhost/aptly-repo/master_trixie-main trixie/main amd64 libmypaint-1.5-1 amd64 1.6.0-4 [51.1 kB]
Get:59 http://localhost/aptly-repo/master_trixie-main trixie/main amd64 libwmf-0.2-7 amd64 0.2.13-1.1+b3 [119 kB]
Get:60 http://localhost/aptly-repo/master_trixie-main trixie/main amd64 gimp amd64 3.0.4-3+deb13u2 [6,548 kB]
dpkg-preconfigure: unable to re-open stdin: No such file or directory
Fetched 36.9 MB in 0s (160 MB/s)
E: Can not write log (Is /dev/pts mounted?) - posix_openpt (2: No such file or directory)
Selecting previously unselected package gimp-data.
(Reading database ... 124832 files and directories currently installed.)
Preparing to unpack .../00-gimp-data_3.0.4-3+deb13u2_all.deb ...
Unpacking gimp-data (3.0.4-3+deb13u2) ...
Selecting previously unselected package libbabl-0.1-0:amd64.
Preparing to unpack .../01-libbabl-0.1-0_1%3a0.1.114-2_amd64.deb ...
Unpacking libbabl-0.1-0:amd64 (1:0.1.114-2) ...
Selecting previously unselected package gir1.2-babl-0.1:amd64.
Preparing to unpack .../02-gir1.2-babl-0.1_1%3a0.1.114-2_amd64.deb ...
Unpacking gir1.2-babl-0.1:amd64 (1:0.1.114-2) ...
Selecting previously unselected package gir1.2-glib-2.0:amd64.
Preparing to unpack .../03-gir1.2-glib-2.0_2.84.4-3~deb13u1_amd64.deb ...
Unpacking gir1.2-glib-2.0:amd64 (2.84.4-3~deb13u1) ...
Selecting previously unselected package gir1.2-freedesktop:amd64.
Preparing to unpack .../04-gir1.2-freedesktop_1.84.0-1_amd64.deb ...
Unpacking gir1.2-freedesktop:amd64 (1.84.0-1) ...
Selecting previously unselected package gir1.2-gdkpixbuf-2.0:amd64.
Preparing to unpack .../05-gir1.2-gdkpixbuf-2.0_2.42.12+dfsg-4_amd64.deb ...
Unpacking gir1.2-gdkpixbuf-2.0:amd64 (2.42.12+dfsg-4) ...
Selecting previously unselected package libjson-glib-1.0-common.
Preparing to unpack .../06-libjson-glib-1.0-common_1.10.6+ds-2_all.deb ...
Unpacking libjson-glib-1.0-common (1.10.6+ds-2) ...
Selecting previously unselected package libjson-glib-1.0-0:amd64.
Preparing to unpack .../07-libjson-glib-1.0-0_1.10.6+ds-2_amd64.deb ...
Unpacking libjson-glib-1.0-0:amd64 (1.10.6+ds-2) ...
Selecting previously unselected package libimath-3-1-29t64:amd64.
Preparing to unpack .../08-libimath-3-1-29t64_3.1.12-1+b3_amd64.deb ...
Unpacking libimath-3-1-29t64:amd64 (3.1.12-1+b3) ...
Selecting previously unselected package libopenexr-3-1-30:amd64.
Preparing to unpack .../09-libopenexr-3-1-30_3.1.13-2_amd64.deb ...
Unpacking libopenexr-3-1-30:amd64 (3.1.13-2) ...
Selecting previously unselected package libpoppler-glib8t64:amd64.
Preparing to unpack .../10-libpoppler-glib8t64_25.03.0-5+deb13u2_amd64.deb ...
Unpacking libpoppler-glib8t64:amd64 (25.03.0-5+deb13u2) ...
Selecting previously unselected package libraw23t64:amd64.
Preparing to unpack .../11-libraw23t64_0.21.4-2_amd64.deb ...
Unpacking libraw23t64:amd64 (0.21.4-2) ...
Selecting previously unselected package libsuitesparseconfig7:amd64.
Preparing to unpack .../12-libsuitesparseconfig7_1%3a7.10.1+dfsg-1_amd64.deb ...
Unpacking libsuitesparseconfig7:amd64 (1:7.10.1+dfsg-1) ...
Selecting previously unselected package libamd3:amd64.
Preparing to unpack .../13-libamd3_1%3a7.10.1+dfsg-1_amd64.deb ...
Unpacking libamd3:amd64 (1:7.10.1+dfsg-1) ...
Selecting previously unselected package libcamd3:amd64.
Preparing to unpack .../14-libcamd3_1%3a7.10.1+dfsg-1_amd64.deb ...
Unpacking libcamd3:amd64 (1:7.10.1+dfsg-1) ...
Selecting previously unselected package libccolamd3:amd64.
Preparing to unpack .../15-libccolamd3_1%3a7.10.1+dfsg-1_amd64.deb ...
Unpacking libccolamd3:amd64 (1:7.10.1+dfsg-1) ...
Selecting previously unselected package libcolamd3:amd64.
Preparing to unpack .../16-libcolamd3_1%3a7.10.1+dfsg-1_amd64.deb ...
Unpacking libcolamd3:amd64 (1:7.10.1+dfsg-1) ...
Selecting previously unselected package libgfortran5:amd64.
Preparing to unpack .../17-libgfortran5_14.2.0-19_amd64.deb ...
Unpacking libgfortran5:amd64 (14.2.0-19) ...
Selecting previously unselected package liblapack3:amd64.
Preparing to unpack .../18-liblapack3_3.12.1-6_amd64.deb ...
Unpacking liblapack3:amd64 (3.12.1-6) ...
Selecting previously unselected package libcholmod5:amd64.
Preparing to unpack .../19-libcholmod5_1%3a7.10.1+dfsg-1_amd64.deb ...
Unpacking libcholmod5:amd64 (1:7.10.1+dfsg-1) ...
Selecting previously unselected package libumfpack6:amd64.
Preparing to unpack .../20-libumfpack6_1%3a7.10.1+dfsg-1_amd64.deb ...
Unpacking libumfpack6:amd64 (1:7.10.1+dfsg-1) ...
Selecting previously unselected package libgegl-common.
Preparing to unpack .../21-libgegl-common_1%3a0.4.62-2+deb13u1_all.deb ...
Unpacking libgegl-common (1:0.4.62-2+deb13u1) ...
Selecting previously unselected package libgegl-0.4-0t64:amd64.
Preparing to unpack .../22-libgegl-0.4-0t64_1%3a0.4.62-2+deb13u1_amd64.deb ...
Unpacking libgegl-0.4-0t64:amd64 (1:0.4.62-2+deb13u1) ...
Selecting previously unselected package gir1.2-gegl-0.4:amd64.
Preparing to unpack .../23-gir1.2-gegl-0.4_1%3a0.4.62-2+deb13u1_amd64.deb ...
Unpacking gir1.2-gegl-0.4:amd64 (1:0.4.62-2+deb13u1) ...
Selecting previously unselected package gir1.2-atk-1.0:amd64.
Preparing to unpack .../24-gir1.2-atk-1.0_2.56.2-1_amd64.deb ...
Unpacking gir1.2-atk-1.0:amd64 (2.56.2-1) ...
Selecting previously unselected package libharfbuzz-gobject0:amd64.
Preparing to unpack .../25-libharfbuzz-gobject0_10.2.0-1+b1_amd64.deb ...
Unpacking libharfbuzz-gobject0:amd64 (10.2.0-1+b1) ...
Selecting previously unselected package gir1.2-harfbuzz-0.0:amd64.
Preparing to unpack .../26-gir1.2-harfbuzz-0.0_10.2.0-1+b1_amd64.deb ...
Unpacking gir1.2-harfbuzz-0.0:amd64 (10.2.0-1+b1) ...
Selecting previously unselected package gir1.2-pango-1.0:amd64.
Preparing to unpack .../27-gir1.2-pango-1.0_1.56.3-1_amd64.deb ...
Unpacking gir1.2-pango-1.0:amd64 (1.56.3-1) ...
Selecting previously unselected package gir1.2-gtk-3.0:amd64.
Preparing to unpack .../28-gir1.2-gtk-3.0_3.24.49-3_amd64.deb ...
Unpacking gir1.2-gtk-3.0:amd64 (3.24.49-3) ...
Selecting previously unselected package libinih1:amd64.
Preparing to unpack .../29-libinih1_59-1_amd64.deb ...
Unpacking libinih1:amd64 (59-1) ...
Selecting previously unselected package libinireader0:amd64.
Preparing to unpack .../30-libinireader0_59-1_amd64.deb ...
Unpacking libinireader0:amd64 (59-1) ...
Selecting previously unselected package libexiv2-data.
Preparing to unpack .../31-libexiv2-data_0.28.5+dfsg-1_all.deb ...
Unpacking libexiv2-data (0.28.5+dfsg-1) ...
Selecting previously unselected package libexiv2-28:amd64.
Preparing to unpack .../32-libexiv2-28_0.28.5+dfsg-1_amd64.deb ...
Unpacking libexiv2-28:amd64 (0.28.5+dfsg-1) ...
Selecting previously unselected package libgexiv2-2:amd64.
Preparing to unpack .../33-libgexiv2-2_0.14.3-1+b1_amd64.deb ...
Unpacking libgexiv2-2:amd64 (0.14.3-1+b1) ...
Selecting previously unselected package libgirepository-1.0-1:amd64.
Preparing to unpack .../34-libgirepository-1.0-1_1.84.0-1_amd64.deb ...
Unpacking libgirepository-1.0-1:amd64 (1.84.0-1) ...
Selecting previously unselected package libgimp-3.0-0:amd64.
Preparing to unpack .../35-libgimp-3.0-0_3.0.4-3+deb13u2_amd64.deb ...
Unpacking libgimp-3.0-0:amd64 (3.0.4-3+deb13u2) ...
Selecting previously unselected package gir1.2-gimp-3.0:amd64.
Preparing to unpack .../36-gir1.2-gimp-3.0_3.0.4-3+deb13u2_amd64.deb ...
Unpacking gir1.2-gimp-3.0:amd64 (3.0.4-3+deb13u2) ...
Selecting previously unselected package libann0.
Preparing to unpack .../37-libann0_1.1.2+doc-9+b1_amd64.deb ...
Unpacking libann0 (1.1.2+doc-9+b1) ...
Selecting previously unselected package libcdt5:amd64.
Preparing to unpack .../38-libcdt5_2.42.4-3_amd64.deb ...
Unpacking libcdt5:amd64 (2.42.4-3) ...
Selecting previously unselected package libcgraph6:amd64.
Preparing to unpack .../39-libcgraph6_2.42.4-3_amd64.deb ...
Unpacking libcgraph6:amd64 (2.42.4-3) ...
Selecting previously unselected package libgts-0.7-5t64:amd64.
Preparing to unpack .../40-libgts-0.7-5t64_0.7.6+darcs121130-5.2+b1_amd64.deb ...
Unpacking libgts-0.7-5t64:amd64 (0.7.6+darcs121130-5.2+b1) ...
Selecting previously unselected package libltdl7:amd64.
Preparing to unpack .../41-libltdl7_2.5.4-4_amd64.deb ...
Unpacking libltdl7:amd64 (2.5.4-4) ...
Selecting previously unselected package libpathplan4:amd64.
Preparing to unpack .../42-libpathplan4_2.42.4-3_amd64.deb ...
Unpacking libpathplan4:amd64 (2.42.4-3) ...
Selecting previously unselected package libgvc6.
Preparing to unpack .../43-libgvc6_2.42.4-3_amd64.deb ...
Unpacking libgvc6 (2.42.4-3) ...
Selecting previously unselected package libgvpr2:amd64.
Preparing to unpack .../44-libgvpr2_2.42.4-3_amd64.deb ...
Unpacking libgvpr2:amd64 (2.42.4-3) ...
Selecting previously unselected package liblab-gamut1:amd64.
Preparing to unpack .../45-liblab-gamut1_2.42.4-3_amd64.deb ...
Unpacking liblab-gamut1:amd64 (2.42.4-3) ...
Selecting previously unselected package graphviz.
Preparing to unpack .../46-graphviz_2.42.4-3_amd64.deb ...
Unpacking graphviz (2.42.4-3) ...
Selecting previously unselected package librsvg2-common:amd64.
Preparing to unpack .../47-librsvg2-common_2.60.0+dfsg-1_amd64.deb ...
Unpacking librsvg2-common:amd64 (2.60.0+dfsg-1) ...
Selecting previously unselected package gir1.2-girepository-2.0:amd64.
Preparing to unpack .../48-gir1.2-girepository-2.0_1.84.0-1_amd64.deb ...
Unpacking gir1.2-girepository-2.0:amd64 (1.84.0-1) ...
Selecting previously unselected package python3-gi.
Preparing to unpack .../49-python3-gi_3.50.0-4+b1_amd64.deb ...
Unpacking python3-gi (3.50.0-4+b1) ...
Selecting previously unselected package xdg-utils.
Preparing to unpack .../50-xdg-utils_1.2.1-2_all.deb ...
Unpacking xdg-utils (1.2.1-2) ...
Selecting previously unselected package libgpm2:amd64.
Preparing to unpack .../51-libgpm2_1.20.7-11+b2_amd64.deb ...
Unpacking libgpm2:amd64 (1.20.7-11+b2) ...
Selecting previously unselected package libaa1:amd64.
Preparing to unpack .../52-libaa1_1.4p5-51.1+b1_amd64.deb ...
Unpacking libaa1:amd64 (1.4p5-51.1+b1) ...
Selecting previously unselected package libappstream-glib8:amd64.
Preparing to unpack .../53-libappstream-glib8_0.8.3-1_amd64.deb ...
Unpacking libappstream-glib8:amd64 (0.8.3-1) ...
Selecting previously unselected package libcfitsio10t64:amd64.
Preparing to unpack .../54-libcfitsio10t64_4.6.2-2_amd64.deb ...
Unpacking libcfitsio10t64:amd64 (4.6.2-2) ...
Selecting previously unselected package libjson-c5:amd64.
Preparing to unpack .../55-libjson-c5_0.18+ds-1_amd64.deb ...
Unpacking libjson-c5:amd64 (0.18+ds-1) ...
Selecting previously unselected package libmypaint-common.
Preparing to unpack .../56-libmypaint-common_1.6.0-4_all.deb ...
Unpacking libmypaint-common (1.6.0-4) ...
Selecting previously unselected package libmypaint-1.5-1:amd64.
Preparing to unpack .../57-libmypaint-1.5-1_1.6.0-4_amd64.deb ...
Unpacking libmypaint-1.5-1:amd64 (1.6.0-4) ...
Selecting previously unselected package libwmf-0.2-7:amd64.
Preparing to unpack .../58-libwmf-0.2-7_0.2.13-1.1+b3_amd64.deb ...
Unpacking libwmf-0.2-7:amd64 (0.2.13-1.1+b3) ...
Selecting previously unselected package gimp.
Preparing to unpack .../59-gimp_3.0.4-3+deb13u2_amd64.deb ...
Unpacking gimp (3.0.4-3+deb13u2) ...
Setting up libgpm2:amd64 (1.20.7-11+b2) ...
Setting up libappstream-glib8:amd64 (0.8.3-1) ...
Setting up libmypaint-common (1.6.0-4) ...
Setting up libinih1:amd64 (59-1) ...
Setting up libbabl-0.1-0:amd64 (1:0.1.114-2) ...
Setting up liblab-gamut1:amd64 (2.42.4-3) ...
Setting up libharfbuzz-gobject0:amd64 (10.2.0-1+b1) ...
Setting up libpoppler-glib8t64:amd64 (25.03.0-5+deb13u2) ...
Setting up libcfitsio10t64:amd64 (4.6.2-2) ...
Setting up libwmf-0.2-7:amd64 (0.2.13-1.1+b3) ...
Setting up libpathplan4:amd64 (2.42.4-3) ...
Setting up libann0 (1.1.2+doc-9+b1) ...
Setting up libimath-3-1-29t64:amd64 (3.1.12-1+b3) ...
Setting up google-cloud-cli (549.0.1-0) ...
Fatal Python error: _Py_HashRandomization_Init: failed to get random numbers to initialize Python
Python runtime state: preinitialized

dpkg: error processing package google-cloud-cli (--configure):
 installed google-cloud-cli package post-installation script subprocess returned error exit status 1
Setting up libexiv2-data (0.28.5+dfsg-1) ...
Setting up gir1.2-glib-2.0:amd64 (2.84.4-3~deb13u1) ...
Setting up librsvg2-common:amd64 (2.60.0+dfsg-1) ...
Setting up libltdl7:amd64 (2.5.4-4) ...
Setting up libgfortran5:amd64 (14.2.0-19) ...
Setting up libraw23t64:amd64 (0.21.4-2) ...
Setting up gimp-data (3.0.4-3+deb13u2) ...
Setting up libgegl-common (1:0.4.62-2+deb13u1) ...
Setting up libsuitesparseconfig7:amd64 (1:7.10.1+dfsg-1) ...
Setting up libgirepository-1.0-1:amd64 (1.84.0-1) ...
Setting up libgts-0.7-5t64:amd64 (0.7.6+darcs121130-5.2+b1) ...
Setting up libjson-glib-1.0-common (1.10.6+ds-2) ...
Setting up libcdt5:amd64 (2.42.4-3) ...
Setting up libcgraph6:amd64 (2.42.4-3) ...
Setting up gir1.2-babl-0.1:amd64 (1:0.1.114-2) ...
Setting up libjson-c5:amd64 (0.18+ds-1) ...
Setting up xdg-utils (1.2.1-2) ...
update-alternatives: using /usr/bin/xdg-open to provide /usr/bin/open (open) in auto mode
Setting up libaa1:amd64 (1.4p5-51.1+b1) ...
Setting up liblapack3:amd64 (3.12.1-6) ...
update-alternatives: using /usr/lib/x86_64-linux-gnu/lapack/liblapack.so.3 to provide /usr/lib/x86_64-linux-gnu/liblapack.so.3 (liblapack.so.3-x86_64-linux-gnu) in auto mode
Setting up gir1.2-freedesktop:amd64 (1.84.0-1) ...
Setting up libamd3:amd64 (1:7.10.1+dfsg-1) ...
Setting up libinireader0:amd64 (59-1) ...
Setting up gir1.2-gdkpixbuf-2.0:amd64 (2.42.12+dfsg-4) ...
Setting up libcolamd3:amd64 (1:7.10.1+dfsg-1) ...
Setting up gir1.2-atk-1.0:amd64 (2.56.2-1) ...
Setting up gir1.2-harfbuzz-0.0:amd64 (10.2.0-1+b1) ...
Setting up libexiv2-28:amd64 (0.28.5+dfsg-1) ...
Setting up libcamd3:amd64 (1:7.10.1+dfsg-1) ...
Setting up libmypaint-1.5-1:amd64 (1.6.0-4) ...
Setting up libjson-glib-1.0-0:amd64 (1.10.6+ds-2) ...
Setting up gir1.2-pango-1.0:amd64 (1.56.3-1) ...
Setting up gir1.2-girepository-2.0:amd64 (1.84.0-1) ...
Setting up libopenexr-3-1-30:amd64 (3.1.13-2) ...
Setting up python3-gi (3.50.0-4+b1) ...
Setting up libgvc6 (2.42.4-3) ...
Setting up libccolamd3:amd64 (1:7.10.1+dfsg-1) ...
Setting up libgvpr2:amd64 (2.42.4-3) ...
Setting up libgexiv2-2:amd64 (0.14.3-1+b1) ...
Setting up graphviz (2.42.4-3) ...
Setting up libcholmod5:amd64 (1:7.10.1+dfsg-1) ...
Setting up gir1.2-gtk-3.0:amd64 (3.24.49-3) ...
Setting up libumfpack6:amd64 (1:7.10.1+dfsg-1) ...
Setting up libgegl-0.4-0t64:amd64 (1:0.4.62-2+deb13u1) ...
Setting up gir1.2-gegl-0.4:amd64 (1:0.4.62-2+deb13u1) ...
Setting up libgimp-3.0-0:amd64 (3.0.4-3+deb13u2) ...
Setting up gir1.2-gimp-3.0:amd64 (3.0.4-3+deb13u2) ...
Processing triggers for desktop-file-utils (0.28-1) ...
Processing triggers for hicolor-icon-theme (0.18-2) ...
Processing triggers for libc-bin (2.41-12) ...
Processing triggers for libgdk-pixbuf-2.0-0:amd64 (2.42.12+dfsg-4) ...
Processing triggers for menu (2.1.51) ...
Setting up gimp (3.0.4-3+deb13u2) ...
Errors were encountered while processing:
 google-cloud-cli
E: Sub-process /usr/bin/dpkg returned an error code (1)
CLDS: * Disk size = 5593972K. Space Used = 165912K. Runtime = 00:00:00:06.
