CLDS:>>>>>>>>> Running inst-xtra-vboxguest-additions-iso.sh ...
Reading package lists...
Building dependency tree...
Reading state information...
You might want to run 'apt --fix-broken install' to correct these.
The following packages have unmet dependencies:
 linux-headers-amd64 : Depends: linux-headers-6.19.11+deb13-amd64 (= 6.19.11-1~bpo13+1) but it is not going to be installed
 microsoft-edge-stable : Depends: libatk-bridge2.0-0 (>= 2.5.3)
                         Depends: libatk1.0-0 (>= 2.11.90)
                         Depends: libatspi2.0-0 (>= 2.9.90)
                         Depends: libgtk-3-0 (>= 3.9.10) or
                                  libgtk-4-1 but it is not going to be installed
                         Depends: xdg-utils (>= 1.0.2) but it is not going to be installed
E: Unmet dependencies. Try 'apt --fix-broken install' with no packages (or specify a solution).
E: The following information from --solver 3.0 may provide additional context:
   Unmet dependencies. Try 'apt --fix-broken install' with no packages (or specify a solution).
Reading package lists...
Building dependency tree...
Reading state information...
libc6-dev is already the newest version (2.41-12+deb13u2).
libc6-dev set to manually installed.
You might want to run 'apt --fix-broken install' to correct these.
The following packages have unmet dependencies:
 build-essential : Depends: g++ (>= 4:14.2) but it is not going to be installed
                   Depends: make but it is not going to be installed
                   Depends: dpkg-dev (>= 1.22.11) but it is not going to be installed
 dkms : Depends: dpkg-dev but it is not going to be installed
        Depends: patch but it is not going to be installed
 microsoft-edge-stable : Depends: libatk-bridge2.0-0 (>= 2.5.3)
                         Depends: libatk1.0-0 (>= 2.11.90)
                         Depends: libatspi2.0-0 (>= 2.9.90)
                         Depends: libgtk-3-0 (>= 3.9.10) or
                                  libgtk-4-1 but it is not going to be installed
                         Depends: xdg-utils (>= 1.0.2) but it is not going to be installed
E: Unmet dependencies. Try 'apt --fix-broken install' with no packages (or specify a solution).
E: The following information from --solver 3.0 may provide additional context:
   Unmet dependencies. Try 'apt --fix-broken install' with no packages (or specify a solution).
Reading package lists...
Building dependency tree...
Reading state information...
You might want to run 'apt --fix-broken install' to correct these.
The following packages have unmet dependencies:
 linux-headers-6.19.11+deb13-amd64 : Depends: gcc-14-for-host but it is not going to be installed
                                     Depends: linux-headers-6.19.11+deb13-common (= 6.19.11-1~bpo13+1) but it is not going to be installed
                                     Depends: linux-kbuild-6.19.11+deb13 but it is not going to be installed
 microsoft-edge-stable : Depends: libatk-bridge2.0-0 (>= 2.5.3)
                         Depends: libatk1.0-0 (>= 2.11.90)
                         Depends: libatspi2.0-0 (>= 2.9.90)
                         Depends: libgtk-3-0 (>= 3.9.10) or
                                  libgtk-4-1 but it is not going to be installed
                         Depends: xdg-utils (>= 1.0.2) but it is not going to be installed
E: Unmet dependencies. Try 'apt --fix-broken install' with no packages (or specify a solution).
E: The following information from --solver 3.0 may provide additional context:
   Unmet dependencies. Try 'apt --fix-broken install' with no packages (or specify a solution).
chmod: changing permissions of './VBoxLinuxAdditions.run': Read-only file system
modinfo: ERROR: Module vboxguest not found.
CLDS: * WARNING: Use this script only if backport repository doesn't work.
CLDS: * Install VirtualBox guest additions to Shared folder/clipboard, auto window scaling, etc.
CLDS: * Assumed packages installed: bzip2 & Xserver installed.
CLDS: * VirtualBox guest additions installed: ERROR: VirtualBox guest additions installation failed!.
CLDS: * Delete VBoxGuestAdditions.iso[51900K]. Space used could be negative due to this deletion.
CLDS: * Disk size = 6725696K. Space Used = -51880K. Runtime = 00:00:00:01.
