CLDS:>>>>>>>>> Running inst-min-win-01-wm-terminal-xfce.sh ...
Reading package lists...
Building dependency tree...
Reading state information...
libxfce4ui-2-0 is already the newest version (4.20.1-1).
libxfce4ui-2-0 set to manually installed.
0 upgraded, 0 newly installed, 0 to remove and 2 not upgraded.
Reading package lists...
Building dependency tree...
Reading state information...
exo-utils is already the newest version (4.20.0-1).
exo-utils set to manually installed.
0 upgraded, 0 newly installed, 0 to remove and 2 not upgraded.
Reading package lists...
Building dependency tree...
Reading state information...
xfce4-terminal is already the newest version (1.1.4-1).
xfce4-terminal set to manually installed.
0 upgraded, 0 newly installed, 0 to remove and 2 not upgraded.
CLDS: * Install terminal: xfce4-terminal.
<<<<<<< HEAD
CLDS: * Disk size = 5633916K. Space Used = 4K. Runtime = 00:00:00:01.
=======
CLDS: * Disk size = 5573956K. Space Used = 4K. Runtime = 00:00:00:01.
>>>>>>> 1c18ea0c5ebca1f2d28db4992054888879224aca
