CLDS:>>>>>>>>> Running inst-xtra-remmina.sh ...
Reading package lists...
Building dependency tree...
Reading state information...
You might want to run 'apt --fix-broken install' to correct these.
The following packages have unmet dependencies:
 microsoft-edge-stable : Depends: libatk-bridge2.0-0 (>= 2.5.3)
                         Depends: libatk1.0-0 (>= 2.11.90)
                         Depends: libatspi2.0-0 (>= 2.9.90)
                         Depends: libgtk-3-0 (>= 3.9.10) or
                                  libgtk-4-1 but it is not going to be installed
                         Depends: xdg-utils (>= 1.0.2) but it is not going to be installed
 remmina : Depends: libavahi-ui-gtk3-0 (>= 0.6.30) but it is not going to be installed
           Depends: libayatana-appindicator3-1 (>= 0.4.90) but it is not going to be installed
           Depends: libgtk-3-0t64 (>= 3.21.5) but it is not going to be installed
           Depends: libjson-glib-1.0-0 (>= 1.5.2) but it is not going to be installed
           Depends: libssh-4 (>= 0.8.1) but it is not going to be installed
           Depends: libvte-2.91-0 (>= 0.51.90) but it is not going to be installed
           Depends: remmina-common (= 1.4.39+dfsg-1) but it is not going to be installed
           Depends: default-dbus-session-bus or
                    dbus-session-bus
 remmina-plugin-rdp : Depends: libfreerdp-client3-3 (>= 3.5.0~) but it is not going to be installed
                      Depends: libfreerdp3-3 (>= 3.5.0~) but it is not going to be installed
                      Depends: libgtk-3-0t64 (>= 3.21.4) but it is not going to be installed
                      Depends: libwinpr3-3 (>= 3.0.0) but it is not going to be installed
E: Unmet dependencies. Try 'apt --fix-broken install' with no packages (or specify a solution).
E: The following information from --solver 3.0 may provide additional context:
   Unmet dependencies. Try 'apt --fix-broken install' with no packages (or specify a solution).
CLDS: * Disk size = 6625236K. Space Used = 8K. Runtime = 00:00:00:01.
