CLDS:>>>>>>>>> Running inst-std-system-gnome-disk-utility.sh ...
Reading package lists...
Building dependency tree...
Reading state information...
You might want to run 'apt --fix-broken install' to correct these.
The following packages have unmet dependencies:
 gnome-disk-utility : Depends: udisks2 (>= 2.7.6) but it is not going to be installed
                      Depends: dconf-gsettings-backend but it is not going to be installed or
                               gsettings-backend
                      Depends: libatk1.0-0t64 (>= 1.12.4) but it is not going to be installed
                      Depends: libcanberra-gtk3-0 (>= 0.25) but it is not going to be installed
                      Depends: libdvdread8t64 (>= 4.2.0) but it is not going to be installed
                      Depends: libgtk-3-0t64 (>= 3.21.5) but it is not going to be installed
                      Depends: libhandy-1-0 (>= 1.5.0) but it is not going to be installed
                      Depends: libnotify4 (>= 0.7.0) but it is not going to be installed
                      Depends: libpwquality1 (>= 1.1.0) but it is not going to be installed
                      Depends: libsecret-1-0 (>= 0.7) but it is not going to be installed
                      Depends: libudisks2-0 (>= 2.7.6) but it is not going to be installed
 microsoft-edge-stable : Depends: libatk-bridge2.0-0 (>= 2.5.3)
                         Depends: libatk1.0-0 (>= 2.11.90)
                         Depends: libatspi2.0-0 (>= 2.9.90)
                         Depends: libgtk-3-0 (>= 3.9.10) or
                                  libgtk-4-1 but it is not going to be installed
                         Depends: xdg-utils (>= 1.0.2) but it is not going to be installed
E: Unmet dependencies. Try 'apt --fix-broken install' with no packages (or specify a solution).
E: The following information from --solver 3.0 may provide additional context:
   Unmet dependencies. Try 'apt --fix-broken install' with no packages (or specify a solution).
CLDS: * Disk size = 6625124K. Space Used = 8K. Runtime = 00:00:00:01.
