CLDS:>>>>>>>>> Running inst-xtra-vboxguest-additions-x11.sh ...
Reading package lists...
Building dependency tree...
Reading state information...
The following NEW packages will be installed:
  libnotify-bin linux-headers-amd64
0 upgraded, 2 newly installed, 0 to remove and 1 not upgraded.
1 not fully installed or removed.
Need to get 12.8 kB/14.2 kB of archives.
After this operation, 59.4 kB of additional disk space will be used.
Get:1 http://localhost/aptly-repo/master_trixie-main trixie/main amd64 libnotify-bin amd64 0.8.6-1 [12.8 kB]
Fetched 12.8 kB in 0s (225 kB/s)
Download complete and in download only mode
Reading package lists...
Building dependency tree...
Reading state information...
dkms is already the newest version (3.2.2-1~deb13u1).
libc6-dev is already the newest version (2.41-12).
0 upgraded, 0 newly installed, 0 to remove and 1 not upgraded.
1 not fully installed or removed.
After this operation, 0 B of additional disk space will be used.
E: Can not write log (Is /dev/pts mounted?) - posix_openpt (2: No such file or directory)
Setting up google-cloud-cli (549.0.1-0) ...
Fatal Python error: _Py_HashRandomization_Init: failed to get random numbers to initialize Python
Python runtime state: preinitialized

dpkg: error processing package google-cloud-cli (--configure):
 installed google-cloud-cli package post-installation script subprocess returned error exit status 1
Processing triggers for libc-bin (2.41-12) ...
Errors were encountered while processing:
 google-cloud-cli
E: Sub-process /usr/bin/dpkg returned an error code (1)
CLDS: * Disk size = 10046368K. Space Used = 20K. Runtime = 00:00:00:02.
