# Don't put absolute path because chroot/ path is different.
#   Put relative path to scripts/
scripts/repository/inst-min-win-01-wm-jwm/inst-min-win-01-wm-jwm.sh
scripts/repository/inst-min-win-cld-dev-tools-pandoc/inst-min-win-cld-dev-tools-pandoc.sh
scripts/repository/inst-min-win-cld-win-split/inst-min-win-cld-win-split.sh
scripts/repository/inst-min-win-jwm-help-manuals-text/inst-min-win-jwm-help-manuals-text.sh
scripts/repository/inst-min-win-jwm-keys-alsa/inst-min-win-jwm-keys-alsa.sh
scripts/repository/inst-min-win-menu/inst-min-win-menu.sh
scripts/repository/inst-min-win-systray-volumeicon-alsa/inst-min-win-systray-volumeicon-alsa.sh
scripts/repository/inst-min-xtra-encoding-libtext-iconv-perl/inst-min-xtra-encoding-libtext-iconv-perl.sh
scripts/repository/inst-min-xtra-fonts-asian/inst-min-xtra-fonts-asian.sh
scripts/repository/inst-std-00-jwm/inst-std-00-jwm.sh
scripts/repository/inst-std-accessories-calc-speedcrunch/inst-std-accessories-calc-speedcrunch.sh
scripts/repository/inst-std-accessories-feh/inst-std-accessories-feh.sh
scripts/repository/inst-std-accessories-gpicview/inst-std-accessories-gpicview.sh
scripts/repository/inst-std-accessories-mupdf/inst-std-accessories-mupdf.sh
scripts/repository/inst-std-accessories-prtscr-gnome-screenshot/inst-std-accessories-prtscr-gnome-screenshot.sh
scripts/repository/inst-std-accessories-scite/inst-std-accessories-scite.sh
scripts/repository/inst-std-accessories-terminal-xfce/inst-std-accessories-terminal-xfce.sh
scripts/repository/inst-std-accessories-thunar/inst-std-accessories-thunar.sh
scripts/repository/inst-std-accessories-xarchiver/inst-std-accessories-xarchiver.sh
scripts/repository/inst-std-font-fonts-liberation/inst-std-font-fonts-liberation.sh
scripts/repository/inst-std-graphic-pinta/inst-std-graphic-pinta.sh
scripts/repository/inst-std-help-manuals-html/inst-std-help-manuals-html.sh
scripts/repository/inst-std-internet-iceweasel-bpo/inst-std-internet-iceweasel-bpo.sh
scripts/repository/inst-std-multimedia-mpv/inst-std-multimedia-mpv.sh
scripts/repository/inst-std-office-libreoffice-bpo/inst-std-office-libreoffice-bpo.sh
scripts/repository/inst-std-office-xtra-projectlibre/inst-std-office-xtra-projectlibre.sh
scripts/repository/inst-std-system-alsamixer/inst-std-system-alsamixer.sh
scripts/repository/inst-std-system-conky/inst-std-system-conky.sh
scripts/repository/inst-std-system-gnome-disk-utility/inst-std-system-gnome-disk-utility.sh
scripts/repository/inst-std-system-keyboard/inst-std-system-keyboard.sh
scripts/repository/inst-std-system-monitor-switcher-lxrandr/inst-std-system-monitor-switcher-lxrandr.sh
scripts/repository/inst-std-system-network-wicd/inst-std-system-network-wicd.sh
scripts/repository/inst-std-system-time-zone/inst-std-system-time-zone.sh
scripts/repository/inst-std-system-xtra-hardinfo/inst-std-system-xtra-hardinfo.sh
scripts/repository/inst-std-system-xtra-webcam-camorama/inst-std-system-xtra-webcam-camorama.sh
scripts/repository/inst-std-xtra-blender/inst-std-xtra-blender.sh
scripts/repository/inst-std-xtra-dia/inst-std-xtra-dia.sh
scripts/repository/inst-std-xtra-opw-drush8-phar/inst-std-xtra-opw-drush8-phar.sh
scripts/repository/inst-std-xtra-opw-php5-gd/inst-std-xtra-opw-php5-gd.sh
scripts/repository/inst-std-xtra-opw-php5-mysql/inst-std-xtra-opw-php5-mysql.sh
scripts/repository/inst-xtra-open-terminals-on-startup/inst-xtra-open-terminals-on-startup.sh
scripts/repository/inst-xtra-sqlite3/inst-xtra-sqlite3.sh
scripts/repository/inst-xtra-wifite/inst-xtra-wifite.sh
scripts/repository/inst-xtra-wine-diablo2/inst-xtra-wine-diablo2.sh
scripts/repository/inst-xtra-wine/inst-xtra-wine.sh
scripts/repository/inst-xtra-xmpv/inst-xtra-xmpv.sh
scripts/repository/inst-xtra-zfs/inst-xtra-zfs.sh
