# Don't put absolute path because chroot/ path is different.
#   Put relative path to scripts/
###inst-min-con-00-apt-custom-repository.sh
###inst-min-con-00-linux-image.sh
###inst-min-con-01-apt.sh
###inst-min-con-01-debconf-utils.sh
###inst-min-con-02-locale.sh
###inst-min-con-02-localepurge.sh
###inst-min-con-03-proxy.sh
###inst-min-con-03-startup-script.sh
###inst-min-con-04-block-services-start-postinstall.sh
###inst-min-con-auto-log-root.sh
###inst-min-con-bashrc.sh
###inst-min-con-cld-dev-tools-debootstrap.sh
###inst-min-con-cld-tools.sh
###inst-min-con-compressors.sh
###inst-min-con-deb-multimedia.sh
###inst-min-con-filesystem-exfat.sh
###inst-min-con-filesystem-ntfs-3g.sh
###inst-min-con-firmware-cpu.sh
###inst-min-con-firmware.sh
###inst-min-con-firmware-net-b43-installer.sh
###inst-min-con-live-build-tools.sh
###inst-min-con-mtp-00-libmtp9-bpo.sh
###inst-min-con-mtp-jmtpfs.sh
###inst-min-con-ntp.sh
###inst-min-con-numlock.sh
###inst-min-con-pciutils.sh
###inst-min-con-snd-alsa.sh
###inst-min-con-udevil-bpo.sh
###inst-min-con-xtra-buffer.sh
###inst-min-con-xtra-buffer-pv.sh
###inst-min-con-xtra-cld-dev-tools-aptly.sh
###inst-min-con-xtra-cld-dev-virtualbox-guest-additions.sh
###inst-min-con-xtra-curl.sh
###inst-min-con-xtra-dev-tool-java-jdk.sh
###inst-min-con-xtra-dev-tool-tree.sh
###inst-min-con-xtra-gnuplot.sh
###inst-min-con-xtra-imagemagick.sh
###inst-min-con-xtra-iso-iat.sh
###inst-min-con-xtra-java-jre.sh
###inst-min-con-xtra-locate.sh
###inst-min-con-xtra-macchanger.sh
###inst-min-con-xtra-mariadb-server.sh
###inst-min-con-xtra-mtran.sh
###inst-min-con-xtra-pdf-poppler-utils.sh
###inst-min-con-xtra-php5.sh
###inst-min-con-xtra-timezone.sh
###inst-min-win-00-xorg.sh
###inst-min-win-01-wm-jwm-bpo.sh
###inst-min-win-cld-dev-tools-pandoc.sh
###inst-min-win-cld-win-split.sh
###inst-min-win-jwm-help-manuals-text.sh
###inst-min-win-jwm-keys-alsa.sh
###inst-min-win-menu.sh
###inst-min-win-systray-volumeicon-alsa.sh
###inst-min-xtra-encoding-libtext-iconv-perl.sh
###inst-min-xtra-fonts-asian.sh
#2# inst-std-00-jwm.sh
#2# inst-std-accessories-calc-speedcrunch.sh
#2# inst-std-accessories-feh.sh
#2# inst-std-accessories-gpicview.sh
#2# inst-std-accessories-mupdf.sh
#2# inst-std-accessories-prtscr-gnome-screenshot.sh
#2# inst-std-accessories-scite.sh
#2# inst-std-accessories-terminal-xfce.sh
#2# inst-std-accessories-thunar.sh
#2# inst-std-accessories-xarchiver.sh
#2# inst-std-font-fonts-liberation.sh
#2# inst-std-graphic-pinta.sh
#2# inst-std-help-manuals-html.sh
#2# inst-std-internet-iceweasel-bpo.sh
#2# inst-std-multimedia-mpv.sh
#2# inst-std-office-libreoffice-bpo.sh
#2# inst-std-office-xtra-projectlibre.sh
#2# inst-std-system-alsamixer.sh
#2# inst-std-system-conky.sh
#2# inst-std-system-gnome-disk-utility.sh
#2# inst-std-system-keyboard.sh
#2# inst-std-system-monitor-switcher-lxrandr.sh
#2# inst-std-system-network-wicd.sh
#2# inst-std-system-time-zone.sh
#2# inst-std-system-xtra-hardinfo.sh
#2# inst-std-system-xtra-webcam-camorama.sh
#2# inst-std-xtra-blender.sh
#2# inst-std-xtra-dia.sh
#2# inst-std-xtra-opw-drush8-phar.sh
#2# inst-std-xtra-opw-php5-gd.sh
#2# inst-std-xtra-opw-php5-mysql.sh
#2# inst-std-xtra-sweethome3d5.sh
inst-xtra-dev-tools-ant.sh
inst-xtra-fuse.sh
inst-xtra-open-terminals-on-startup.sh
inst-xtra-sqlite3.sh
inst-xtra-wifite.sh
inst-xtra-xmpv.sh
inst-xtra-zfs.sh
