./inst-min-con-00-linux-image.sh
./inst-min-con-01-debconf-utils.sh
./inst-min-con-02-locale.sh
./inst-min-con-03-proxy.sh
./inst-min-con-03-startup-script.sh
./inst-min-con-auto-log-root.sh
./inst-min-con-bashrc.sh
./inst-min-con-compressors.sh
./inst-min-con-deb-multimedia.sh
./inst-min-con-filesystem-ntfs-3g.sh
./inst-min-con-firmware-cpu.sh
./inst-min-con-firmware.sh
./inst-min-con-live-build-tools.sh
./inst-min-con-numlock.sh
./inst-min-con-pciutils.sh
./inst-min-con-snd-alsa.sh
./inst-min-con-snd-pulseaudio.sh
./inst-min-con-udevil.sh
./inst-min-win-00-xorg.sh
./inst-min-win-01-wm-jwm.sh
./inst-min-win-menu.sh
./inst-min-win-systray-volumeicon-alsa.sh
./inst-min-xtra-fonts-asian.sh
./inst-min-xtra-java-jre.sh
./inst-min-xtra-locate.sh
./inst-min-xtra-timezone.sh
./inst-std-accessories-galculator.sh
./inst-std-accessories-geeqie.sh
./inst-std-accessories-gpicview.sh
./inst-std-accessories-mupdf.sh
./inst-std-accessories-prtscr-gnome-screenshot.sh
./inst-std-accessories-scite.sh
./inst-std-accessories-terminal-xfce.sh
./inst-std-accessories-thunar.sh
./inst-std-accessories-xarchiver.sh
./inst-std-graphic-pinta.sh
./inst-std-internet-iceweseal.sh
./inst-std-multimedia-mpv.sh
./inst-std-office-libreoffice.sh
./inst-std-system-conky.sh
./inst-std-system-disk-manager.sh
./inst-std-system-gnome-disk-utility.sh
./inst-std-system-gparted.sh
./inst-std-system-keyboard.sh
./inst-std-system-network-wicd.sh
./inst-std-system-pavucontrol.sh
./inst-std-system-time-zone.sh
./inst-xtra-dev-tools.sh
./inst-xtra-fuse.sh
./inst-xtra-i3lock.sh
./inst-xtra-open-terminals-on-startup.sh
./inst-xtra-sqlite.sh
./inst-xtra-virtualbox-guest-from-scratch.sh
./inst-xtra-wifite.sh
./inst-xtra-zfs.sh
./inst-zclean-00-zerosizing-docs.sh
./inst-zclean-99-end-cleanup.sh
