CLDS:>>>>>>>>> Running inst-xtra-vmware-tools.sh ...
Reading package lists...
Building dependency tree...
Reading state information...
You might want to run 'apt --fix-broken install' to correct these.
The following packages have unmet dependencies:
 microsoft-edge-stable : Depends: libatk-bridge2.0-0 (>= 2.5.3)
                         Depends: libatk1.0-0 (>= 2.11.90)
                         Depends: libatspi2.0-0 (>= 2.9.90)
                         Depends: libgtk-3-0 (>= 3.9.10) or
                                  libgtk-4-1 but it is not going to be installed
                         Depends: xdg-utils (>= 1.0.2) but it is not going to be installed
 open-vm-tools : Depends: libmspack0t64 (>= 0.4) but it is not going to be installed
                 Depends: libxmlsec1t64 (>= 1.2.31) but it is not going to be installed
                 Depends: libxmlsec1t64-openssl (>= 1.2.31) but it is not going to be installed
                 Depends: lsb-release but it is not going to be installed
 open-vm-tools-desktop : Depends: libatkmm-1.6-1v5 (>= 2.28.4) but it is not going to be installed
                         Depends: libcairomm-1.0-1v5 (>= 1.14.5) but it is not going to be installed
                         Depends: libglibmm-2.4-1t64 (>= 2.66.8) but it is not going to be installed
                         Depends: libgtk-3-0t64 (>= 3.19.12) but it is not going to be installed
                         Depends: libgtkmm-3.0-1t64 (>= 3.24.10) but it is not going to be installed
                         Depends: libsigc++-2.0-0v5 (>= 2.8.0) but it is not going to be installed
E: Unmet dependencies. Try 'apt --fix-broken install' with no packages (or specify a solution).
E: The following information from --solver 3.0 may provide additional context:
   Unmet dependencies. Try 'apt --fix-broken install' with no packages (or specify a solution).
CLDS: * Disk size = 6725700K. Space Used = 4K. Runtime = 00:00:00:01.
