CLDS:>>>>>>>>> Running inst-std-inet-xtra-transmission-gtk-fixD13-libevent-extra-2.1-7t64.sh ...
Reading package lists...
Building dependency tree...
Reading state information...
The following NEW packages will be installed:
  libevent-extra-2.1-7t64
0 upgraded, 1 newly installed, 0 to remove and 2 not upgraded.
Inst libevent-extra-2.1-7t64 (2.1.12-stable-10+b1 master_trixie-main trixie:trixie [amd64])
Conf libevent-extra-2.1-7t64 (2.1.12-stable-10+b1 master_trixie-main trixie:trixie [amd64])
W: Target Packages (main/binary-amd64/Packages) is configured multiple times in /etc/apt/sources.list:1 and /etc/apt/sources.list:10
W: Target Packages (main/binary-all/Packages) is configured multiple times in /etc/apt/sources.list:1 and /etc/apt/sources.list:10
W: Target Translations (main/i18n/Translation-en_US) is configured multiple times in /etc/apt/sources.list:1 and /etc/apt/sources.list:10
W: Target Translations (main/i18n/Translation-en) is configured multiple times in /etc/apt/sources.list:1 and /etc/apt/sources.list:10
CLDS: * Install libevent-extra-2.1-7t64.
CLDS: * 2026-03-05: Added for Trixie Backport.
<<<<<<< HEAD
CLDS: * Disk size = 7608244K. Space Used = 12K. Runtime = 00:00:00:02.
=======
CLDS: * Disk size = 7477024K. Space Used = 4K. Runtime = 00:00:00:02.
>>>>>>> b2d39e37abcd21b71949d917a66fcde6fcb00aca
