CLDS:>>>>>>>>> Running inst-xtra-vboxguest-additions-iso-fix-dctrl-tools.sh ...
Reading package lists...
Building dependency tree...
Reading state information...
Suggested packages:
  debtags
The following NEW packages will be installed:
  dctrl-tools
0 upgraded, 1 newly installed, 0 to remove and 2 not upgraded.
Inst dctrl-tools (2.24-3+b1 master_trixie-main trixie:trixie [amd64])
Conf dctrl-tools (2.24-3+b1 master_trixie-main trixie:trixie [amd64])
CLDS: * 2021-05-01: From dkms (2.8.4-3~bpo10+1), it needs dctrl-tools.
<<<<<<< HEAD
CLDS: * Disk size = 9180884K. Space Used = 8K. Runtime = 00:00:00:01.
=======
<<<<<<< HEAD
CLDS: * Disk size = 9247588K. Space Used = 4K. Runtime = 00:00:00:01.
=======
CLDS: * Disk size = 9180376K. Space Used = 4K. Runtime = 00:00:00:01.
>>>>>>> e86c73ecab752097c6b71fd38c354e9f1db8d339
>>>>>>> 6b3875cd8db8f403c0c4deaf983fdb2f4efd948e
