CLDS:>>>>>>>>> Running inst-xtra-wifite.sh ...
Reading package lists...
Building dependency tree...
Reading state information...
Suggested packages:
  mmdb-bin
The following NEW packages will be installed:
  libmaxminddb0
0 upgraded, 1 newly installed, 0 to remove and 1 not upgraded.
1 not fully installed or removed.
Inst libmaxminddb0 (1.12.2-1 master_trixie-main trixie:trixie [amd64])
Conf libmaxminddb0 (1.12.2-1 master_trixie-main trixie:trixie [amd64])
Conf google-cloud-cli (549.0.1-0 master_google-cloud-main cloud-sdk:cloud-sdk, cloud-sdk:cloud-sdk [amd64])
info: Trying to set 'wireshark-common/install-setuid' [boolean] to 'true'
info: Loading answer for 'wireshark-common/install-setuid'
Reading package lists...
Building dependency tree...
Reading state information...
The following additional packages will be installed:
  libbcg729-0 libmaxminddb0 libsmi2t64 libspeexdsp1 libwireshark-data
  libwireshark18 libwiretap15 libwsutil16 wireshark-common
Suggested packages:
  mmdb-bin snmp-mibs-downloader geoipupdate geoip-database
  geoip-database-extra libjs-leaflet libjs-leaflet.markercluster wireshark-doc
The following NEW packages will be installed:
  libbcg729-0 libmaxminddb0 libsmi2t64 libspeexdsp1 libwireshark-data
  libwireshark18 libwiretap15 libwsutil16 tshark wireshark-common
0 upgraded, 10 newly installed, 0 to remove and 1 not upgraded.
1 not fully installed or removed.
Need to get 23.0 MB of archives.
After this operation, 140 MB of additional disk space will be used.
Get:1 http://localhost/aptly-repo/master_trixie-main trixie/main amd64 libbcg729-0 amd64 1.1.1-3 [35.4 kB]
Get:2 http://localhost/aptly-repo/master_trixie-main trixie/main amd64 libmaxminddb0 amd64 1.12.2-1 [25.8 kB]
Get:3 http://localhost/aptly-repo/master_trixie-main trixie/main amd64 libsmi2t64 amd64 0.4.8+dfsg2-17+b1 [121 kB]
Get:4 http://localhost/aptly-repo/master_trixie-main trixie/main amd64 libspeexdsp1 amd64 1.2.1-3 [42.9 kB]
Get:5 http://localhost/aptly-repo/master_trixie-main trixie/main amd64 libwireshark-data all 4.4.7-1 [451 kB]
Get:6 http://localhost/aptly-repo/master_trixie-main trixie/main amd64 libwsutil16 amd64 4.4.7-1 [129 kB]
Get:7 http://localhost/aptly-repo/master_trixie-main trixie/main amd64 libwiretap15 amd64 4.4.7-1 [269 kB]
Get:8 http://localhost/aptly-repo/master_trixie-main trixie/main amd64 libwireshark18 amd64 4.4.7-1 [21.1 MB]
Get:9 http://localhost/aptly-repo/master_trixie-main trixie/main amd64 wireshark-common amd64 4.4.7-1 [600 kB]
Get:10 http://localhost/aptly-repo/master_trixie-main trixie/main amd64 tshark amd64 4.4.7-1 [177 kB]
dpkg-preconfigure: unable to re-open stdin: No such file or directory
Fetched 23.0 MB in 0s (131 MB/s)
E: Can not write log (Is /dev/pts mounted?) - posix_openpt (2: No such file or directory)
Selecting previously unselected package libbcg729-0:amd64.
(Reading database ... 179070 files and directories currently installed.)
Preparing to unpack .../0-libbcg729-0_1.1.1-3_amd64.deb ...
Unpacking libbcg729-0:amd64 (1.1.1-3) ...
Selecting previously unselected package libmaxminddb0:amd64.
Preparing to unpack .../1-libmaxminddb0_1.12.2-1_amd64.deb ...
Unpacking libmaxminddb0:amd64 (1.12.2-1) ...
Selecting previously unselected package libsmi2t64:amd64.
Preparing to unpack .../2-libsmi2t64_0.4.8+dfsg2-17+b1_amd64.deb ...
Unpacking libsmi2t64:amd64 (0.4.8+dfsg2-17+b1) ...
Selecting previously unselected package libspeexdsp1:amd64.
Preparing to unpack .../3-libspeexdsp1_1.2.1-3_amd64.deb ...
Unpacking libspeexdsp1:amd64 (1.2.1-3) ...
Selecting previously unselected package libwireshark-data.
Preparing to unpack .../4-libwireshark-data_4.4.7-1_all.deb ...
Unpacking libwireshark-data (4.4.7-1) ...
Selecting previously unselected package libwsutil16:amd64.
Preparing to unpack .../5-libwsutil16_4.4.7-1_amd64.deb ...
Unpacking libwsutil16:amd64 (4.4.7-1) ...
Selecting previously unselected package libwiretap15:amd64.
Preparing to unpack .../6-libwiretap15_4.4.7-1_amd64.deb ...
Unpacking libwiretap15:amd64 (4.4.7-1) ...
Selecting previously unselected package libwireshark18:amd64.
Preparing to unpack .../7-libwireshark18_4.4.7-1_amd64.deb ...
Unpacking libwireshark18:amd64 (4.4.7-1) ...
Selecting previously unselected package wireshark-common.
Preparing to unpack .../8-wireshark-common_4.4.7-1_amd64.deb ...
Unpacking wireshark-common (4.4.7-1) ...
Selecting previously unselected package tshark.
Preparing to unpack .../9-tshark_4.4.7-1_amd64.deb ...
Unpacking tshark (4.4.7-1) ...
Setting up libsmi2t64:amd64 (0.4.8+dfsg2-17+b1) ...
Setting up libbcg729-0:amd64 (1.1.1-3) ...
Setting up libmaxminddb0:amd64 (1.12.2-1) ...
Setting up google-cloud-cli (549.0.1-0) ...
Fatal Python error: _Py_HashRandomization_Init: failed to get random numbers to initialize Python
Python runtime state: preinitialized

dpkg: error processing package google-cloud-cli (--configure):
 installed google-cloud-cli package post-installation script subprocess returned error exit status 1
Setting up libwireshark-data (4.4.7-1) ...
Setting up libspeexdsp1:amd64 (1.2.1-3) ...
Setting up libwsutil16:amd64 (4.4.7-1) ...
Setting up libwiretap15:amd64 (4.4.7-1) ...
Setting up libwireshark18:amd64 (4.4.7-1) ...
Setting up wireshark-common (4.4.7-1) ...
Setting up tshark (4.4.7-1) ...
Processing triggers for hicolor-icon-theme (0.18-2) ...
Processing triggers for libc-bin (2.41-12) ...
Processing triggers for shared-mime-info (2.4-5+b2) ...
Errors were encountered while processing:
 google-cloud-cli
E: Sub-process /usr/bin/dpkg returned an error code (1)
CLDS: * Disk size = 10303620K. Space Used = 160220K. Runtime = 00:00:00:04.
