CLDS:>>>>>>>>> Running inst-std-graphic-xtra-gnuplot-x11.sh ...
Reading package lists...
Building dependency tree...
Reading state information...
The following additional packages will be installed:
  libpcre2-32-0 libwxbase3.2-1t64 libwxgtk3.2-1t64
Suggested packages:
  gnuplot-doc
The following packages will be REMOVED:
  gnuplot-nox
The following NEW packages will be installed:
  gnuplot-x11 libpcre2-32-0 libwxbase3.2-1t64 libwxgtk3.2-1t64
0 upgraded, 4 newly installed, 1 to remove and 0 not upgraded.
1 not fully installed or removed.
Need to get 7,068 kB of archives.
After this operation, 24.3 MB of additional disk space will be used.
Get:1 http://localhost/aptly-repo/master_trixie-main trixie/main amd64 libpcre2-32-0 amd64 10.46-1~deb13u1 [268 kB]
Get:2 http://localhost/aptly-repo/master_trixie-main trixie/main amd64 libwxbase3.2-1t64 amd64 3.2.8+dfsg-2 [1,041 kB]
Get:3 http://localhost/aptly-repo/master_trixie-main trixie/main amd64 libwxgtk3.2-1t64 amd64 3.2.8+dfsg-2 [4,692 kB]
Get:4 http://localhost/aptly-repo/master_trixie-main trixie/main amd64 gnuplot-x11 amd64 6.0.2+dfsg1-1 [1,066 kB]
dpkg-preconfigure: unable to re-open stdin: No such file or directory
Fetched 7,068 kB in 0s (43.9 MB/s)
E: Can not write log (Is /dev/pts mounted?) - posix_openpt (2: No such file or directory)
(Reading database ... 136010 files and directories currently installed.)
Removing gnuplot-nox (6.0.2+dfsg1-1) ...
Selecting previously unselected package libpcre2-32-0:amd64.
(Reading database ... 136004 files and directories currently installed.)
Preparing to unpack .../libpcre2-32-0_10.46-1~deb13u1_amd64.deb ...
Unpacking libpcre2-32-0:amd64 (10.46-1~deb13u1) ...
Selecting previously unselected package libwxbase3.2-1t64:amd64.
Preparing to unpack .../libwxbase3.2-1t64_3.2.8+dfsg-2_amd64.deb ...
Unpacking libwxbase3.2-1t64:amd64 (3.2.8+dfsg-2) ...
Selecting previously unselected package libwxgtk3.2-1t64:amd64.
Preparing to unpack .../libwxgtk3.2-1t64_3.2.8+dfsg-2_amd64.deb ...
Unpacking libwxgtk3.2-1t64:amd64 (3.2.8+dfsg-2) ...
Selecting previously unselected package gnuplot-x11.
Preparing to unpack .../gnuplot-x11_6.0.2+dfsg1-1_amd64.deb ...
Unpacking gnuplot-x11 (6.0.2+dfsg1-1) ...
Setting up libpcre2-32-0:amd64 (10.46-1~deb13u1) ...
Setting up google-cloud-cli (549.0.1-0) ...
Fatal Python error: _Py_HashRandomization_Init: failed to get random numbers to initialize Python
Python runtime state: preinitialized

dpkg: error processing package google-cloud-cli (--configure):
 installed google-cloud-cli package post-installation script subprocess returned error exit status 1
Setting up libwxbase3.2-1t64:amd64 (3.2.8+dfsg-2) ...
Setting up libwxgtk3.2-1t64:amd64 (3.2.8+dfsg-2) ...
Setting up gnuplot-x11 (6.0.2+dfsg1-1) ...
update-alternatives: using /usr/bin/gnuplot-x11 to provide /usr/bin/gnuplot (gnuplot) in auto mode
Processing triggers for libc-bin (2.41-12) ...
Errors were encountered while processing:
 google-cloud-cli
E: Sub-process /usr/bin/dpkg returned an error code (1)
CLDS: * Disk size = 5986780K. Space Used = 30736K. Runtime = 00:00:00:02.
