CLDS:>>>>>>>>> Running inst-std-multimedia-mpv-fix.sh ...
Reading package lists...
Building dependency tree...
Reading state information...
The following NEW packages will be installed:
  libdovi3
0 upgraded, 1 newly installed, 0 to remove and 2 not upgraded.
Inst libdovi3 (3.3.1-2+b1 master_trixie-main trixie:trixie [amd64])
Conf libdovi3 (3.3.1-2+b1 master_trixie-main trixie:trixie [amd64])
Reading package lists...
Building dependency tree...
Reading state information...
The following additional packages will be installed:
  libleptonica6
The following NEW packages will be installed:
  libleptonica6 libtesseract5
0 upgraded, 2 newly installed, 0 to remove and 2 not upgraded.
Inst libleptonica6 (1.84.1-4 master_trixie-main trixie:trixie [amd64])
Inst libtesseract5 (5.5.0-1+b1 master_trixie-main trixie:trixie [amd64])
Conf libleptonica6 (1.84.1-4 master_trixie-main trixie:trixie [amd64])
Conf libtesseract5 (5.5.0-1+b1 master_trixie-main trixie:trixie [amd64])
CLDS: * 2024-02-20: Bookworm: Dependent packages are still required.
CLDS: * 2022-12-14: Bullseye: libdjvulibre21_3.5.28-2_amd64.deb  404  Not Found [IP: ::1 80].
CLDS: * Disk size = 7020836K. Space Used = 4K. Runtime = 00:00:00:02.
